Archive member included to satisfy reference by file (symbol)

../../../../../lib/ksdk_platform_lib/armgcc/KL46Z4/release/libksdk_platform.a(fsl_os_abstraction_bm.c.obj)
                              CMakeFiles/i2c.dir/home/laurie/RTES/KSDK_1.3.0/examples/frdmkl46z/demo_apps/i2c/main.c.obj (OSA_TimeDelay)
../../../../../lib/ksdk_platform_lib/armgcc/KL46Z4/release/libksdk_platform.a(fsl_clock_manager.c.obj)
                              CMakeFiles/i2c.dir/home/laurie/RTES/KSDK_1.3.0/examples/frdmkl46z/board.c.obj (CLOCK_SYS_BootToPee)
../../../../../lib/ksdk_platform_lib/armgcc/KL46Z4/release/libksdk_platform.a(fsl_clock_manager_common.c.obj)
                              ../../../../../lib/ksdk_platform_lib/armgcc/KL46Z4/release/libksdk_platform.a(fsl_clock_manager.c.obj) (g_oscBase)
../../../../../lib/ksdk_platform_lib/armgcc/KL46Z4/release/libksdk_platform.a(fsl_clock_MKL46Z4.c.obj)
                              CMakeFiles/i2c.dir/home/laurie/RTES/KSDK_1.3.0/examples/frdmkl46z/board.c.obj (CLOCK_SYS_SetSimConfigration)
../../../../../lib/ksdk_platform_lib/armgcc/KL46Z4/release/libksdk_platform.a(fsl_interrupt_manager.c.obj)
                              ../../../../../lib/ksdk_platform_lib/armgcc/KL46Z4/release/libksdk_platform.a(fsl_os_abstraction_bm.c.obj) (INT_SYS_InstallHandler)
../../../../../lib/ksdk_platform_lib/armgcc/KL46Z4/release/libksdk_platform.a(fsl_lpsci_hal.c.obj)
                              CMakeFiles/i2c.dir/home/laurie/RTES/KSDK_1.3.0/platform/utilities/src/fsl_debug_console.c.obj (LPSCI_HAL_SetBaudRate)
../../../../../lib/ksdk_platform_lib/armgcc/KL46Z4/release/libksdk_platform.a(fsl_lptmr_hal.c.obj)
                              ../../../../../lib/ksdk_platform_lib/armgcc/KL46Z4/release/libksdk_platform.a(fsl_os_abstraction_bm.c.obj) (LPTMR_HAL_SetTimerWorkingMode)
../../../../../lib/ksdk_platform_lib/armgcc/KL46Z4/release/libksdk_platform.a(fsl_mcg_hal.c.obj)
                              ../../../../../lib/ksdk_platform_lib/armgcc/KL46Z4/release/libksdk_platform.a(fsl_clock_manager.c.obj) (CLOCK_HAL_PrepareOsc)
../../../../../lib/ksdk_platform_lib/armgcc/KL46Z4/release/libksdk_platform.a(fsl_mcg_hal_modes.c.obj)
                              ../../../../../lib/ksdk_platform_lib/armgcc/KL46Z4/release/libksdk_platform.a(fsl_clock_manager.c.obj) (CLOCK_HAL_GetMcgMode)
../../../../../lib/ksdk_platform_lib/armgcc/KL46Z4/release/libksdk_platform.a(fsl_osc_hal.c.obj)
                              ../../../../../lib/ksdk_platform_lib/armgcc/KL46Z4/release/libksdk_platform.a(fsl_clock_manager.c.obj) (OSC_HAL_SetCapacitor)
../../../../../lib/ksdk_platform_lib/armgcc/KL46Z4/release/libksdk_platform.a(fsl_sim_hal_MKL46Z4.c.obj)
                              ../../../../../lib/ksdk_platform_lib/armgcc/KL46Z4/release/libksdk_platform.a(fsl_clock_MKL46Z4.c.obj) (CLOCK_HAL_SetOutDiv)
../../../../../lib/ksdk_platform_lib/armgcc/KL46Z4/release/libksdk_platform.a(fsl_uart_hal.c.obj)
                              CMakeFiles/i2c.dir/home/laurie/RTES/KSDK_1.3.0/platform/utilities/src/fsl_debug_console.c.obj (UART_HAL_SetBaudRate)
/home/laurie/gcc-arm/bin/../lib/gcc/arm-none-eabi/5.4.1/../../../../arm-none-eabi/lib/armv6-m/libc_nano.a(lib_a-calloc.o)
                              ../../../../../lib/ksdk_platform_lib/armgcc/KL46Z4/release/libksdk_platform.a(fsl_os_abstraction_bm.c.obj) (calloc)
/home/laurie/gcc-arm/bin/../lib/gcc/arm-none-eabi/5.4.1/../../../../arm-none-eabi/lib/armv6-m/libc_nano.a(lib_a-errno.o)
                              CMakeFiles/i2c.dir/home/laurie/RTES/KSDK_1.3.0/platform/utilities/src/fsl_misc_utilities.c.obj (__errno)
/home/laurie/gcc-arm/bin/../lib/gcc/arm-none-eabi/5.4.1/../../../../arm-none-eabi/lib/armv6-m/libc_nano.a(lib_a-exit.o)
                              /home/laurie/gcc-arm/bin/../lib/gcc/arm-none-eabi/5.4.1/../../../../arm-none-eabi/lib/armv6-m/crt0.o (exit)
/home/laurie/gcc-arm/bin/../lib/gcc/arm-none-eabi/5.4.1/../../../../arm-none-eabi/lib/armv6-m/libc_nano.a(lib_a-impure.o)
                              /home/laurie/gcc-arm/bin/../lib/gcc/arm-none-eabi/5.4.1/../../../../arm-none-eabi/lib/armv6-m/libc_nano.a(lib_a-exit.o) (_global_impure_ptr)
/home/laurie/gcc-arm/bin/../lib/gcc/arm-none-eabi/5.4.1/../../../../arm-none-eabi/lib/armv6-m/libc_nano.a(lib_a-init.o)
                              /home/laurie/gcc-arm/bin/../lib/gcc/arm-none-eabi/5.4.1/../../../../arm-none-eabi/lib/armv6-m/crt0.o (__libc_init_array)
/home/laurie/gcc-arm/bin/../lib/gcc/arm-none-eabi/5.4.1/../../../../arm-none-eabi/lib/armv6-m/libc_nano.a(lib_a-malloc.o)
                              ../../../../../lib/ksdk_platform_lib/armgcc/KL46Z4/release/libksdk_platform.a(fsl_os_abstraction_bm.c.obj) (malloc)
/home/laurie/gcc-arm/bin/../lib/gcc/arm-none-eabi/5.4.1/../../../../arm-none-eabi/lib/armv6-m/libc_nano.a(lib_a-memset.o)
                              /home/laurie/gcc-arm/bin/../lib/gcc/arm-none-eabi/5.4.1/../../../../arm-none-eabi/lib/armv6-m/crt0.o (memset)
[...]
Memory Configuration

Name             Origin             Length             Attributes
m_interrupts     0x00000000         0x00000100         xr
m_flash_config   0x00000400         0x00000010         xr
m_text           0x00000410         0x0003fbf0         xr
m_data           0x1fffe000         0x00008000         rw
*default*        0x00000000         0xffffffff

Linker script and memory map

LOAD /home/laurie/gcc-arm/bin/../lib/gcc/arm-none-eabi/5.4.1/armv6-m/crti.o
LOAD /home/laurie/gcc-arm/bin/../lib/gcc/arm-none-eabi/5.4.1/armv6-m/crtbegin.o
LOAD /home/laurie/gcc-arm/bin/../lib/gcc/arm-none-eabi/5.4.1/../../../../arm-none-eabi/lib/armv6-m/crt0.o
LOAD /home/laurie/gcc-arm/bin/../lib/gcc/arm-none-eabi/5.4.1/../../../../arm-none-eabi/lib/armv6-m/libm.a
                0x00002000                __stack_size__ = 0x2000
                0x00002000                __heap_size__ = 0x2000
LOAD CMakeFiles/i2c.dir/home/laurie/RTES/KSDK_1.3.0/platform/utilities/src/fsl_misc_utilities.c.obj
LOAD CMakeFiles/i2c.dir/home/laurie/RTES/KSDK_1.3.0/platform/devices/MKL46Z4/startup/gcc/startup_MKL46Z4.S.obj
LOAD CMakeFiles/i2c.dir/home/laurie/RTES/KSDK_1.3.0/examples/frdmkl46z/demo_apps/i2c/main.c.obj
LOAD CMakeFiles/i2c.dir/home/laurie/RTES/KSDK_1.3.0/examples/frdmkl46z/demo_apps/i2c/accel_i2c.c.obj
LOAD CMakeFiles/i2c.dir/home/laurie/RTES/KSDK_1.3.0/examples/frdmkl46z/demo_apps/i2c/touch.c.obj
LOAD CMakeFiles/i2c.dir/home/laurie/RTES/KSDK_1.3.0/examples/frdmkl46z/gpio_pins.c.obj
LOAD CMakeFiles/i2c.dir/home/laurie/RTES/KSDK_1.3.0/examples/frdmkl46z/pin_mux.c.obj
LOAD CMakeFiles/i2c.dir/home/laurie/RTES/KSDK_1.3.0/examples/frdmkl46z/board.c.obj
LOAD CMakeFiles/i2c.dir/home/laurie/RTES/KSDK_1.3.0/platform/utilities/src/fsl_debug_console.c.obj
LOAD CMakeFiles/i2c.dir/home/laurie/RTES/KSDK_1.3.0/platform/utilities/src/print_scan.c.obj
LOAD CMakeFiles/i2c.dir/home/laurie/RTES/KSDK_1.3.0/platform/devices/MKL46Z4/startup/system_MKL46Z4.c.obj
LOAD CMakeFiles/i2c.dir/home/laurie/RTES/KSDK_1.3.0/platform/devices/startup.c.obj
START GROUP
LOAD ../../../../../lib/ksdk_platform_lib/armgcc/KL46Z4/release/libksdk_platform.a
LOAD /home/laurie/gcc-arm/bin/../lib/gcc/arm-none-eabi/5.4.1/../../../../arm-none-eabi/lib/armv6-m/libm.a
LOAD /home/laurie/gcc-arm/bin/../lib/gcc/arm-none-eabi/5.4.1/../../../../arm-none-eabi/lib/armv6-m/libc_nano.a
LOAD /home/laurie/gcc-arm/bin/../lib/gcc/arm-none-eabi/5.4.1/armv6-m/libgcc.a
LOAD /home/laurie/gcc-arm/bin/../lib/gcc/arm-none-eabi/5.4.1/../../../../arm-none-eabi/lib/armv6-m/libnosys.a
END GROUP
START GROUP
LOAD /home/laurie/gcc-arm/bin/../lib/gcc/arm-none-eabi/5.4.1/armv6-m/libgcc.a
LOAD /home/laurie/gcc-arm/bin/../lib/gcc/arm-none-eabi/5.4.1/../../../../arm-none-eabi/lib/armv6-m/libc_nano.a
END GROUP
START GROUP
LOAD /home/laurie/gcc-arm/bin/../lib/gcc/arm-none-eabi/5.4.1/armv6-m/libgcc.a
LOAD /home/laurie/gcc-arm/bin/../lib/gcc/arm-none-eabi/5.4.1/../../../../arm-none-eabi/lib/armv6-m/libc_nano.a
END GROUP
LOAD /home/laurie/gcc-arm/bin/../lib/gcc/arm-none-eabi/5.4.1/armv6-m/crtend.o
LOAD /home/laurie/gcc-arm/bin/../lib/gcc/arm-none-eabi/5.4.1/armv6-m/crtn.o
                0x00000400                HEAP_SIZE = DEFINED (__heap_size__)?__heap_size__:0x400
                0x00000400                STACK_SIZE = DEFINED (__stack_size__)?__stack_size__:0x400
                0x00000000                M_VECTOR_RAM_SIZE = DEFINED (__ram_vector_table__)?0x100:0x0

.interrupts     0x00000000       0xc0
                0x00000000                __VECTOR_TABLE = .
                0x00000000                . = ALIGN (0x4)
 *(.isr_vector)
 .isr_vector    0x00000000       0xc0 CMakeFiles/i2c.dir/home/laurie/RTES/KSDK_1.3.0/platform/devices/MKL46Z4/startup/gcc/startup_MKL46Z4.S.obj
                0x00000000                __isr_vector
                0x000000c0                . = ALIGN (0x4)

.flash_config   0x00000400       0x10
                0x00000400                . = ALIGN (0x4)
 *(.FlashConfig)
 .FlashConfig   0x00000400       0x10 CMakeFiles/i2c.dir/home/laurie/RTES/KSDK_1.3.0/platform/devices/MKL46Z4/startup/gcc/startup_MKL46Z4.S.obj
                0x00000410                . = ALIGN (0x4)

.text           0x00000410     0x170c
                0x00000410                . = ALIGN (0x4)
 *(.text)
 .text          0x00000410       0x60 /home/laurie/gcc-arm/bin/../lib/gcc/arm-none-eabi/5.4.1/armv6-m/crtbegin.o
 .text          0x00000470       0x78 /home/laurie/gcc-arm/bin/../lib/gcc/arm-none-eabi/5.4.1/../../../../arm-none-eabi/lib/armv6-m/crt0.o
                0x00000470                _mainCRTStartup
                0x00000470                _start
 .text          0x000004e8       0x18 CMakeFiles/i2c.dir/home/laurie/RTES/KSDK_1.3.0/platform/devices/MKL46Z4/startup/gcc/startup_MKL46Z4.S.obj
                0x000004e8                Reset_Handler
                0x000004f8                I2C0_IRQHandler
                0x000004f8                HardFault_Handler
                0x000004f8                SysTick_Handler
                0x000004f8                PendSV_Handler
                0x000004f8                NMI_Handler
                0x000004f8                PORTC_PORTD_IRQHandler
                0x000004f8                I2C1_IRQHandler
                0x000004f8                UART1_IRQHandler
                0x000004f8                DMA2_IRQHandler
                0x000004f8                TPM0_IRQHandler
                0x000004f8                I2S0_IRQHandler
                0x000004f8                LLWU_IRQHandler
                0x000004f8                TSI0_IRQHandler
                0x000004f8                UART0_IRQHandler
                0x000004f8                ADC0_IRQHandler
                0x000004f8                SPI1_IRQHandler
                0x000004f8                DefaultISR
                0x000004f8                TPM2_IRQHandler
                0x000004f8                RTC_IRQHandler
                0x000004f8                LCD_IRQHandler
                0x000004f8                RTC_Seconds_IRQHandler
                0x000004f8                MCG_IRQHandler
                0x000004f8                UART2_IRQHandler
                0x000004f8                Reserved20_IRQHandler
                0x000004f8                USB0_IRQHandler
                0x000004f8                PIT_IRQHandler
                0x000004f8                SVC_Handler
                0x000004f8                DMA3_IRQHandler
                0x000004f8                DMA0_IRQHandler
                0x000004f8                DAC0_IRQHandler
                0x000004f8                TPM1_IRQHandler
                0x000004f8                LVD_LVW_IRQHandler
                0x000004f8                SPI0_IRQHandler
                0x000004f8                PORTA_IRQHandler
                0x000004f8                FTFA_IRQHandler
                0x000004f8                LPTMR0_IRQHandler
                0x000004f8                CMP0_IRQHandler
                0x000004f8                DMA1_IRQHandler
 .text          0x00000500        0xe /home/laurie/gcc-arm/bin/../lib/gcc/arm-none-eabi/5.4.1/../../../../arm-none-eabi/lib/armv6-m/libc_nano.a(lib_a-strlen.o)
                0x00000500                strlen
 *fill*         0x0000050e        0x2 
 .text          0x00000510       0x14 /home/laurie/gcc-arm/bin/../lib/gcc/arm-none-eabi/5.4.1/armv6-m/libgcc.a(_thumb1_case_uqi.o)
                0x00000510                __gnu_thumb1_case_uqi
 .text          0x00000524       0x14 /home/laurie/gcc-arm/bin/../lib/gcc/arm-none-eabi/5.4.1/armv6-m/libgcc.a(_thumb1_case_uhi.o)
                0x00000524                __gnu_thumb1_case_uhi
 .text          0x00000538      0x114 /home/laurie/gcc-arm/bin/../lib/gcc/arm-none-eabi/5.4.1/armv6-m/libgcc.a(_udivsi3.o)
                0x00000538                __udivsi3
                0x00000538                __aeabi_uidiv
                0x00000644                __aeabi_uidivmod
 .text          0x0000064c      0x1d4 /home/laurie/gcc-arm/bin/../lib/gcc/arm-none-eabi/5.4.1/armv6-m/libgcc.a(_divsi3.o)
                0x0000064c                __aeabi_idiv
                0x0000064c                __divsi3
                0x00000818                __aeabi_idivmod
 .text          0x00000820        0x4 /home/laurie/gcc-arm/bin/../lib/gcc/arm-none-eabi/5.4.1/armv6-m/libgcc.a(_dvmd_tls.o)
                0x00000820                __aeabi_ldiv0
                0x00000820                __aeabi_idiv0
 *(.text*)
 .text.init_i2c
                0x00000824       0x60 CMakeFiles/i2c.dir/home/laurie/RTES/KSDK_1.3.0/examples/frdmkl46z/demo_apps/i2c/main.c.obj
                0x00000824                init_i2c
 .text.hardware_init
                0x00000884       0x24 CMakeFiles/i2c.dir/home/laurie/RTES/KSDK_1.3.0/examples/frdmkl46z/demo_apps/i2c/main.c.obj
                0x00000884                hardware_init
 .text.touch_init
                0x000008a8       0x34 CMakeFiles/i2c.dir/home/laurie/RTES/KSDK_1.3.0/examples/frdmkl46z/demo_apps/i2c/main.c.obj
                0x000008a8                touch_init
 .text.touch_read
                0x000008dc       0x2c CMakeFiles/i2c.dir/home/laurie/RTES/KSDK_1.3.0/examples/frdmkl46z/demo_apps/i2c/main.c.obj
                0x000008dc                touch_read
 .text.startup.main
                0x00000908       0x94 CMakeFiles/i2c.dir/home/laurie/RTES/KSDK_1.3.0/examples/frdmkl46z/demo_apps/i2c/main.c.obj
                0x00000908                main
 .text.configure_lpsci_pins
                0x0000099c       0x1c CMakeFiles/i2c.dir/home/laurie/RTES/KSDK_1.3.0/examples/frdmkl46z/pin_mux.c.obj
                0x0000099c                configure_lpsci_pins
 .text.BOARD_InitOsc0
                0x000009b8       0x2c CMakeFiles/i2c.dir/home/laurie/RTES/KSDK_1.3.0/examples/frdmkl46z/board.c.obj
                0x000009b8                BOARD_InitOsc0
 .text.BOARD_ClockInit
                0x000009e4       0x50 CMakeFiles/i2c.dir/home/laurie/RTES/KSDK_1.3.0/examples/frdmkl46z/board.c.obj
                0x000009e4                BOARD_ClockInit
 .text.dbg_uart_init
                0x00000a34       0x24 CMakeFiles/i2c.dir/home/laurie/RTES/KSDK_1.3.0/examples/frdmkl46z/board.c.obj
                0x00000a34                dbg_uart_init
 .text.debug_putc
                0x00000a58       0x28 CMakeFiles/i2c.dir/home/laurie/RTES/KSDK_1.3.0/platform/utilities/src/fsl_debug_console.c.obj
 .text.DbgConsole_Init
                0x00000a80      0x104 CMakeFiles/i2c.dir/home/laurie/RTES/KSDK_1.3.0/platform/utilities/src/fsl_debug_console.c.obj
                0x00000a80                DbgConsole_Init
 .text.debug_printf
                0x00000b84       0x38 CMakeFiles/i2c.dir/home/laurie/RTES/KSDK_1.3.0/platform/utilities/src/fsl_debug_console.c.obj
                0x00000b84                debug_printf
 .text.mknumstr
                0x00000bbc       0x84 CMakeFiles/i2c.dir/home/laurie/RTES/KSDK_1.3.0/platform/utilities/src/print_scan.c.obj
 .text.fput_pad.isra.0
                0x00000c40       0x28 CMakeFiles/i2c.dir/home/laurie/RTES/KSDK_1.3.0/platform/utilities/src/print_scan.c.obj
 .text._doprint
                0x00000c68      0x3dc CMakeFiles/i2c.dir/home/laurie/RTES/KSDK_1.3.0/platform/utilities/src/print_scan.c.obj
                0x00000c68                _doprint
 .text.SystemInit
                0x00001044       0x10 CMakeFiles/i2c.dir/home/laurie/RTES/KSDK_1.3.0/platform/devices/MKL46Z4/startup/system_MKL46Z4.c.obj
                0x00001044                SystemInit
 .text.init_data_bss
                0x00001054       0x7c CMakeFiles/i2c.dir/home/laurie/RTES/KSDK_1.3.0/platform/devices/startup.c.obj
                0x00001054                init_data_bss
 .text.OSA_TimeInit
                0x000010d0       0x44 ../../../../../lib/ksdk_platform_lib/armgcc/KL46Z4/release/libksdk_platform.a(fsl_os_abstraction_bm.c.obj)
                0x000010d0                OSA_TimeInit
 .text.OSA_TimeDiff
                0x00001114       0x12 ../../../../../lib/ksdk_platform_lib/armgcc/KL46Z4/release/libksdk_platform.a(fsl_os_abstraction_bm.c.obj)
                0x00001114                OSA_TimeDiff
 *fill*         0x00001126        0x2 
 .text.task_init
                0x00001128       0x38 ../../../../../lib/ksdk_platform_lib/armgcc/KL46Z4/release/libksdk_platform.a(fsl_os_abstraction_bm.c.obj)
                0x00001128                task_init
 .text.OSA_TimeGetMsec
                0x00001160       0x10 ../../../../../lib/ksdk_platform_lib/armgcc/KL46Z4/release/libksdk_platform.a(fsl_os_abstraction_bm.c.obj)
                0x00001160                OSA_TimeGetMsec
 .text.OSA_TimeDelay
                0x00001170       0x1c ../../../../../lib/ksdk_platform_lib/armgcc/KL46Z4/release/libksdk_platform.a(fsl_os_abstraction_bm.c.obj)
                0x00001170                OSA_TimeDelay
 .text.OSA_Init
                0x0000118c        0xe ../../../../../lib/ksdk_platform_lib/armgcc/KL46Z4/release/libksdk_platform.a(fsl_os_abstraction_bm.c.obj)
                0x0000118c                OSA_Init
 *fill*         0x0000119a        0x2 
 .text.CLOCK_SYS_BootToPee
                0x0000119c       0x84 ../../../../../lib/ksdk_platform_lib/armgcc/KL46Z4/release/libksdk_platform.a(fsl_clock_manager.c.obj)
                0x0000119c                CLOCK_SYS_BootToPee
 .text.CLOCK_SYS_SetOscerConfigration
                0x00001220       0x28 ../../../../../lib/ksdk_platform_lib/armgcc/KL46Z4/release/libksdk_platform.a(fsl_clock_manager.c.obj)
                0x00001220                CLOCK_SYS_SetOscerConfigration
 .text.CLOCK_SYS_OscInit
                0x00001248       0x7c ../../../../../lib/ksdk_platform_lib/armgcc/KL46Z4/release/libksdk_platform.a(fsl_clock_manager.c.obj)
                0x00001248                CLOCK_SYS_OscInit
 .text.SIM_HAL_EnableClock.constprop.8
                0x000012c4       0x28 ../../../../../lib/ksdk_platform_lib/armgcc/KL46Z4/release/libksdk_platform.a(fsl_clock_MKL46Z4.c.obj)
 .text.CLOCK_SYS_SetSimConfigration
                0x000012ec       0x38 ../../../../../lib/ksdk_platform_lib/armgcc/KL46Z4/release/libksdk_platform.a(fsl_clock_MKL46Z4.c.obj)
                0x000012ec                CLOCK_SYS_SetSimConfigration
 .text.CLOCK_SYS_GetSystemClockFreq
                0x00001324       0x20 ../../../../../lib/ksdk_platform_lib/armgcc/KL46Z4/release/libksdk_platform.a(fsl_clock_MKL46Z4.c.obj)
                0x00001324                CLOCK_SYS_GetSystemClockFreq
 .text.CLOCK_SYS_GetFlashClockFreq
                0x00001344       0x18 ../../../../../lib/ksdk_platform_lib/armgcc/KL46Z4/release/libksdk_platform.a(fsl_clock_MKL46Z4.c.obj)
                0x00001344                CLOCK_SYS_GetFlashClockFreq
 .text.CLOCK_SYS_GetPllFllClockFreq
                0x0000135c       0x30 ../../../../../lib/ksdk_platform_lib/armgcc/KL46Z4/release/libksdk_platform.a(fsl_clock_MKL46Z4.c.obj)
                0x0000135c                CLOCK_SYS_GetPllFllClockFreq
 .text.CLOCK_SYS_GetOsc0ExternalRefClockFreq
                0x0000138c       0x28 ../../../../../lib/ksdk_platform_lib/armgcc/KL46Z4/release/libksdk_platform.a(fsl_clock_MKL46Z4.c.obj)
                0x0000138c                CLOCK_SYS_GetOsc0ExternalRefClockFreq
 .text.CLOCK_SYS_GetLpsciFreq
                0x000013b4       0x34 ../../../../../lib/ksdk_platform_lib/armgcc/KL46Z4/release/libksdk_platform.a(fsl_clock_MKL46Z4.c.obj)
                0x000013b4                CLOCK_SYS_GetLpsciFreq
 .text.CLOCK_SYS_GetUartFreq
                0x000013e8       0x10 ../../../../../lib/ksdk_platform_lib/armgcc/KL46Z4/release/libksdk_platform.a(fsl_clock_MKL46Z4.c.obj)
                0x000013e8                CLOCK_SYS_GetUartFreq
 .text.CLOCK_SYS_EnableLpsciClock
                0x000013f8       0x10 ../../../../../lib/ksdk_platform_lib/armgcc/KL46Z4/release/libksdk_platform.a(fsl_clock_MKL46Z4.c.obj)
                0x000013f8                CLOCK_SYS_EnableLpsciClock
 .text.CLOCK_SYS_EnableUartClock
                0x00001408       0x10 ../../../../../lib/ksdk_platform_lib/armgcc/KL46Z4/release/libksdk_platform.a(fsl_clock_MKL46Z4.c.obj)
                0x00001408                CLOCK_SYS_EnableUartClock
 .text.LPSCI_HAL_SetBaudRate
                0x00001418       0xba ../../../../../lib/ksdk_platform_lib/armgcc/KL46Z4/release/libksdk_platform.a(fsl_lpsci_hal.c.obj)
                0x00001418                LPSCI_HAL_SetBaudRate
 .text.LPSCI_HAL_SetParityMode
                0x000014d2       0x1e ../../../../../lib/ksdk_platform_lib/armgcc/KL46Z4/release/libksdk_platform.a(fsl_lpsci_hal.c.obj)
                0x000014d2                LPSCI_HAL_SetParityMode
 .text.LPSCI_HAL_SendDataPolling
                0x000014f0       0x20 ../../../../../lib/ksdk_platform_lib/armgcc/KL46Z4/release/libksdk_platform.a(fsl_lpsci_hal.c.obj)
                0x000014f0                LPSCI_HAL_SendDataPolling
 .text.LPSCI_HAL_ReceiveDataPolling
                0x00001510       0x36 ../../../../../lib/ksdk_platform_lib/armgcc/KL46Z4/release/libksdk_platform.a(fsl_lpsci_hal.c.obj)
                0x00001510                LPSCI_HAL_ReceiveDataPolling
 .text.LPTMR_HAL_SetTimerWorkingMode
                0x00001546       0x3c ../../../../../lib/ksdk_platform_lib/armgcc/KL46Z4/release/libksdk_platform.a(fsl_lptmr_hal.c.obj)
                0x00001546                LPTMR_HAL_SetTimerWorkingMode
 .text.LPTMR_HAL_SetPrescalerMode
                0x00001582       0x20 ../../../../../lib/ksdk_platform_lib/armgcc/KL46Z4/release/libksdk_platform.a(fsl_lptmr_hal.c.obj)
                0x00001582                LPTMR_HAL_SetPrescalerMode
 *fill*         0x000015a2        0x2 
 .text.LPTMR_HAL_GetCounterValue
                0x000015a4       0x14 ../../../../../lib/ksdk_platform_lib/armgcc/KL46Z4/release/libksdk_platform.a(fsl_lptmr_hal.c.obj)
                0x000015a4                LPTMR_HAL_GetCounterValue
 .text.CLOCK_HAL_PrepareOsc
                0x000015b8       0x1e ../../../../../lib/ksdk_platform_lib/armgcc/KL46Z4/release/libksdk_platform.a(fsl_mcg_hal.c.obj)
                0x000015b8                CLOCK_HAL_PrepareOsc
 .text.CLOCK_HAL_TestFllExternalRefFreq
                0x000015d6       0x36 ../../../../../lib/ksdk_platform_lib/armgcc/KL46Z4/release/libksdk_platform.a(fsl_mcg_hal.c.obj)
                0x000015d6                CLOCK_HAL_TestFllExternalRefFreq
 .text.CLOCK_HAL_GetFllRefClk
                0x0000160c       0x44 ../../../../../lib/ksdk_platform_lib/armgcc/KL46Z4/release/libksdk_platform.a(fsl_mcg_hal.c.obj)
                0x0000160c                CLOCK_HAL_GetFllRefClk
 .text.CLOCK_HAL_TestFllFreq
                0x00001650       0x38 ../../../../../lib/ksdk_platform_lib/armgcc/KL46Z4/release/libksdk_platform.a(fsl_mcg_hal.c.obj)
                0x00001650                CLOCK_HAL_TestFllFreq
 .text.CLOCK_HAL_GetFllClk
                0x00001688       0x40 ../../../../../lib/ksdk_platform_lib/armgcc/KL46Z4/release/libksdk_platform.a(fsl_mcg_hal.c.obj)
                0x00001688                CLOCK_HAL_GetFllClk
 .text.CLOCK_HAL_UpdateFastClkInternalRefDiv
                0x000016c8       0x60 ../../../../../lib/ksdk_platform_lib/armgcc/KL46Z4/release/libksdk_platform.a(fsl_mcg_hal.c.obj)
                0x000016c8                CLOCK_HAL_UpdateFastClkInternalRefDiv
 .text.CLOCK_HAL_UpdateInternalRefClk
                0x00001728       0x52 ../../../../../lib/ksdk_platform_lib/armgcc/KL46Z4/release/libksdk_platform.a(fsl_mcg_hal.c.obj)
                0x00001728                CLOCK_HAL_UpdateInternalRefClk
 *fill*         0x0000177a        0x2 
 .text.CLOCK_HAL_GetPll0Clk
                0x0000177c       0x48 ../../../../../lib/ksdk_platform_lib/armgcc/KL46Z4/release/libksdk_platform.a(fsl_mcg_hal.c.obj)
                0x0000177c                CLOCK_HAL_GetPll0Clk
 .text.CLOCK_HAL_GetInternalRefClk
                0x000017c4       0x40 ../../../../../lib/ksdk_platform_lib/armgcc/KL46Z4/release/libksdk_platform.a(fsl_mcg_hal.c.obj)
                0x000017c4                CLOCK_HAL_GetInternalRefClk
 .text.CLOCK_HAL_GetOutClk
                0x00001804       0x44 ../../../../../lib/ksdk_platform_lib/armgcc/KL46Z4/release/libksdk_platform.a(fsl_mcg_hal.c.obj)
                0x00001804                CLOCK_HAL_GetOutClk
 .text.CLOCK_HAL_SetOsc0Mode
                0x00001848       0x24 ../../../../../lib/ksdk_platform_lib/armgcc/KL46Z4/release/libksdk_platform.a(fsl_mcg_hal.c.obj)
                0x00001848                CLOCK_HAL_SetOsc0Mode
 .text.CLOCK_HAL_SetPbeMode
                0x0000186c       0x88 ../../../../../lib/ksdk_platform_lib/armgcc/KL46Z4/release/libksdk_platform.a(fsl_mcg_hal_modes.c.obj)
                0x0000186c                CLOCK_HAL_SetPbeMode
 .text.OSC_HAL_SetCapacitor
                0x000018f4        0xe ../../../../../lib/ksdk_platform_lib/armgcc/KL46Z4/release/libksdk_platform.a(fsl_osc_hal.c.obj)
                0x000018f4                OSC_HAL_SetCapacitor
 *fill*         0x00001902        0x2 
 .text.CLOCK_HAL_SetOutDiv
                0x00001904       0x1c ../../../../../lib/ksdk_platform_lib/armgcc/KL46Z4/release/libksdk_platform.a(fsl_sim_hal_MKL46Z4.c.obj)
                0x00001904                CLOCK_HAL_SetOutDiv
 .text.UART_HAL_SetBaudRate
                0x00001920       0x34 ../../../../../lib/ksdk_platform_lib/armgcc/KL46Z4/release/libksdk_platform.a(fsl_uart_hal.c.obj)
                0x00001920                UART_HAL_SetBaudRate
 .text.UART_HAL_SetParityMode
                0x00001954       0x1e ../../../../../lib/ksdk_platform_lib/armgcc/KL46Z4/release/libksdk_platform.a(fsl_uart_hal.c.obj)
                0x00001954                UART_HAL_SetParityMode
 .text.UART_HAL_SendDataPolling
                0x00001972       0x22 ../../../../../lib/ksdk_platform_lib/armgcc/KL46Z4/release/libksdk_platform.a(fsl_uart_hal.c.obj)
                0x00001972                UART_HAL_SendDataPolling
 .text.UART_HAL_ReceiveDataPolling
                0x00001994       0x38 ../../../../../lib/ksdk_platform_lib/armgcc/KL46Z4/release/libksdk_platform.a(fsl_uart_hal.c.obj)
                0x00001994                UART_HAL_ReceiveDataPolling
 .text.exit     0x000019cc       0x2c /home/laurie/gcc-arm/bin/../lib/gcc/arm-none-eabi/5.4.1/../../../../arm-none-eabi/lib/armv6-m/libc_nano.a(lib_a-exit.o)
                0x000019cc                exit
 .text.__libc_init_array
                0x000019f8       0x4c /home/laurie/gcc-arm/bin/../lib/gcc/arm-none-eabi/5.4.1/../../../../arm-none-eabi/lib/armv6-m/libc_nano.a(lib_a-init.o)
                0x000019f8                __libc_init_array
 .text.memset   0x00001a44       0x10 /home/laurie/gcc-arm/bin/../lib/gcc/arm-none-eabi/5.4.1/../../../../arm-none-eabi/lib/armv6-m/libc_nano.a(lib_a-memset.o)
                0x00001a44                memset
 .text._exit    0x00001a54        0x4 /home/laurie/gcc-arm/bin/../lib/gcc/arm-none-eabi/5.4.1/../../../../arm-none-eabi/lib/armv6-m/libnosys.a(_exit.o)
                0x00001a54                _exit
 *(.rodata)
 .rodata        0x00001a58        0xc CMakeFiles/i2c.dir/home/laurie/RTES/KSDK_1.3.0/platform/utilities/src/fsl_debug_console.c.obj
 *(.rodata*)
 .rodata.str1.1
                0x00001a64       0x70 CMakeFiles/i2c.dir/home/laurie/RTES/KSDK_1.3.0/examples/frdmkl46z/demo_apps/i2c/main.c.obj
 .rodata.g_defaultClockConfigRun
                0x00001ad4       0x14 CMakeFiles/i2c.dir/home/laurie/RTES/KSDK_1.3.0/examples/frdmkl46z/board.c.obj
                0x00001ad4                g_defaultClockConfigRun
 .rodata.g_oscBase
                0x00001ae8        0x4 ../../../../../lib/ksdk_platform_lib/armgcc/KL46Z4/release/libksdk_platform.a(fsl_clock_manager_common.c.obj)
                0x00001ae8                g_oscBase
 .rodata.uartGateTable
                0x00001aec        0x3 ../../../../../lib/ksdk_platform_lib/armgcc/KL46Z4/release/libksdk_platform.a(fsl_clock_MKL46Z4.c.obj)
 *fill*         0x00001aef        0x1 
 .rodata.fllFactorTable.5344
                0x00001af0       0x10 ../../../../../lib/ksdk_platform_lib/armgcc/KL46Z4/release/libksdk_platform.a(fsl_mcg_hal.c.obj)
 .rodata._global_impure_ptr
                0x00001b00        0x4 /home/laurie/gcc-arm/bin/../lib/gcc/arm-none-eabi/5.4.1/../../../../arm-none-eabi/lib/armv6-m/libc_nano.a(lib_a-impure.o)
                0x00001b00                _global_impure_ptr
 *(.glue_7)
 .glue_7        0x00001b04        0x0 linker stubs
 *(.glue_7t)
 .glue_7t       0x00001b04        0x0 linker stubs
 *(.eh_frame)
 .eh_frame      0x00001b04        0x0 /home/laurie/gcc-arm/bin/../lib/gcc/arm-none-eabi/5.4.1/armv6-m/crtbegin.o
 *(.init)
 .init          0x00001b04        0x4 /home/laurie/gcc-arm/bin/../lib/gcc/arm-none-eabi/5.4.1/armv6-m/crti.o
                0x00001b04                _init
 .init          0x00001b08        0x8 /home/laurie/gcc-arm/bin/../lib/gcc/arm-none-eabi/5.4.1/armv6-m/crtn.o
 *(.fini)
 .fini          0x00001b10        0x4 /home/laurie/gcc-arm/bin/../lib/gcc/arm-none-eabi/5.4.1/armv6-m/crti.o
                0x00001b10                _fini
 .fini          0x00001b14        0x8 /home/laurie/gcc-arm/bin/../lib/gcc/arm-none-eabi/5.4.1/armv6-m/crtn.o
                0x00001b1c                . = ALIGN (0x4)

.vfp11_veneer   0x00001b1c        0x0
 .vfp11_veneer  0x00001b1c        0x0 linker stubs

.v4_bx          0x00001b1c        0x0
 .v4_bx         0x00001b1c        0x0 linker stubs

.iplt           0x00001b1c        0x0
 .iplt          0x00001b1c        0x0 /home/laurie/gcc-arm/bin/../lib/gcc/arm-none-eabi/5.4.1/armv6-m/crtbegin.o

.ARM.extab
 *(.ARM.extab* .gnu.linkonce.armextab.*)

.ARM            0x00001b1c        0x8
                0x00001b1c                __exidx_start = .
 *(.ARM.exidx*)
 .ARM.exidx     0x00001b1c        0x8 /home/laurie/gcc-arm/bin/../lib/gcc/arm-none-eabi/5.4.1/../../../../arm-none-eabi/lib/armv6-m/crt0.o
                0x00001b24                __exidx_end = .

.rel.dyn        0x00001b24        0x0
 .rel.iplt      0x00001b24        0x0 /home/laurie/gcc-arm/bin/../lib/gcc/arm-none-eabi/5.4.1/armv6-m/crtbegin.o

.ctors          0x00001b24        0x0
                0x00001b24                __CTOR_LIST__ = .
 *crtbegin.o(.ctors)
 *crtbegin?.o(.ctors)
 *(EXCLUDE_FILE(*crtend.o *crtend?.o) .ctors)
 *(SORT(.ctors.*))
 *(.ctors)
                0x00001b24                __CTOR_END__ = .

.dtors          0x00001b24        0x0
                0x00001b24                __DTOR_LIST__ = .
 *crtbegin.o(.dtors)
 *crtbegin?.o(.dtors)
 *(EXCLUDE_FILE(*crtend.o *crtend?.o) .dtors)
 *(SORT(.dtors.*))
 *(.dtors)
                0x00001b24                __DTOR_END__ = .

.preinit_array  0x00001b24        0x0
                0x00001b24                PROVIDE (__preinit_array_start, .)
 *(.preinit_array*)
                0x00001b24                PROVIDE (__preinit_array_end, .)

.init_array     0x00001b24        0x4
                0x00001b24                PROVIDE (__init_array_start, .)
 *(SORT(.init_array.*))
 *(.init_array*)
 .init_array    0x00001b24        0x4 /home/laurie/gcc-arm/bin/../lib/gcc/arm-none-eabi/5.4.1/armv6-m/crtbegin.o
                0x00001b28                PROVIDE (__init_array_end, .)

.fini_array     0x00001b28        0x4
                [!provide]                PROVIDE (__fini_array_start, .)
 *(SORT(.fini_array.*))
 *(.fini_array*)
 .fini_array    0x00001b28        0x4 /home/laurie/gcc-arm/bin/../lib/gcc/arm-none-eabi/5.4.1/armv6-m/crtbegin.o
                [!provide]                PROVIDE (__fini_array_end, .)
                0x00001b2c                __etext = .
                0x00001b2c                __DATA_ROM = .

.mtb            0x1fffe000        0x0
                0x1fffe000                . = ALIGN (0x8)
                0x1fffe000                _mtb_start = .
 *(.mtb_buf)
                0x1fffe000                . = ALIGN (0x8)
                0x1fffe000                _mtb_end = .

.interrupts_ram
                0x1fffe000        0x0
                0x1fffe000                . = ALIGN (0x4)
                0x1fffe000                __VECTOR_RAM__ = .
                0x1fffe000                __interrupts_ram_start__ = .
 *(.m_interrupts_ram)
                0x1fffe000                . = (. + M_VECTOR_RAM_SIZE)
                0x1fffe000                . = ALIGN (0x4)
                0x1fffe000                __interrupts_ram_end__ = .
                0x00000000                __VECTOR_RAM = DEFINED (__ram_vector_table__)?__VECTOR_RAM__:ORIGIN (m_interrupts)
                0x00000000                __RAM_VECTOR_TABLE_SIZE_BYTES = DEFINED (__ram_vector_table__)?(__interrupts_ram_end__ - __interrupts_ram_start__):0x0

.data           0x1fffe000       0x70 load address 0x00001b2c
                0x1fffe000                . = ALIGN (0x4)
                0x1fffe000                __DATA_RAM = .
                0x1fffe000                __data_start__ = .
 *(.data)
 *(.data*)
 .data.SystemCoreClock
                0x1fffe000        0x4 CMakeFiles/i2c.dir/home/laurie/RTES/KSDK_1.3.0/platform/devices/MKL46Z4/startup/system_MKL46Z4.c.obj
                0x1fffe000                SystemCoreClock
 .data.g_slowInternalRefClkFreq
                0x1fffe004        0x4 ../../../../../lib/ksdk_platform_lib/armgcc/KL46Z4/release/libksdk_platform.a(fsl_mcg_hal.c.obj)
                0x1fffe004                g_slowInternalRefClkFreq
 .data.g_fastInternalRefClkFreq
                0x1fffe008        0x4 ../../../../../lib/ksdk_platform_lib/armgcc/KL46Z4/release/libksdk_platform.a(fsl_mcg_hal.c.obj)
                0x1fffe008                g_fastInternalRefClkFreq
 .data.impure_data
                0x1fffe00c       0x60 /home/laurie/gcc-arm/bin/../lib/gcc/arm-none-eabi/5.4.1/../../../../arm-none-eabi/lib/armv6-m/libc_nano.a(lib_a-impure.o)
 *(.jcr*)
 .jcr           0x1fffe06c        0x0 /home/laurie/gcc-arm/bin/../lib/gcc/arm-none-eabi/5.4.1/armv6-m/crtbegin.o
 .jcr           0x1fffe06c        0x4 /home/laurie/gcc-arm/bin/../lib/gcc/arm-none-eabi/5.4.1/armv6-m/crtend.o
                0x1fffe070                . = ALIGN (0x4)
                0x1fffe070                __data_end__ = .
                0x00001b9c                __DATA_END = (__DATA_ROM + (__data_end__ - __data_start__))
                0x00040000                text_end = (ORIGIN (m_text) + LENGTH (m_text))
                0x00000001                ASSERT ((__DATA_END <= text_end), region m_text overflowed with text and data)

.igot.plt       0x1fffe070        0x0 load address 0x00001b9c
 .igot.plt      0x1fffe070        0x0 /home/laurie/gcc-arm/bin/../lib/gcc/arm-none-eabi/5.4.1/armv6-m/crtbegin.o

.bss            0x1fffe070       0x94 load address 0x00001b9c
                0x1fffe070                . = ALIGN (0x4)
                0x1fffe070                __START_BSS = .
                0x1fffe070                __bss_start__ = .
 *(.bss)
 .bss           0x1fffe070       0x1c /home/laurie/gcc-arm/bin/../lib/gcc/arm-none-eabi/5.4.1/armv6-m/crtbegin.o
 *(.bss*)
 .bss.s_debugConsole
                0x1fffe08c       0x10 CMakeFiles/i2c.dir/home/laurie/RTES/KSDK_1.3.0/platform/utilities/src/fsl_debug_console.c.obj
 .bss.g_taskListHead
                0x1fffe09c       0x10 ../../../../../lib/ksdk_platform_lib/armgcc/KL46Z4/release/libksdk_platform.a(fsl_os_abstraction_bm.c.obj)
 .bss.g_freeTaskControlBlock
                0x1fffe0ac        0x4 ../../../../../lib/ksdk_platform_lib/armgcc/KL46Z4/release/libksdk_platform.a(fsl_os_abstraction_bm.c.obj)
 .bss.g_taskControlBlockPool
                0x1fffe0b0       0x50 ../../../../../lib/ksdk_platform_lib/armgcc/KL46Z4/release/libksdk_platform.a(fsl_os_abstraction_bm.c.obj)
 .bss.g_xtal0ClkFreq
                0x1fffe100        0x4 ../../../../../lib/ksdk_platform_lib/armgcc/KL46Z4/release/libksdk_platform.a(fsl_mcg_hal.c.obj)
                0x1fffe100                g_xtal0ClkFreq
 *(COMMON)
                0x1fffe104                . = ALIGN (0x4)
                0x1fffe104                __bss_end__ = .
                0x1fffe104                __END_BSS = .

.heap           0x1fffe104     0x2004 load address 0x00001c30
                0x1fffe108                . = ALIGN (0x8)
 *fill*         0x1fffe104        0x4 
                0x1fffe108                __end__ = .
                0x1fffe108                PROVIDE (end, .)
                0x1fffe108                __HeapBase = .
                0x20000108                . = (. + HEAP_SIZE)
 *fill*         0x1fffe108     0x2000 
                0x20000108                __HeapLimit = .

.stack          0x20000108     0x2000 load address 0x00003c34
                0x20000108                . = ALIGN (0x8)
                0x20002108                . = (. + STACK_SIZE)
 *fill*         0x20000108     0x2000 
                0x20006000                __StackTop = (ORIGIN (m_data) + LENGTH (m_data))
                0x20004000                __StackLimit = (__StackTop - STACK_SIZE)
                0x20006000                PROVIDE (__stack, __StackTop)

.ARM.attributes
                0x00000000       0x28
 *(.ARM.attributes)
 .ARM.attributes
                0x00000000       0x1e /home/laurie/gcc-arm/bin/../lib/gcc/arm-none-eabi/5.4.1/armv6-m/crti.o
 .ARM.attributes
                0x0000001e       0x2c /home/laurie/gcc-arm/bin/../lib/gcc/arm-none-eabi/5.4.1/armv6-m/crtbegin.o
 .ARM.attributes
                0x0000004a       0x1b /home/laurie/gcc-arm/bin/../lib/gcc/arm-none-eabi/5.4.1/../../../../arm-none-eabi/lib/armv6-m/crt0.o
 .ARM.attributes
                0x00000065       0x1b CMakeFiles/i2c.dir/home/laurie/RTES/KSDK_1.3.0/platform/devices/MKL46Z4/startup/gcc/startup_MKL46Z4.S.obj
 .ARM.attributes
                0x00000080       0x32 CMakeFiles/i2c.dir/home/laurie/RTES/KSDK_1.3.0/examples/frdmkl46z/demo_apps/i2c/main.c.obj
 .ARM.attributes
                0x000000b2       0x32 CMakeFiles/i2c.dir/home/laurie/RTES/KSDK_1.3.0/examples/frdmkl46z/pin_mux.c.obj
 .ARM.attributes
                0x000000e4       0x32 CMakeFiles/i2c.dir/home/laurie/RTES/KSDK_1.3.0/examples/frdmkl46z/board.c.obj
 .ARM.attributes
                0x00000116       0x32 CMakeFiles/i2c.dir/home/laurie/RTES/KSDK_1.3.0/platform/utilities/src/fsl_debug_console.c.obj
 .ARM.attributes
                0x00000148       0x32 CMakeFiles/i2c.dir/home/laurie/RTES/KSDK_1.3.0/platform/utilities/src/print_scan.c.obj
 .ARM.attributes
                0x0000017a       0x32 CMakeFiles/i2c.dir/home/laurie/RTES/KSDK_1.3.0/platform/devices/MKL46Z4/startup/system_MKL46Z4.c.obj
 .ARM.attributes
                0x000001ac       0x32 CMakeFiles/i2c.dir/home/laurie/RTES/KSDK_1.3.0/platform/devices/startup.c.obj
 .ARM.attributes
                0x000001de       0x32 ../../../../../lib/ksdk_platform_lib/armgcc/KL46Z4/release/libksdk_platform.a(fsl_os_abstraction_bm.c.obj)
 .ARM.attributes
                0x00000210       0x32 ../../../../../lib/ksdk_platform_lib/armgcc/KL46Z4/release/libksdk_platform.a(fsl_clock_manager.c.obj)
 .ARM.attributes
                0x00000242       0x32 ../../../../../lib/ksdk_platform_lib/armgcc/KL46Z4/release/libksdk_platform.a(fsl_clock_manager_common.c.obj)
 .ARM.attributes
                0x00000274       0x32 ../../../../../lib/ksdk_platform_lib/armgcc/KL46Z4/release/libksdk_platform.a(fsl_clock_MKL46Z4.c.obj)
 .ARM.attributes
                0x000002a6       0x32 ../../../../../lib/ksdk_platform_lib/armgcc/KL46Z4/release/libksdk_platform.a(fsl_lpsci_hal.c.obj)
 .ARM.attributes
                0x000002d8       0x32 ../../../../../lib/ksdk_platform_lib/armgcc/KL46Z4/release/libksdk_platform.a(fsl_lptmr_hal.c.obj)
 .ARM.attributes
                0x0000030a       0x32 ../../../../../lib/ksdk_platform_lib/armgcc/KL46Z4/release/libksdk_platform.a(fsl_mcg_hal.c.obj)
 .ARM.attributes
                0x0000033c       0x32 ../../../../../lib/ksdk_platform_lib/armgcc/KL46Z4/release/libksdk_platform.a(fsl_mcg_hal_modes.c.obj)
 .ARM.attributes
                0x0000036e       0x32 ../../../../../lib/ksdk_platform_lib/armgcc/KL46Z4/release/libksdk_platform.a(fsl_osc_hal.c.obj)
 .ARM.attributes
                0x000003a0       0x32 ../../../../../lib/ksdk_platform_lib/armgcc/KL46Z4/release/libksdk_platform.a(fsl_sim_hal_MKL46Z4.c.obj)
 .ARM.attributes
                0x000003d2       0x32 ../../../../../lib/ksdk_platform_lib/armgcc/KL46Z4/release/libksdk_platform.a(fsl_uart_hal.c.obj)
 .ARM.attributes
                0x00000404       0x2c /home/laurie/gcc-arm/bin/../lib/gcc/arm-none-eabi/5.4.1/../../../../arm-none-eabi/lib/armv6-m/libc_nano.a(lib_a-exit.o)
 .ARM.attributes
                0x00000430       0x2c /home/laurie/gcc-arm/bin/../lib/gcc/arm-none-eabi/5.4.1/../../../../arm-none-eabi/lib/armv6-m/libc_nano.a(lib_a-impure.o)
 .ARM.attributes
                0x0000045c       0x2c /home/laurie/gcc-arm/bin/../lib/gcc/arm-none-eabi/5.4.1/../../../../arm-none-eabi/lib/armv6-m/libc_nano.a(lib_a-init.o)
 .ARM.attributes
                0x00000488       0x2c /home/laurie/gcc-arm/bin/../lib/gcc/arm-none-eabi/5.4.1/../../../../arm-none-eabi/lib/armv6-m/libc_nano.a(lib_a-memset.o)
 .ARM.attributes
                0x000004b4       0x1c /home/laurie/gcc-arm/bin/../lib/gcc/arm-none-eabi/5.4.1/../../../../arm-none-eabi/lib/armv6-m/libc_nano.a(lib_a-strlen.o)
 .ARM.attributes
                0x000004d0       0x1e /home/laurie/gcc-arm/bin/../lib/gcc/arm-none-eabi/5.4.1/armv6-m/libgcc.a(_thumb1_case_uqi.o)
 .ARM.attributes
                0x000004ee       0x1e /home/laurie/gcc-arm/bin/../lib/gcc/arm-none-eabi/5.4.1/armv6-m/libgcc.a(_thumb1_case_uhi.o)
 .ARM.attributes
                0x0000050c       0x1e /home/laurie/gcc-arm/bin/../lib/gcc/arm-none-eabi/5.4.1/armv6-m/libgcc.a(_udivsi3.o)
 .ARM.attributes
                0x0000052a       0x1e /home/laurie/gcc-arm/bin/../lib/gcc/arm-none-eabi/5.4.1/armv6-m/libgcc.a(_divsi3.o)
 .ARM.attributes
                0x00000548       0x1e /home/laurie/gcc-arm/bin/../lib/gcc/arm-none-eabi/5.4.1/armv6-m/libgcc.a(_dvmd_tls.o)
 .ARM.attributes
                0x00000566       0x2c /home/laurie/gcc-arm/bin/../lib/gcc/arm-none-eabi/5.4.1/../../../../arm-none-eabi/lib/armv6-m/libnosys.a(_exit.o)
 .ARM.attributes
                0x00000592       0x2c /home/laurie/gcc-arm/bin/../lib/gcc/arm-none-eabi/5.4.1/armv6-m/crtend.o
 .ARM.attributes
                0x000005be       0x1e /home/laurie/gcc-arm/bin/../lib/gcc/arm-none-eabi/5.4.1/armv6-m/crtn.o
                0x00000001                ASSERT ((__StackLimit >= __HeapLimit), region m_data overflowed with stack and heap)
OUTPUT(release/i2c.elf elf32-littlearm)

.comment        0x00000000       0x6e
 .comment       0x00000000       0x6e CMakeFiles/i2c.dir/home/laurie/RTES/KSDK_1.3.0/examples/frdmkl46z/demo_apps/i2c/main.c.obj
                                 0x6f (size before relaxing)
 .comment       0x0000006e       0x6f CMakeFiles/i2c.dir/home/laurie/RTES/KSDK_1.3.0/examples/frdmkl46z/pin_mux.c.obj
 .comment       0x0000006e       0x6f CMakeFiles/i2c.dir/home/laurie/RTES/KSDK_1.3.0/examples/frdmkl46z/board.c.obj
 .comment       0x0000006e       0x6f CMakeFiles/i2c.dir/home/laurie/RTES/KSDK_1.3.0/platform/utilities/src/fsl_debug_console.c.obj
 .comment       0x0000006e       0x6f CMakeFiles/i2c.dir/home/laurie/RTES/KSDK_1.3.0/platform/utilities/src/print_scan.c.obj
 .comment       0x0000006e       0x6f CMakeFiles/i2c.dir/home/laurie/RTES/KSDK_1.3.0/platform/devices/MKL46Z4/startup/system_MKL46Z4.c.obj
 .comment       0x0000006e       0x6f CMakeFiles/i2c.dir/home/laurie/RTES/KSDK_1.3.0/platform/devices/startup.c.obj
 .comment       0x0000006e       0x6f ../../../../../lib/ksdk_platform_lib/armgcc/KL46Z4/release/libksdk_platform.a(fsl_os_abstraction_bm.c.obj)
 .comment       0x0000006e       0x6f ../../../../../lib/ksdk_platform_lib/armgcc/KL46Z4/release/libksdk_platform.a(fsl_clock_manager.c.obj)
 .comment       0x0000006e       0x6f ../../../../../lib/ksdk_platform_lib/armgcc/KL46Z4/release/libksdk_platform.a(fsl_clock_manager_common.c.obj)
 .comment       0x0000006e       0x6f ../../../../../lib/ksdk_platform_lib/armgcc/KL46Z4/release/libksdk_platform.a(fsl_clock_MKL46Z4.c.obj)
 .comment       0x0000006e       0x6f ../../../../../lib/ksdk_platform_lib/armgcc/KL46Z4/release/libksdk_platform.a(fsl_lpsci_hal.c.obj)
 .comment       0x0000006e       0x6f ../../../../../lib/ksdk_platform_lib/armgcc/KL46Z4/release/libksdk_platform.a(fsl_lptmr_hal.c.obj)
 .comment       0x0000006e       0x6f ../../../../../lib/ksdk_platform_lib/armgcc/KL46Z4/release/libksdk_platform.a(fsl_mcg_hal.c.obj)
 .comment       0x0000006e       0x6f ../../../../../lib/ksdk_platform_lib/armgcc/KL46Z4/release/libksdk_platform.a(fsl_mcg_hal_modes.c.obj)
 .comment       0x0000006e       0x6f ../../../../../lib/ksdk_platform_lib/armgcc/KL46Z4/release/libksdk_platform.a(fsl_osc_hal.c.obj)
 .comment       0x0000006e       0x6f ../../../../../lib/ksdk_platform_lib/armgcc/KL46Z4/release/libksdk_platform.a(fsl_sim_hal_MKL46Z4.c.obj)
 .comment       0x0000006e       0x6f ../../../../../lib/ksdk_platform_lib/armgcc/KL46Z4/release/libksdk_platform.a(fsl_uart_hal.c.obj)

.debug_frame    0x00000000       0xd4
 .debug_frame   0x00000000       0x28 /home/laurie/gcc-arm/bin/../lib/gcc/arm-none-eabi/5.4.1/../../../../arm-none-eabi/lib/armv6-m/libc_nano.a(lib_a-exit.o)
 .debug_frame   0x00000028       0x2c /home/laurie/gcc-arm/bin/../lib/gcc/arm-none-eabi/5.4.1/../../../../arm-none-eabi/lib/armv6-m/libc_nano.a(lib_a-init.o)
 .debug_frame   0x00000054       0x20 /home/laurie/gcc-arm/bin/../lib/gcc/arm-none-eabi/5.4.1/../../../../arm-none-eabi/lib/armv6-m/libc_nano.a(lib_a-memset.o)
 .debug_frame   0x00000074       0x20 /home/laurie/gcc-arm/bin/../lib/gcc/arm-none-eabi/5.4.1/armv6-m/libgcc.a(_udivsi3.o)
 .debug_frame   0x00000094       0x20 /home/laurie/gcc-arm/bin/../lib/gcc/arm-none-eabi/5.4.1/armv6-m/libgcc.a(_divsi3.o)
 .debug_frame   0x000000b4       0x20 /home/laurie/gcc-arm/bin/../lib/gcc/arm-none-eabi/5.4.1/../../../../arm-none-eabi/lib/armv6-m/libnosys.a(_exit.o)
