Archive member included to satisfy reference by file (symbol)

/home/laurie/gcc-arm/bin/../lib/gcc/arm-none-eabi/5.4.1/armv6-m/libgcc.a(_thumb1_case_uqi.o)
                              build/tasks.o (__gnu_thumb1_case_uqi)
/home/laurie/gcc-arm/bin/../lib/gcc/arm-none-eabi/5.4.1/armv6-m/libgcc.a(_udivsi3.o)
                              build/system_MKL46Z4.o (__aeabi_uidiv)
/home/laurie/gcc-arm/bin/../lib/gcc/arm-none-eabi/5.4.1/armv6-m/libgcc.a(_dvmd_tls.o)
                              /home/laurie/gcc-arm/bin/../lib/gcc/arm-none-eabi/5.4.1/armv6-m/libgcc.a(_udivsi3.o) (__aeabi_idiv0)
/home/laurie/gcc-arm/bin/../lib/gcc/arm-none-eabi/5.4.1/../../../../arm-none-eabi/lib/armv6-m/libc_nano.a(lib_a-exit.o)
                              /home/laurie/gcc-arm/bin/../lib/gcc/arm-none-eabi/5.4.1/../../../../arm-none-eabi/lib/armv6-m/crt0.o (exit)
/home/laurie/gcc-arm/bin/../lib/gcc/arm-none-eabi/5.4.1/../../../../arm-none-eabi/lib/armv6-m/libc_nano.a(lib_a-impure.o)
                              /home/laurie/gcc-arm/bin/../lib/gcc/arm-none-eabi/5.4.1/../../../../arm-none-eabi/lib/armv6-m/libc_nano.a(lib_a-exit.o) (_global_impure_ptr)
/home/laurie/gcc-arm/bin/../lib/gcc/arm-none-eabi/5.4.1/../../../../arm-none-eabi/lib/armv6-m/libc_nano.a(lib_a-init.o)
                              /home/laurie/gcc-arm/bin/../lib/gcc/arm-none-eabi/5.4.1/../../../../arm-none-eabi/lib/armv6-m/crt0.o (__libc_init_array)
/home/laurie/gcc-arm/bin/../lib/gcc/arm-none-eabi/5.4.1/../../../../arm-none-eabi/lib/armv6-m/libc_nano.a(lib_a-malloc.o)
                              build/heap_3.o (malloc)
/home/laurie/gcc-arm/bin/../lib/gcc/arm-none-eabi/5.4.1/../../../../arm-none-eabi/lib/armv6-m/libc_nano.a(lib_a-memcpy-stub.o)
                              build/queue.o (memcpy)
/home/laurie/gcc-arm/bin/../lib/gcc/arm-none-eabi/5.4.1/../../../../arm-none-eabi/lib/armv6-m/libc_nano.a(lib_a-memset.o)
                              /home/laurie/gcc-arm/bin/../lib/gcc/arm-none-eabi/5.4.1/../../../../arm-none-eabi/lib/armv6-m/crt0.o (memset)
/home/laurie/gcc-arm/bin/../lib/gcc/arm-none-eabi/5.4.1/../../../../arm-none-eabi/lib/armv6-m/libc_nano.a(lib_a-nano-freer.o)
                              /home/laurie/gcc-arm/bin/../lib/gcc/arm-none-eabi/5.4.1/../../../../arm-none-eabi/lib/armv6-m/libc_nano.a(lib_a-malloc.o) (_free_r)
/home/laurie/gcc-arm/bin/../lib/gcc/arm-none-eabi/5.4.1/../../../../arm-none-eabi/lib/armv6-m/libc_nano.a(lib_a-nano-mallocr.o)
                              /home/laurie/gcc-arm/bin/../lib/gcc/arm-none-eabi/5.4.1/../../../../arm-none-eabi/lib/armv6-m/libc_nano.a(lib_a-malloc.o) (_malloc_r)
/home/laurie/gcc-arm/bin/../lib/gcc/arm-none-eabi/5.4.1/../../../../arm-none-eabi/lib/armv6-m/libc_nano.a(lib_a-sbrkr.o)
                              /home/laurie/gcc-arm/bin/../lib/gcc/arm-none-eabi/5.4.1/../../../../arm-none-eabi/lib/armv6-m/libc_nano.a(lib_a-nano-mallocr.o) (_sbrk_r)
/home/laurie/gcc-arm/bin/../lib/gcc/arm-none-eabi/5.4.1/../../../../arm-none-eabi/lib/armv6-m/libc_nano.a(lib_a-mlock.o)
                              /home/laurie/gcc-arm/bin/../lib/gcc/arm-none-eabi/5.4.1/../../../../arm-none-eabi/lib/armv6-m/libc_nano.a(lib_a-nano-freer.o) (__malloc_lock)
/home/laurie/gcc-arm/bin/../lib/gcc/arm-none-eabi/5.4.1/../../../../arm-none-eabi/lib/armv6-m/libc_nano.a(lib_a-reent.o)
                              /home/laurie/gcc-arm/bin/../lib/gcc/arm-none-eabi/5.4.1/../../../../arm-none-eabi/lib/armv6-m/libc_nano.a(lib_a-sbrkr.o) (errno)
/home/laurie/gcc-arm/bin/../lib/gcc/arm-none-eabi/5.4.1/../../../../arm-none-eabi/lib/armv6-m/libnosys.a(sbrk.o)
                              /home/laurie/gcc-arm/bin/../lib/gcc/arm-none-eabi/5.4.1/../../../../arm-none-eabi/lib/armv6-m/libc_nano.a(lib_a-sbrkr.o) (_sbrk)
/home/laurie/gcc-arm/bin/../lib/gcc/arm-none-eabi/5.4.1/../../../../arm-none-eabi/lib/armv6-m/libnosys.a(_exit.o)
                              /home/laurie/gcc-arm/bin/../lib/gcc/arm-none-eabi/5.4.1/../../../../arm-none-eabi/lib/armv6-m/libc_nano.a(lib_a-exit.o) (_exit)

Allocating common symbols
Common symbol       size              file

errno               0x4               /home/laurie/gcc-arm/bin/../lib/gcc/arm-none-eabi/5.4.1/../../../../arm-none-eabi/lib/armv6-m/libc_nano.a(lib_a-reent.o)

Discarded input sections

 .text          0x00000000        0x0 /home/laurie/gcc-arm/bin/../lib/gcc/arm-none-eabi/5.4.1/armv6-m/crti.o
 .data          0x00000000        0x0 /home/laurie/gcc-arm/bin/../lib/gcc/arm-none-eabi/5.4.1/armv6-m/crti.o
 .bss           0x00000000        0x0 /home/laurie/gcc-arm/bin/../lib/gcc/arm-none-eabi/5.4.1/armv6-m/crti.o
 .data          0x00000000        0x4 /home/laurie/gcc-arm/bin/../lib/gcc/arm-none-eabi/5.4.1/armv6-m/crtbegin.o
 .data          0x00000000        0x0 /home/laurie/gcc-arm/bin/../lib/gcc/arm-none-eabi/5.4.1/../../../../arm-none-eabi/lib/armv6-m/crt0.o
 .bss           0x00000000        0x0 /home/laurie/gcc-arm/bin/../lib/gcc/arm-none-eabi/5.4.1/../../../../arm-none-eabi/lib/armv6-m/crt0.o
 .ARM.extab     0x00000000        0x0 /home/laurie/gcc-arm/bin/../lib/gcc/arm-none-eabi/5.4.1/../../../../arm-none-eabi/lib/armv6-m/crt0.o
 .text          0x00000000        0x0 build/system_MKL46Z4.o
 .data          0x00000000        0x0 build/system_MKL46Z4.o
 .bss           0x00000000        0x0 build/system_MKL46Z4.o
 .text.SystemCoreClockUpdate
                0x00000000      0x10c build/system_MKL46Z4.o
 .data.SystemCoreClock
                0x00000000        0x4 build/system_MKL46Z4.o
 .text          0x00000000        0x0 build/main.o
 .data          0x00000000        0x0 build/main.o
 .bss           0x00000000        0x0 build/main.o
 .text          0x00000000        0x0 build/heap_2.o
 .data          0x00000000        0x0 build/heap_2.o
 .bss           0x00000000        0x0 build/heap_2.o
 .debug_line    0x00000000        0x0 build/heap_2.o
 .debug_str     0x00000000      0x14a build/heap_2.o
 .comment       0x00000000       0x6f build/heap_2.o
 .ARM.attributes
                0x00000000       0x32 build/heap_2.o
 .text          0x00000000        0x0 build/heap_3.o
 .data          0x00000000        0x0 build/heap_3.o
 .bss           0x00000000        0x0 build/heap_3.o
 .text.pvPortMalloc
                0x00000000       0x18 build/heap_3.o
 .text.vPortFree
                0x00000000       0x16 build/heap_3.o
 .debug_info    0x00000000      0x15d build/heap_3.o
 .debug_abbrev  0x00000000       0xe7 build/heap_3.o
 .debug_loc     0x00000000       0x81 build/heap_3.o
 .debug_aranges
                0x00000000       0x28 build/heap_3.o
 .debug_ranges  0x00000000       0x18 build/heap_3.o
 .debug_line    0x00000000      0x10f build/heap_3.o
 .debug_str     0x00000000      0x23a build/heap_3.o
 .comment       0x00000000       0x6f build/heap_3.o
 .debug_frame   0x00000000       0x40 build/heap_3.o
 .ARM.attributes
                0x00000000       0x32 build/heap_3.o
 .text          0x00000000        0x0 build/heap_4.o
 .data          0x00000000        0x0 build/heap_4.o
 .bss           0x00000000        0x0 build/heap_4.o
 .debug_line    0x00000000        0x0 build/heap_4.o
 .debug_str     0x00000000      0x14a build/heap_4.o
 .comment       0x00000000       0x6f build/heap_4.o
 .ARM.attributes
                0x00000000       0x32 build/heap_4.o
 .text          0x00000000        0x0 build/heap_5.o
 .data          0x00000000        0x0 build/heap_5.o
 .bss           0x00000000        0x0 build/heap_5.o
 .debug_line    0x00000000        0x0 build/heap_5.o
 .debug_str     0x00000000      0x14a build/heap_5.o
 .comment       0x00000000       0x6f build/heap_5.o
 .ARM.attributes
                0x00000000       0x32 build/heap_5.o
 .text          0x00000000        0x0 build/queue.o
 .data          0x00000000        0x0 build/queue.o
 .bss           0x00000000        0x0 build/queue.o
 .text.prvCopyDataToQueue
                0x00000000       0x72 build/queue.o
 .text.unlikely.prvCopyDataFromQueue
                0x00000000       0x24 build/queue.o
 .text.prvUnlockQueue
                0x00000000       0x6a build/queue.o
 .text.xQueueGenericReset
                0x00000000       0x68 build/queue.o
 .text.xQueueGenericCreate
                0x00000000       0x4c build/queue.o
 .text.xQueueGetMutexHolder
                0x00000000       0x1a build/queue.o
 .text.xQueueCreateCountingSemaphore
                0x00000000       0x2e build/queue.o
 .text.xQueueGenericSend
                0x00000000      0x124 build/queue.o
 .text.xQueueCreateMutex
                0x00000000       0x48 build/queue.o
 .text.xQueueGiveMutexRecursive
                0x00000000       0x32 build/queue.o
 .text.xQueueGenericSendFromISR
                0x00000000       0x88 build/queue.o
 .text.xQueueGiveFromISR
                0x00000000       0x64 build/queue.o
 .text.xQueueGenericReceive
                0x00000000      0x146 build/queue.o
 .text.xQueueTakeMutexRecursive
                0x00000000       0x3c build/queue.o
 .text.xQueueReceiveFromISR
                0x00000000       0x74 build/queue.o
 .text.xQueuePeekFromISR
                0x00000000       0x52 build/queue.o
 .text.uxQueueMessagesWaiting
                0x00000000       0x1a build/queue.o
 .text.uxQueueSpacesAvailable
                0x00000000       0x1e build/queue.o
 .text.uxQueueMessagesWaitingFromISR
                0x00000000       0x10 build/queue.o
 .text.vQueueDelete
                0x00000000       0x12 build/queue.o
 .text.xQueueIsQueueEmptyFromISR
                0x00000000       0x14 build/queue.o
 .text.xQueueIsQueueFullFromISR
                0x00000000       0x18 build/queue.o
 .text.vQueueWaitForMessageRestricted
                0x00000000       0x3a build/queue.o
 .debug_info    0x00000000     0x137b build/queue.o
 .debug_abbrev  0x00000000      0x1e0 build/queue.o
 .debug_loc     0x00000000     0x15fb build/queue.o
 .debug_aranges
                0x00000000       0xd0 build/queue.o
 .debug_ranges  0x00000000       0xc0 build/queue.o
 .debug_line    0x00000000      0x654 build/queue.o
 .debug_str     0x00000000      0x907 build/queue.o
 .comment       0x00000000       0x6f build/queue.o
 .debug_frame   0x00000000      0x290 build/queue.o
 .ARM.attributes
                0x00000000       0x32 build/queue.o
 .text          0x00000000        0x0 build/croutine.o
 .data          0x00000000        0x0 build/croutine.o
 .bss           0x00000000        0x0 build/croutine.o
 .text.xCoRoutineCreate
                0x00000000       0xc0 build/croutine.o
 .text.vCoRoutineAddToDelayedList
                0x00000000       0x4c build/croutine.o
 .text.vCoRoutineSchedule
                0x00000000      0x14c build/croutine.o
 .text.xCoRoutineRemoveFromEventList
                0x00000000       0x30 build/croutine.o
 .bss.xDelayedCoRoutineList1
                0x00000000       0x14 build/croutine.o
 .bss.xPassedTicks
                0x00000000        0x4 build/croutine.o
 .bss.xPendingReadyCoRoutineList
                0x00000000       0x14 build/croutine.o
 .bss.pxCurrentCoRoutine
                0x00000000        0x4 build/croutine.o
 .bss.xDelayedCoRoutineList2
                0x00000000       0x14 build/croutine.o
 .bss.xCoRoutineTickCount
                0x00000000        0x4 build/croutine.o
 .bss.xLastTickCount
                0x00000000        0x4 build/croutine.o
 .bss.pxDelayedCoRoutineList
                0x00000000        0x4 build/croutine.o
 .bss.pxReadyCoRoutineLists
                0x00000000       0x28 build/croutine.o
 .bss.uxTopCoRoutineReadyPriority
                0x00000000        0x4 build/croutine.o
 .bss.pxOverflowDelayedCoRoutineList
                0x00000000        0x4 build/croutine.o
 .debug_info    0x00000000      0x730 build/croutine.o
 .debug_abbrev  0x00000000      0x23f build/croutine.o
 .debug_loc     0x00000000      0x237 build/croutine.o
 .debug_aranges
                0x00000000       0x38 build/croutine.o
 .debug_ranges  0x00000000       0x78 build/croutine.o
 .debug_line    0x00000000      0x231 build/croutine.o
 .debug_str     0x00000000      0x5f6 build/croutine.o
 .comment       0x00000000       0x6f build/croutine.o
 .debug_frame   0x00000000       0x90 build/croutine.o
 .ARM.attributes
                0x00000000       0x32 build/croutine.o
 .text          0x00000000        0x0 build/list.o
 .data          0x00000000        0x0 build/list.o
 .bss           0x00000000        0x0 build/list.o
 .text.vListInitialise
                0x00000000       0x16 build/list.o
 .text.vListInitialiseItem
                0x00000000        0x6 build/list.o
 .text.vListInsertEnd
                0x00000000       0x18 build/list.o
 .text.vListInsert
                0x00000000       0x30 build/list.o
 .text.uxListRemove
                0x00000000       0x24 build/list.o
 .debug_info    0x00000000      0x29a build/list.o
 .debug_abbrev  0x00000000       0xdc build/list.o
 .debug_loc     0x00000000       0x71 build/list.o
 .debug_aranges
                0x00000000       0x40 build/list.o
 .debug_ranges  0x00000000       0x30 build/list.o
 .debug_line    0x00000000      0x1a9 build/list.o
 .debug_str     0x00000000      0x32d build/list.o
 .comment       0x00000000       0x6f build/list.o
 .debug_frame   0x00000000       0x6c build/list.o
 .ARM.attributes
                0x00000000       0x32 build/list.o
 .text          0x00000000        0x0 build/heap_1.o
 .data          0x00000000        0x0 build/heap_1.o
 .bss           0x00000000        0x0 build/heap_1.o
 .debug_line    0x00000000        0x0 build/heap_1.o
 .debug_str     0x00000000      0x14a build/heap_1.o
 .comment       0x00000000       0x6f build/heap_1.o
 .ARM.attributes
                0x00000000       0x32 build/heap_1.o
 .text          0x00000000        0x0 build/event_groups.o
 .data          0x00000000        0x0 build/event_groups.o
 .bss           0x00000000        0x0 build/event_groups.o
 .text.xEventGroupCreate
                0x00000000       0x18 build/event_groups.o
 .text.xEventGroupWaitBits
                0x00000000       0xde build/event_groups.o
 .text.xEventGroupClearBits
                0x00000000       0x2e build/event_groups.o
 .text.xEventGroupGetBitsFromISR
                0x00000000       0x12 build/event_groups.o
 .text.xEventGroupSetBits
                0x00000000       0x7a build/event_groups.o
 .text.xEventGroupSync
                0x00000000       0xaa build/event_groups.o
 .text.vEventGroupDelete
                0x00000000       0x34 build/event_groups.o
 .text.vEventGroupSetBitsCallback
                0x00000000        0x8 build/event_groups.o
 .text.vEventGroupClearBitsCallback
                0x00000000        0x8 build/event_groups.o
 .debug_info    0x00000000      0x955 build/event_groups.o
 .debug_abbrev  0x00000000      0x1bc build/event_groups.o
 .debug_loc     0x00000000      0xaa4 build/event_groups.o
 .debug_aranges
                0x00000000       0x60 build/event_groups.o
 .debug_ranges  0x00000000       0x68 build/event_groups.o
 .debug_line    0x00000000      0x2f2 build/event_groups.o
 .debug_str     0x00000000      0x66c build/event_groups.o
 .comment       0x00000000       0x6f build/event_groups.o
 .debug_frame   0x00000000      0x110 build/event_groups.o
 .ARM.attributes
                0x00000000       0x32 build/event_groups.o
 .text          0x00000000        0x0 build/tasks.o
 .data          0x00000000        0x0 build/tasks.o
 .bss           0x00000000        0x0 build/tasks.o
 .text.prvResetNextTaskUnblockTime
                0x00000000       0x28 build/tasks.o
 .text.prvTaskIsTaskSuspended
                0x00000000       0x30 build/tasks.o
 .text.prvAddCurrentTaskToDelayedList
                0x00000000       0x4c build/tasks.o
 .text.xTaskGenericCreate
                0x00000000      0x1ac build/tasks.o
 .text.vTaskDelete
                0x00000000       0x8c build/tasks.o
 .text.uxTaskPriorityGet
                0x00000000       0x20 build/tasks.o
 .text.uxTaskPriorityGetFromISR
                0x00000000       0x20 build/tasks.o
 .text.vTaskPrioritySet
                0x00000000       0xa4 build/tasks.o
 .text.vTaskResume
                0x00000000       0x64 build/tasks.o
 .text.xTaskResumeFromISR
                0x00000000       0x7c build/tasks.o
 .text.vTaskStartScheduler
                0x00000000       0x5c build/tasks.o
 .text.vTaskEndScheduler
                0x00000000       0x18 build/tasks.o
 .text.vTaskSuspendAll
                0x00000000       0x10 build/tasks.o
 .text.xTaskGetTickCount
                0x00000000       0x18 build/tasks.o
 .text.xTaskGetTickCountFromISR
                0x00000000       0x18 build/tasks.o
 .text.uxTaskGetNumberOfTasks
                0x00000000        0xc build/tasks.o
 .text.xTaskIncrementTick
                0x00000000      0x104 build/tasks.o
 .text.xTaskResumeAll
                0x00000000       0xd0 build/tasks.o
 .text.vTaskDelayUntil
                0x00000000       0x7c build/tasks.o
 .text.vTaskDelay
                0x00000000       0x4c build/tasks.o
 .text.prvIdleTask
                0x00000000       0x68 build/tasks.o
 .text.vTaskSwitchContext
                0x00000000       0x78 build/tasks.o
 .text.vTaskSuspend
                0x00000000       0x90 build/tasks.o
 .text.vTaskPlaceOnEventList
                0x00000000       0x48 build/tasks.o
 .text.vTaskPlaceOnUnorderedEventList
                0x00000000       0x64 build/tasks.o
 .text.vTaskPlaceOnEventListRestricted
                0x00000000       0x34 build/tasks.o
 .text.xTaskRemoveFromEventList
                0x00000000       0x78 build/tasks.o
 .text.xTaskRemoveFromUnorderedEventList
                0x00000000       0x74 build/tasks.o
 .text.vTaskSetTimeOutState
                0x00000000       0x24 build/tasks.o
 .text.xTaskCheckForTimeOut
                0x00000000       0x64 build/tasks.o
 .text.vTaskMissedYield
                0x00000000        0xc build/tasks.o
 .text.uxTaskGetStackHighWaterMark
                0x00000000       0x24 build/tasks.o
 .text.xTaskGetCurrentTaskHandle
                0x00000000        0xc build/tasks.o
 .text.xTaskGetSchedulerState
                0x00000000       0x20 build/tasks.o
 .text.vTaskPriorityInherit
                0x00000000       0x6c build/tasks.o
 .text.xTaskPriorityDisinherit
                0x00000000       0x5c build/tasks.o
 .text.uxTaskResetEventItemValue
                0x00000000       0x18 build/tasks.o
 .text.pvTaskIncrementMutexHeldCount
                0x00000000       0x18 build/tasks.o
 .text.ulTaskNotifyTake
                0x00000000       0x88 build/tasks.o
 .text.xTaskNotifyWait
                0x00000000       0x9c build/tasks.o
 .text.xTaskNotify
                0x00000000       0xa0 build/tasks.o
 .text.xTaskNotifyFromISR
                0x00000000       0xc8 build/tasks.o
 .text.vTaskNotifyGiveFromISR
                0x00000000       0x98 build/tasks.o
 .bss.xNumOfOverflows
                0x00000000        0x4 build/tasks.o
 .bss.pxDelayedTaskList
                0x00000000        0x4 build/tasks.o
 .bss.xSchedulerRunning
                0x00000000        0x4 build/tasks.o
 .bss.uxTasksDeleted
                0x00000000        0x4 build/tasks.o
 .bss.xDelayedTaskList1
                0x00000000       0x14 build/tasks.o
 .bss.xDelayedTaskList2
                0x00000000       0x14 build/tasks.o
 .bss.uxPendedTicks
                0x00000000        0x4 build/tasks.o
 .bss.pxReadyTasksLists
                0x00000000      0x168 build/tasks.o
 .bss.xTasksWaitingTermination
                0x00000000       0x14 build/tasks.o
 .bss.pxCurrentTCB
                0x00000000        0x4 build/tasks.o
 .bss.xPendingReadyList
                0x00000000       0x14 build/tasks.o
 .bss.uxSchedulerSuspended
                0x00000000        0x4 build/tasks.o
 .bss.xTickCount
                0x00000000        0x4 build/tasks.o
 .bss.pxOverflowDelayedTaskList
                0x00000000        0x4 build/tasks.o
 .rodata.str1.1
                0x00000000        0x5 build/tasks.o
 .bss.uxTaskNumber
                0x00000000        0x4 build/tasks.o
 .bss.uxCurrentNumberOfTasks
                0x00000000        0x4 build/tasks.o
 .data.xNextTaskUnblockTime
                0x00000000        0x4 build/tasks.o
 .bss.xSuspendedTaskList
                0x00000000       0x14 build/tasks.o
 .bss.uxTopReadyPriority
                0x00000000        0x4 build/tasks.o
 .bss.xYieldPending
                0x00000000        0x4 build/tasks.o
 .debug_info    0x00000000     0x1eaf build/tasks.o
 .debug_abbrev  0x00000000      0x2d6 build/tasks.o
 .debug_loc     0x00000000     0x1855 build/tasks.o
 .debug_aranges
                0x00000000      0x170 build/tasks.o
 .debug_ranges  0x00000000      0x1f8 build/tasks.o
 .debug_line    0x00000000      0xa4e build/tasks.o
 .debug_str     0x00000000      0xe36 build/tasks.o
 .comment       0x00000000       0x6f build/tasks.o
 .debug_frame   0x00000000      0x468 build/tasks.o
 .ARM.attributes
                0x00000000       0x32 build/tasks.o
 .text          0x00000000        0x0 build/timers.o
 .data          0x00000000        0x0 build/timers.o
 .bss           0x00000000        0x0 build/timers.o
 .text.prvCheckForValidListAndQueue
                0x00000000       0x58 build/timers.o
 .text.prvInsertTimerInActiveList
                0x00000000       0x3c build/timers.o
 .text.xTimerCreateTimerTask
                0x00000000       0x44 build/timers.o
 .text.xTimerCreate
                0x00000000       0x3c build/timers.o
 .text.xTimerGenericCommand
                0x00000000       0x48 build/timers.o
 .text.prvSwitchTimerLists
                0x00000000       0x68 build/timers.o
 .text.prvTimerTask
                0x00000000      0x188 build/timers.o
 .text.pcTimerGetTimerName
                0x00000000        0x4 build/timers.o
 .text.xTimerIsTimerActive
                0x00000000       0x16 build/timers.o
 .text.pvTimerGetTimerID
                0x00000000        0x4 build/timers.o
 .text.xTimerPendFunctionCallFromISR
                0x00000000       0x28 build/timers.o
 .text.xTimerPendFunctionCall
                0x00000000       0x34 build/timers.o
 .bss.pxCurrentTimerList
                0x00000000        0x4 build/timers.o
 .bss.xActiveTimerList1
                0x00000000       0x14 build/timers.o
 .bss.xActiveTimerList2
                0x00000000       0x14 build/timers.o
 .bss.xLastTime.4839
                0x00000000        0x4 build/timers.o
 .rodata.str1.1
                0x00000000        0x8 build/timers.o
 .bss.xTimerQueue
                0x00000000        0x4 build/timers.o
 .bss.pxOverflowTimerList
                0x00000000        0x4 build/timers.o
 .debug_info    0x00000000      0xf77 build/timers.o
 .debug_abbrev  0x00000000      0x28d build/timers.o
 .debug_loc     0x00000000      0x86a build/timers.o
 .debug_aranges
                0x00000000       0x78 build/timers.o
 .debug_ranges  0x00000000       0x68 build/timers.o
 .debug_line    0x00000000      0x31d build/timers.o
 .debug_str     0x00000000      0x8f6 build/timers.o
 .comment       0x00000000       0x6f build/timers.o
 .debug_frame   0x00000000      0x164 build/timers.o
 .ARM.attributes
                0x00000000       0x32 build/timers.o
 .data          0x00000000        0x0 build/startup_MKL46Z4.o
 .bss           0x00000000        0x0 build/startup_MKL46Z4.o
 .text          0x00000000       0x14 /home/laurie/gcc-arm/bin/../lib/gcc/arm-none-eabi/5.4.1/armv6-m/libgcc.a(_thumb1_case_uqi.o)
 .data          0x00000000        0x0 /home/laurie/gcc-arm/bin/../lib/gcc/arm-none-eabi/5.4.1/armv6-m/libgcc.a(_thumb1_case_uqi.o)
 .bss           0x00000000        0x0 /home/laurie/gcc-arm/bin/../lib/gcc/arm-none-eabi/5.4.1/armv6-m/libgcc.a(_thumb1_case_uqi.o)
 .ARM.attributes
                0x00000000       0x1e /home/laurie/gcc-arm/bin/../lib/gcc/arm-none-eabi/5.4.1/armv6-m/libgcc.a(_thumb1_case_uqi.o)
 .text          0x00000000      0x114 /home/laurie/gcc-arm/bin/../lib/gcc/arm-none-eabi/5.4.1/armv6-m/libgcc.a(_udivsi3.o)
 .data          0x00000000        0x0 /home/laurie/gcc-arm/bin/../lib/gcc/arm-none-eabi/5.4.1/armv6-m/libgcc.a(_udivsi3.o)
 .bss           0x00000000        0x0 /home/laurie/gcc-arm/bin/../lib/gcc/arm-none-eabi/5.4.1/armv6-m/libgcc.a(_udivsi3.o)
 .debug_frame   0x00000000       0x20 /home/laurie/gcc-arm/bin/../lib/gcc/arm-none-eabi/5.4.1/armv6-m/libgcc.a(_udivsi3.o)
 .ARM.attributes
                0x00000000       0x1e /home/laurie/gcc-arm/bin/../lib/gcc/arm-none-eabi/5.4.1/armv6-m/libgcc.a(_udivsi3.o)
 .text          0x00000000        0x4 /home/laurie/gcc-arm/bin/../lib/gcc/arm-none-eabi/5.4.1/armv6-m/libgcc.a(_dvmd_tls.o)
 .data          0x00000000        0x0 /home/laurie/gcc-arm/bin/../lib/gcc/arm-none-eabi/5.4.1/armv6-m/libgcc.a(_dvmd_tls.o)
 .bss           0x00000000        0x0 /home/laurie/gcc-arm/bin/../lib/gcc/arm-none-eabi/5.4.1/armv6-m/libgcc.a(_dvmd_tls.o)
 .ARM.attributes
                0x00000000       0x1e /home/laurie/gcc-arm/bin/../lib/gcc/arm-none-eabi/5.4.1/armv6-m/libgcc.a(_dvmd_tls.o)
 .text          0x00000000        0x0 /home/laurie/gcc-arm/bin/../lib/gcc/arm-none-eabi/5.4.1/../../../../arm-none-eabi/lib/armv6-m/libc_nano.a(lib_a-exit.o)
 .data          0x00000000        0x0 /home/laurie/gcc-arm/bin/../lib/gcc/arm-none-eabi/5.4.1/../../../../arm-none-eabi/lib/armv6-m/libc_nano.a(lib_a-exit.o)
 .bss           0x00000000        0x0 /home/laurie/gcc-arm/bin/../lib/gcc/arm-none-eabi/5.4.1/../../../../arm-none-eabi/lib/armv6-m/libc_nano.a(lib_a-exit.o)
 .text          0x00000000        0x0 /home/laurie/gcc-arm/bin/../lib/gcc/arm-none-eabi/5.4.1/../../../../arm-none-eabi/lib/armv6-m/libc_nano.a(lib_a-impure.o)
 .data          0x00000000        0x0 /home/laurie/gcc-arm/bin/../lib/gcc/arm-none-eabi/5.4.1/../../../../arm-none-eabi/lib/armv6-m/libc_nano.a(lib_a-impure.o)
 .bss           0x00000000        0x0 /home/laurie/gcc-arm/bin/../lib/gcc/arm-none-eabi/5.4.1/../../../../arm-none-eabi/lib/armv6-m/libc_nano.a(lib_a-impure.o)
 .data._impure_ptr
                0x00000000        0x4 /home/laurie/gcc-arm/bin/../lib/gcc/arm-none-eabi/5.4.1/../../../../arm-none-eabi/lib/armv6-m/libc_nano.a(lib_a-impure.o)
 .text          0x00000000        0x0 /home/laurie/gcc-arm/bin/../lib/gcc/arm-none-eabi/5.4.1/../../../../arm-none-eabi/lib/armv6-m/libc_nano.a(lib_a-init.o)
 .data          0x00000000        0x0 /home/laurie/gcc-arm/bin/../lib/gcc/arm-none-eabi/5.4.1/../../../../arm-none-eabi/lib/armv6-m/libc_nano.a(lib_a-init.o)
 .bss           0x00000000        0x0 /home/laurie/gcc-arm/bin/../lib/gcc/arm-none-eabi/5.4.1/../../../../arm-none-eabi/lib/armv6-m/libc_nano.a(lib_a-init.o)
 .text          0x00000000        0x0 /home/laurie/gcc-arm/bin/../lib/gcc/arm-none-eabi/5.4.1/../../../../arm-none-eabi/lib/armv6-m/libc_nano.a(lib_a-malloc.o)
 .data          0x00000000        0x0 /home/laurie/gcc-arm/bin/../lib/gcc/arm-none-eabi/5.4.1/../../../../arm-none-eabi/lib/armv6-m/libc_nano.a(lib_a-malloc.o)
 .bss           0x00000000        0x0 /home/laurie/gcc-arm/bin/../lib/gcc/arm-none-eabi/5.4.1/../../../../arm-none-eabi/lib/armv6-m/libc_nano.a(lib_a-malloc.o)
 .text.malloc   0x00000000       0x14 /home/laurie/gcc-arm/bin/../lib/gcc/arm-none-eabi/5.4.1/../../../../arm-none-eabi/lib/armv6-m/libc_nano.a(lib_a-malloc.o)
 .text.free     0x00000000       0x14 /home/laurie/gcc-arm/bin/../lib/gcc/arm-none-eabi/5.4.1/../../../../arm-none-eabi/lib/armv6-m/libc_nano.a(lib_a-malloc.o)
 .debug_frame   0x00000000       0x40 /home/laurie/gcc-arm/bin/../lib/gcc/arm-none-eabi/5.4.1/../../../../arm-none-eabi/lib/armv6-m/libc_nano.a(lib_a-malloc.o)
 .ARM.attributes
                0x00000000       0x2c /home/laurie/gcc-arm/bin/../lib/gcc/arm-none-eabi/5.4.1/../../../../arm-none-eabi/lib/armv6-m/libc_nano.a(lib_a-malloc.o)
 .text          0x00000000        0x0 /home/laurie/gcc-arm/bin/../lib/gcc/arm-none-eabi/5.4.1/../../../../arm-none-eabi/lib/armv6-m/libc_nano.a(lib_a-memcpy-stub.o)
 .data          0x00000000        0x0 /home/laurie/gcc-arm/bin/../lib/gcc/arm-none-eabi/5.4.1/../../../../arm-none-eabi/lib/armv6-m/libc_nano.a(lib_a-memcpy-stub.o)
 .bss           0x00000000        0x0 /home/laurie/gcc-arm/bin/../lib/gcc/arm-none-eabi/5.4.1/../../../../arm-none-eabi/lib/armv6-m/libc_nano.a(lib_a-memcpy-stub.o)
 .text.memcpy   0x00000000       0x12 /home/laurie/gcc-arm/bin/../lib/gcc/arm-none-eabi/5.4.1/../../../../arm-none-eabi/lib/armv6-m/libc_nano.a(lib_a-memcpy-stub.o)
 .debug_frame   0x00000000       0x28 /home/laurie/gcc-arm/bin/../lib/gcc/arm-none-eabi/5.4.1/../../../../arm-none-eabi/lib/armv6-m/libc_nano.a(lib_a-memcpy-stub.o)
 .ARM.attributes
                0x00000000       0x2c /home/laurie/gcc-arm/bin/../lib/gcc/arm-none-eabi/5.4.1/../../../../arm-none-eabi/lib/armv6-m/libc_nano.a(lib_a-memcpy-stub.o)
 .text          0x00000000        0x0 /home/laurie/gcc-arm/bin/../lib/gcc/arm-none-eabi/5.4.1/../../../../arm-none-eabi/lib/armv6-m/libc_nano.a(lib_a-memset.o)
 .data          0x00000000        0x0 /home/laurie/gcc-arm/bin/../lib/gcc/arm-none-eabi/5.4.1/../../../../arm-none-eabi/lib/armv6-m/libc_nano.a(lib_a-memset.o)
 .bss           0x00000000        0x0 /home/laurie/gcc-arm/bin/../lib/gcc/arm-none-eabi/5.4.1/../../../../arm-none-eabi/lib/armv6-m/libc_nano.a(lib_a-memset.o)
 .text          0x00000000        0x0 /home/laurie/gcc-arm/bin/../lib/gcc/arm-none-eabi/5.4.1/../../../../arm-none-eabi/lib/armv6-m/libc_nano.a(lib_a-nano-freer.o)
 .data          0x00000000        0x0 /home/laurie/gcc-arm/bin/../lib/gcc/arm-none-eabi/5.4.1/../../../../arm-none-eabi/lib/armv6-m/libc_nano.a(lib_a-nano-freer.o)
 .bss           0x00000000        0x0 /home/laurie/gcc-arm/bin/../lib/gcc/arm-none-eabi/5.4.1/../../../../arm-none-eabi/lib/armv6-m/libc_nano.a(lib_a-nano-freer.o)
 .text._free_r  0x00000000       0x98 /home/laurie/gcc-arm/bin/../lib/gcc/arm-none-eabi/5.4.1/../../../../arm-none-eabi/lib/armv6-m/libc_nano.a(lib_a-nano-freer.o)
 .debug_frame   0x00000000       0x2c /home/laurie/gcc-arm/bin/../lib/gcc/arm-none-eabi/5.4.1/../../../../arm-none-eabi/lib/armv6-m/libc_nano.a(lib_a-nano-freer.o)
 .ARM.attributes
                0x00000000       0x2c /home/laurie/gcc-arm/bin/../lib/gcc/arm-none-eabi/5.4.1/../../../../arm-none-eabi/lib/armv6-m/libc_nano.a(lib_a-nano-freer.o)
 .text          0x00000000        0x0 /home/laurie/gcc-arm/bin/../lib/gcc/arm-none-eabi/5.4.1/../../../../arm-none-eabi/lib/armv6-m/libc_nano.a(lib_a-nano-mallocr.o)
 .data          0x00000000        0x0 /home/laurie/gcc-arm/bin/../lib/gcc/arm-none-eabi/5.4.1/../../../../arm-none-eabi/lib/armv6-m/libc_nano.a(lib_a-nano-mallocr.o)
 .bss           0x00000000        0x0 /home/laurie/gcc-arm/bin/../lib/gcc/arm-none-eabi/5.4.1/../../../../arm-none-eabi/lib/armv6-m/libc_nano.a(lib_a-nano-mallocr.o)
 .text._malloc_r
                0x00000000       0xc0 /home/laurie/gcc-arm/bin/../lib/gcc/arm-none-eabi/5.4.1/../../../../arm-none-eabi/lib/armv6-m/libc_nano.a(lib_a-nano-mallocr.o)
 .bss.__malloc_sbrk_start
                0x00000000        0x4 /home/laurie/gcc-arm/bin/../lib/gcc/arm-none-eabi/5.4.1/../../../../arm-none-eabi/lib/armv6-m/libc_nano.a(lib_a-nano-mallocr.o)
 .bss.__malloc_free_list
                0x00000000        0x4 /home/laurie/gcc-arm/bin/../lib/gcc/arm-none-eabi/5.4.1/../../../../arm-none-eabi/lib/armv6-m/libc_nano.a(lib_a-nano-mallocr.o)
 .debug_frame   0x00000000       0x2c /home/laurie/gcc-arm/bin/../lib/gcc/arm-none-eabi/5.4.1/../../../../arm-none-eabi/lib/armv6-m/libc_nano.a(lib_a-nano-mallocr.o)
 .ARM.attributes
                0x00000000       0x2c /home/laurie/gcc-arm/bin/../lib/gcc/arm-none-eabi/5.4.1/../../../../arm-none-eabi/lib/armv6-m/libc_nano.a(lib_a-nano-mallocr.o)
 .text          0x00000000        0x0 /home/laurie/gcc-arm/bin/../lib/gcc/arm-none-eabi/5.4.1/../../../../arm-none-eabi/lib/armv6-m/libc_nano.a(lib_a-sbrkr.o)
 .data          0x00000000        0x0 /home/laurie/gcc-arm/bin/../lib/gcc/arm-none-eabi/5.4.1/../../../../arm-none-eabi/lib/armv6-m/libc_nano.a(lib_a-sbrkr.o)
 .bss           0x00000000        0x0 /home/laurie/gcc-arm/bin/../lib/gcc/arm-none-eabi/5.4.1/../../../../arm-none-eabi/lib/armv6-m/libc_nano.a(lib_a-sbrkr.o)
 .text._sbrk_r  0x00000000       0x24 /home/laurie/gcc-arm/bin/../lib/gcc/arm-none-eabi/5.4.1/../../../../arm-none-eabi/lib/armv6-m/libc_nano.a(lib_a-sbrkr.o)
 .debug_frame   0x00000000       0x2c /home/laurie/gcc-arm/bin/../lib/gcc/arm-none-eabi/5.4.1/../../../../arm-none-eabi/lib/armv6-m/libc_nano.a(lib_a-sbrkr.o)
 .ARM.attributes
                0x00000000       0x2c /home/laurie/gcc-arm/bin/../lib/gcc/arm-none-eabi/5.4.1/../../../../arm-none-eabi/lib/armv6-m/libc_nano.a(lib_a-sbrkr.o)
 .text          0x00000000        0x0 /home/laurie/gcc-arm/bin/../lib/gcc/arm-none-eabi/5.4.1/../../../../arm-none-eabi/lib/armv6-m/libc_nano.a(lib_a-mlock.o)
 .data          0x00000000        0x0 /home/laurie/gcc-arm/bin/../lib/gcc/arm-none-eabi/5.4.1/../../../../arm-none-eabi/lib/armv6-m/libc_nano.a(lib_a-mlock.o)
 .bss           0x00000000        0x0 /home/laurie/gcc-arm/bin/../lib/gcc/arm-none-eabi/5.4.1/../../../../arm-none-eabi/lib/armv6-m/libc_nano.a(lib_a-mlock.o)
 .text.__malloc_lock
                0x00000000        0x2 /home/laurie/gcc-arm/bin/../lib/gcc/arm-none-eabi/5.4.1/../../../../arm-none-eabi/lib/armv6-m/libc_nano.a(lib_a-mlock.o)
 .text.__malloc_unlock
                0x00000000        0x2 /home/laurie/gcc-arm/bin/../lib/gcc/arm-none-eabi/5.4.1/../../../../arm-none-eabi/lib/armv6-m/libc_nano.a(lib_a-mlock.o)
 .debug_frame   0x00000000       0x30 /home/laurie/gcc-arm/bin/../lib/gcc/arm-none-eabi/5.4.1/../../../../arm-none-eabi/lib/armv6-m/libc_nano.a(lib_a-mlock.o)
 .ARM.attributes
                0x00000000       0x2c /home/laurie/gcc-arm/bin/../lib/gcc/arm-none-eabi/5.4.1/../../../../arm-none-eabi/lib/armv6-m/libc_nano.a(lib_a-mlock.o)
 .text          0x00000000        0x0 /home/laurie/gcc-arm/bin/../lib/gcc/arm-none-eabi/5.4.1/../../../../arm-none-eabi/lib/armv6-m/libc_nano.a(lib_a-reent.o)
 .data          0x00000000        0x0 /home/laurie/gcc-arm/bin/../lib/gcc/arm-none-eabi/5.4.1/../../../../arm-none-eabi/lib/armv6-m/libc_nano.a(lib_a-reent.o)
 .bss           0x00000000        0x0 /home/laurie/gcc-arm/bin/../lib/gcc/arm-none-eabi/5.4.1/../../../../arm-none-eabi/lib/armv6-m/libc_nano.a(lib_a-reent.o)
 .text.cleanup_glue
                0x00000000       0x1a /home/laurie/gcc-arm/bin/../lib/gcc/arm-none-eabi/5.4.1/../../../../arm-none-eabi/lib/armv6-m/libc_nano.a(lib_a-reent.o)
 .text._reclaim_reent
                0x00000000       0xcc /home/laurie/gcc-arm/bin/../lib/gcc/arm-none-eabi/5.4.1/../../../../arm-none-eabi/lib/armv6-m/libc_nano.a(lib_a-reent.o)
 .debug_frame   0x00000000       0x48 /home/laurie/gcc-arm/bin/../lib/gcc/arm-none-eabi/5.4.1/../../../../arm-none-eabi/lib/armv6-m/libc_nano.a(lib_a-reent.o)
 .ARM.attributes
                0x00000000       0x2c /home/laurie/gcc-arm/bin/../lib/gcc/arm-none-eabi/5.4.1/../../../../arm-none-eabi/lib/armv6-m/libc_nano.a(lib_a-reent.o)
 COMMON         0x00000000        0x4 /home/laurie/gcc-arm/bin/../lib/gcc/arm-none-eabi/5.4.1/../../../../arm-none-eabi/lib/armv6-m/libc_nano.a(lib_a-reent.o)
 .text          0x00000000        0x0 /home/laurie/gcc-arm/bin/../lib/gcc/arm-none-eabi/5.4.1/../../../../arm-none-eabi/lib/armv6-m/libnosys.a(sbrk.o)
 .data          0x00000000        0x0 /home/laurie/gcc-arm/bin/../lib/gcc/arm-none-eabi/5.4.1/../../../../arm-none-eabi/lib/armv6-m/libnosys.a(sbrk.o)
 .bss           0x00000000        0x0 /home/laurie/gcc-arm/bin/../lib/gcc/arm-none-eabi/5.4.1/../../../../arm-none-eabi/lib/armv6-m/libnosys.a(sbrk.o)
 .text._sbrk    0x00000000       0x1c /home/laurie/gcc-arm/bin/../lib/gcc/arm-none-eabi/5.4.1/../../../../arm-none-eabi/lib/armv6-m/libnosys.a(sbrk.o)
 .bss.heap_end.4167
                0x00000000        0x4 /home/laurie/gcc-arm/bin/../lib/gcc/arm-none-eabi/5.4.1/../../../../arm-none-eabi/lib/armv6-m/libnosys.a(sbrk.o)
 .debug_frame   0x00000000       0x20 /home/laurie/gcc-arm/bin/../lib/gcc/arm-none-eabi/5.4.1/../../../../arm-none-eabi/lib/armv6-m/libnosys.a(sbrk.o)
 .ARM.attributes
                0x00000000       0x2c /home/laurie/gcc-arm/bin/../lib/gcc/arm-none-eabi/5.4.1/../../../../arm-none-eabi/lib/armv6-m/libnosys.a(sbrk.o)
 .text          0x00000000        0x0 /home/laurie/gcc-arm/bin/../lib/gcc/arm-none-eabi/5.4.1/../../../../arm-none-eabi/lib/armv6-m/libnosys.a(_exit.o)
 .data          0x00000000        0x0 /home/laurie/gcc-arm/bin/../lib/gcc/arm-none-eabi/5.4.1/../../../../arm-none-eabi/lib/armv6-m/libnosys.a(_exit.o)
 .bss           0x00000000        0x0 /home/laurie/gcc-arm/bin/../lib/gcc/arm-none-eabi/5.4.1/../../../../arm-none-eabi/lib/armv6-m/libnosys.a(_exit.o)
 .text          0x00000000        0x0 /home/laurie/gcc-arm/bin/../lib/gcc/arm-none-eabi/5.4.1/armv6-m/crtend.o
 .data          0x00000000        0x0 /home/laurie/gcc-arm/bin/../lib/gcc/arm-none-eabi/5.4.1/armv6-m/crtend.o
 .bss           0x00000000        0x0 /home/laurie/gcc-arm/bin/../lib/gcc/arm-none-eabi/5.4.1/armv6-m/crtend.o
 .jcr           0x00000000        0x4 /home/laurie/gcc-arm/bin/../lib/gcc/arm-none-eabi/5.4.1/armv6-m/crtend.o
 .text          0x00000000        0x0 /home/laurie/gcc-arm/bin/../lib/gcc/arm-none-eabi/5.4.1/armv6-m/crtn.o
 .data          0x00000000        0x0 /home/laurie/gcc-arm/bin/../lib/gcc/arm-none-eabi/5.4.1/armv6-m/crtn.o
 .bss           0x00000000        0x0 /home/laurie/gcc-arm/bin/../lib/gcc/arm-none-eabi/5.4.1/armv6-m/crtn.o

Memory Configuration

Name             Origin             Length             Attributes
VECTORS          0x00000000         0x00000400         xr
FLASH_PROTECTION 0x00000400         0x00000010         xr
FLASH            0x00000410         0x0003fbf0         xr
RAM              0x1fffe0c0         0x00007f40         xrw
*default*        0x00000000         0xffffffff

Linker script and memory map

LOAD /home/laurie/gcc-arm/bin/../lib/gcc/arm-none-eabi/5.4.1/armv6-m/crti.o
LOAD /home/laurie/gcc-arm/bin/../lib/gcc/arm-none-eabi/5.4.1/armv6-m/crtbegin.o
LOAD /home/laurie/gcc-arm/bin/../lib/gcc/arm-none-eabi/5.4.1/../../../../arm-none-eabi/lib/armv6-m/crt0.o
LOAD build/system_MKL46Z4.o
LOAD build/main.o
LOAD build/heap_2.o
LOAD build/heap_3.o
LOAD build/heap_4.o
LOAD build/heap_5.o
LOAD build/queue.o
LOAD build/croutine.o
LOAD build/list.o
LOAD build/heap_1.o
LOAD build/event_groups.o
LOAD build/tasks.o
LOAD build/timers.o
LOAD build/startup_MKL46Z4.o
LOAD /home/laurie/gcc-arm/bin/../lib/gcc/arm-none-eabi/5.4.1/../../../../arm-none-eabi/lib/armv6-m/libm.a
LOAD /home/laurie/gcc-arm/bin/../lib/gcc/arm-none-eabi/5.4.1/armv6-m/libgcc.a
LOAD /home/laurie/gcc-arm/bin/../lib/gcc/arm-none-eabi/5.4.1/../../../../arm-none-eabi/lib/armv6-m/libc_nano.a
LOAD /home/laurie/gcc-arm/bin/../lib/gcc/arm-none-eabi/5.4.1/../../../../arm-none-eabi/lib/armv6-m/libnosys.a
START GROUP
LOAD /home/laurie/gcc-arm/bin/../lib/gcc/arm-none-eabi/5.4.1/armv6-m/libgcc.a
LOAD /home/laurie/gcc-arm/bin/../lib/gcc/arm-none-eabi/5.4.1/../../../../arm-none-eabi/lib/armv6-m/libc_nano.a
END GROUP
START GROUP
LOAD /home/laurie/gcc-arm/bin/../lib/gcc/arm-none-eabi/5.4.1/armv6-m/libgcc.a
LOAD /home/laurie/gcc-arm/bin/../lib/gcc/arm-none-eabi/5.4.1/../../../../arm-none-eabi/lib/armv6-m/libc_nano.a
END GROUP
LOAD /home/laurie/gcc-arm/bin/../lib/gcc/arm-none-eabi/5.4.1/armv6-m/crtend.o
LOAD /home/laurie/gcc-arm/bin/../lib/gcc/arm-none-eabi/5.4.1/armv6-m/crtn.o

.isr_vector     0x00000000       0xf4
                0x00000000                __vector_table = .
 *(.vector_table)
 .vector_table  0x00000000       0xc0 build/startup_MKL46Z4.o
                0x00000000                __isr_vector
 *(.text.Reset_Handler)
 .text.Reset_Handler
                0x000000c0       0x34 build/startup_MKL46Z4.o
                0x000000c0                Reset_Handler
 *(.text.System_Init)
                0x000000f4                . = ALIGN (0x4)

.flash_protect  0x00000400       0x10
 *(.kinetis_flash_config_field)
 .kinetis_flash_config_field
                0x00000400       0x10 build/startup_MKL46Z4.o
                0x00000410                . = ALIGN (0x4)

.text           0x00000410      0x370
 *(.text*)
 .text          0x00000410       0x60 /home/laurie/gcc-arm/bin/../lib/gcc/arm-none-eabi/5.4.1/armv6-m/crtbegin.o
 .text          0x00000470       0x78 /home/laurie/gcc-arm/bin/../lib/gcc/arm-none-eabi/5.4.1/../../../../arm-none-eabi/lib/armv6-m/crt0.o
                0x00000470                _mainCRTStartup
                0x00000470                _start
 .text.SystemInit
                0x000004e8       0xb0 build/system_MKL46Z4.o
                0x000004e8                SystemInit
 .text.gpio_init
                0x00000598       0x58 build/main.o
                0x00000598                gpio_init
 .text.delayShort
                0x000005f0       0x2a build/main.o
                0x000005f0                delayShort
 *fill*         0x0000061a        0x2 
 .text.delay    0x0000061c       0x30 build/main.o
                0x0000061c                delay
 .text.startup.main
                0x0000064c       0x3c build/main.o
                0x0000064c                main
 .text          0x00000688       0x4c build/startup_MKL46Z4.o
                0x00000688                NMI_Handler
                0x0000068a                HardFault_Handler
                0x0000068c                SVC_Handler
                0x0000068e                PendSV_Handler
                0x00000690                SysTick_Handler
                0x00000692                Default_Handler
                0x00000692                DEF_IRQHandler
                0x00000694                DMA0_IRQHandler
                0x00000696                DMA1_IRQHandler
                0x00000698                DMA2_IRQHandler
                0x0000069a                DMA3_IRQHandler
                0x0000069c                FTFA_IRQHandler
                0x0000069e                LVD_LVW_IRQHandler
                0x000006a0                LLW_IRQHandler
                0x000006a2                I2C0_IRQHandler
                0x000006a4                I2C1_IRQHandler
                0x000006a6                SPI0_IRQHandler
                0x000006a8                SPI1_IRQHandler
                0x000006aa                UART0_IRQHandler
                0x000006ac                UART1_IRQHandler
                0x000006ae                UART2_IRQHandler
                0x000006b0                ADC0_IRQHandler
                0x000006b2                CMP0_IRQHandler
                0x000006b4                TPM0_IRQHandler
                0x000006b6                TPM1_IRQHandler
                0x000006b8                TPM2_IRQHandler
                0x000006ba                RTC_IRQHandler
                0x000006bc                RTC_Seconds_IRQHandler
                0x000006be                PIT_IRQHandler
                0x000006c0                I2S_IRQHandler
                0x000006c2                USB0_IRQHandler
                0x000006c4                DAC0_IRQHandler
                0x000006c6                TSI0_IRQHandler
                0x000006c8                MCG_IRQHandler
                0x000006ca                LPTimer_IRQHandler
                0x000006cc                LCD_IRQHandler
                0x000006ce                PORTA_IRQHandler
                0x000006d0                PORTD_IRQHandler
 .text.exit     0x000006d4       0x2c /home/laurie/gcc-arm/bin/../lib/gcc/arm-none-eabi/5.4.1/../../../../arm-none-eabi/lib/armv6-m/libc_nano.a(lib_a-exit.o)
                0x000006d4                exit
 .text.__libc_init_array
                0x00000700       0x4c /home/laurie/gcc-arm/bin/../lib/gcc/arm-none-eabi/5.4.1/../../../../arm-none-eabi/lib/armv6-m/libc_nano.a(lib_a-init.o)
                0x00000700                __libc_init_array
 .text.memset   0x0000074c       0x10 /home/laurie/gcc-arm/bin/../lib/gcc/arm-none-eabi/5.4.1/../../../../arm-none-eabi/lib/armv6-m/libc_nano.a(lib_a-memset.o)
                0x0000074c                memset
 .text._exit    0x0000075c        0x4 /home/laurie/gcc-arm/bin/../lib/gcc/arm-none-eabi/5.4.1/../../../../arm-none-eabi/lib/armv6-m/libnosys.a(_exit.o)
                0x0000075c                _exit
 *(.init)
 .init          0x00000760        0x4 /home/laurie/gcc-arm/bin/../lib/gcc/arm-none-eabi/5.4.1/armv6-m/crti.o
                0x00000760                _init
 .init          0x00000764        0x8 /home/laurie/gcc-arm/bin/../lib/gcc/arm-none-eabi/5.4.1/armv6-m/crtn.o
 *(.fini)
 .fini          0x0000076c        0x4 /home/laurie/gcc-arm/bin/../lib/gcc/arm-none-eabi/5.4.1/armv6-m/crti.o
                0x0000076c                _fini
 .fini          0x00000770        0x8 /home/laurie/gcc-arm/bin/../lib/gcc/arm-none-eabi/5.4.1/armv6-m/crtn.o
 *crtbegin.o(.ctors)
 *crtbegin?.o(.ctors)
 *(EXCLUDE_FILE(*crtend.o *crtend?.o) .ctors)
 *(SORT(.ctors.*))
 *(.ctors)
 *crtbegin.o(.dtors)
 *crtbegin?.o(.dtors)
 *(EXCLUDE_FILE(*crtend.o *crtend?.o) .dtors)
 *(SORT(.dtors.*))
 *(.dtors)
 *(.rodata*)
 .rodata._global_impure_ptr
                0x00000778        0x4 /home/laurie/gcc-arm/bin/../lib/gcc/arm-none-eabi/5.4.1/../../../../arm-none-eabi/lib/armv6-m/libc_nano.a(lib_a-impure.o)
                0x00000778                _global_impure_ptr
 *(.eh_frame*)
 .eh_frame      0x0000077c        0x0 /home/laurie/gcc-arm/bin/../lib/gcc/arm-none-eabi/5.4.1/armv6-m/crtbegin.o
 .eh_frame      0x0000077c        0x4 /home/laurie/gcc-arm/bin/../lib/gcc/arm-none-eabi/5.4.1/armv6-m/crtend.o

.glue_7         0x00000780        0x0
 .glue_7        0x00000780        0x0 linker stubs

.glue_7t        0x00000780        0x0
 .glue_7t       0x00000780        0x0 linker stubs

.vfp11_veneer   0x00000780        0x0
 .vfp11_veneer  0x00000780        0x0 linker stubs

.v4_bx          0x00000780        0x0
 .v4_bx         0x00000780        0x0 linker stubs

.iplt           0x00000780        0x0
 .iplt          0x00000780        0x0 /home/laurie/gcc-arm/bin/../lib/gcc/arm-none-eabi/5.4.1/armv6-m/crtbegin.o

.ARM.extab
 *(.ARM.extab* .gnu.linkonce.armextab.*)
                0x00000780                __exidx_start = .

.ARM.exidx      0x00000780        0x8
 *(.ARM.exidx* .gnu.linkonce.armexidx.*)
 .ARM.exidx     0x00000780        0x8 /home/laurie/gcc-arm/bin/../lib/gcc/arm-none-eabi/5.4.1/../../../../arm-none-eabi/lib/armv6-m/crt0.o
                0x00000788                __exidx_end = .

.rel.dyn        0x00000788        0x0
 .rel.iplt      0x00000788        0x0 /home/laurie/gcc-arm/bin/../lib/gcc/arm-none-eabi/5.4.1/armv6-m/crtbegin.o
                0x00000788                . = ALIGN (0x4)
                0x00000788                __etext = .

.data           0x1fffe0c0       0x68 load address 0x00000788
                0x1fffe0c0                . = ALIGN (0x4)
                0x1fffe0c0                __data_start__ = .
 *(vtable)
 *(.data*)
 .data.impure_data
                0x1fffe0c0       0x60 /home/laurie/gcc-arm/bin/../lib/gcc/arm-none-eabi/5.4.1/../../../../arm-none-eabi/lib/armv6-m/libc_nano.a(lib_a-impure.o)
                0x1fffe120                . = ALIGN (0x4)
                0x1fffe120                PROVIDE (__preinit_array_start, .)
 *(.preinit_array)
                0x1fffe120                PROVIDE (__preinit_array_end, .)
                0x1fffe120                . = ALIGN (0x4)
                0x1fffe120                PROVIDE (__init_array_start, .)
 *(SORT(.init_array.*))
 *(.init_array)
 .init_array    0x1fffe120        0x4 /home/laurie/gcc-arm/bin/../lib/gcc/arm-none-eabi/5.4.1/armv6-m/crtbegin.o
                0x1fffe124                PROVIDE (__init_array_end, .)
                0x1fffe124                . = ALIGN (0x4)
                [!provide]                PROVIDE (__fini_array_start, .)
 *(SORT(.fini_array.*))
 *(.fini_array)
 .fini_array    0x1fffe124        0x4 /home/laurie/gcc-arm/bin/../lib/gcc/arm-none-eabi/5.4.1/armv6-m/crtbegin.o
                [!provide]                PROVIDE (__fini_array_end, .)
                0x1fffe128                . = ALIGN (0x4)
                0x1fffe128                __data_end__ = .

.jcr            0x1fffe128        0x0 load address 0x000007f0
 .jcr           0x1fffe128        0x0 /home/laurie/gcc-arm/bin/../lib/gcc/arm-none-eabi/5.4.1/armv6-m/crtbegin.o

.igot.plt       0x1fffe128        0x0 load address 0x000007f0
 .igot.plt      0x1fffe128        0x0 /home/laurie/gcc-arm/bin/../lib/gcc/arm-none-eabi/5.4.1/armv6-m/crtbegin.o

.bss            0x1fffe128       0x1c load address 0x000007f0
                0x1fffe128                __bss_start__ = .
 *(.bss*)
 .bss           0x1fffe128       0x1c /home/laurie/gcc-arm/bin/../lib/gcc/arm-none-eabi/5.4.1/armv6-m/crtbegin.o
 *(COMMON)
                0x1fffe144                __bss_end__ = .

.heap           0x1fffe148       0x80
                0x1fffe148                __end__ = .
                0x1fffe148                end = __end__
 *(.heap*)
 .heap          0x1fffe148       0x80 build/startup_MKL46Z4.o
                0x1fffe148                __HeapBase
                0x1fffe1c8                __HeapLimit = .

.stack_dummy    0x1fffe148      0x400
 *(.stack)
 .stack         0x1fffe148      0x400 build/startup_MKL46Z4.o
                0x20006000                __StackTop = (ORIGIN (RAM) + LENGTH (RAM))
                0x20005c00                __StackLimit = (__StackTop - SIZEOF (.stack_dummy))
                0x20006000                PROVIDE (__stack, __StackTop)
                0x00000001                ASSERT ((__StackLimit >= __HeapLimit), region RAM overflowed with stack)
OUTPUT(build/billnicky.elf elf32-littlearm)

.ARM.attributes
                0x00000000       0x28
 .ARM.attributes
                0x00000000       0x1e /home/laurie/gcc-arm/bin/../lib/gcc/arm-none-eabi/5.4.1/armv6-m/crti.o
 .ARM.attributes
                0x0000001e       0x2c /home/laurie/gcc-arm/bin/../lib/gcc/arm-none-eabi/5.4.1/armv6-m/crtbegin.o
 .ARM.attributes
                0x0000004a       0x1b /home/laurie/gcc-arm/bin/../lib/gcc/arm-none-eabi/5.4.1/../../../../arm-none-eabi/lib/armv6-m/crt0.o
 .ARM.attributes
                0x00000065       0x32 build/system_MKL46Z4.o
 .ARM.attributes
                0x00000097       0x32 build/main.o
 .ARM.attributes
                0x000000c9       0x1b build/startup_MKL46Z4.o
 .ARM.attributes
                0x000000e4       0x2c /home/laurie/gcc-arm/bin/../lib/gcc/arm-none-eabi/5.4.1/../../../../arm-none-eabi/lib/armv6-m/libc_nano.a(lib_a-exit.o)
 .ARM.attributes
                0x00000110       0x2c /home/laurie/gcc-arm/bin/../lib/gcc/arm-none-eabi/5.4.1/../../../../arm-none-eabi/lib/armv6-m/libc_nano.a(lib_a-impure.o)
 .ARM.attributes
                0x0000013c       0x2c /home/laurie/gcc-arm/bin/../lib/gcc/arm-none-eabi/5.4.1/../../../../arm-none-eabi/lib/armv6-m/libc_nano.a(lib_a-init.o)
 .ARM.attributes
                0x00000168       0x2c /home/laurie/gcc-arm/bin/../lib/gcc/arm-none-eabi/5.4.1/../../../../arm-none-eabi/lib/armv6-m/libc_nano.a(lib_a-memset.o)
 .ARM.attributes
                0x00000194       0x2c /home/laurie/gcc-arm/bin/../lib/gcc/arm-none-eabi/5.4.1/../../../../arm-none-eabi/lib/armv6-m/libnosys.a(_exit.o)
 .ARM.attributes
                0x000001c0       0x2c /home/laurie/gcc-arm/bin/../lib/gcc/arm-none-eabi/5.4.1/armv6-m/crtend.o
 .ARM.attributes
                0x000001ec       0x1e /home/laurie/gcc-arm/bin/../lib/gcc/arm-none-eabi/5.4.1/armv6-m/crtn.o

.comment        0x00000000       0x6e
 .comment       0x00000000       0x6e build/system_MKL46Z4.o
                                 0x6f (size before relaxing)
 .comment       0x0000006e       0x6f build/main.o

.debug_info     0x00000000      0x8f8
 .debug_info    0x00000000      0x470 build/system_MKL46Z4.o
 .debug_info    0x00000470      0x41b build/main.o
 .debug_info    0x0000088b       0x6d build/startup_MKL46Z4.o

.debug_abbrev   0x00000000      0x235
 .debug_abbrev  0x00000000      0x106 build/system_MKL46Z4.o
 .debug_abbrev  0x00000106      0x11d build/main.o
 .debug_abbrev  0x00000223       0x12 build/startup_MKL46Z4.o

.debug_loc      0x00000000       0xb9
 .debug_loc     0x00000000       0xb9 build/system_MKL46Z4.o

.debug_aranges  0x00000000       0x88
 .debug_aranges
                0x00000000       0x28 build/system_MKL46Z4.o
 .debug_aranges
                0x00000028       0x38 build/main.o
 .debug_aranges
                0x00000060       0x28 build/startup_MKL46Z4.o

.debug_ranges   0x00000000       0x60
 .debug_ranges  0x00000000       0x18 build/system_MKL46Z4.o
 .debug_ranges  0x00000018       0x28 build/main.o
 .debug_ranges  0x00000040       0x20 build/startup_MKL46Z4.o

.debug_line     0x00000000      0x38d
 .debug_line    0x00000000      0x16a build/system_MKL46Z4.o
 .debug_line    0x0000016a      0x185 build/main.o
 .debug_line    0x000002ef       0x9e build/startup_MKL46Z4.o

.debug_str      0x00000000      0x35f
 .debug_str     0x00000000      0x310 build/system_MKL46Z4.o
                                0x355 (size before relaxing)
 .debug_str     0x00000310       0x4f build/main.o
                                0x324 (size before relaxing)

.debug_frame    0x00000000      0x14c
 .debug_frame   0x00000000       0x44 build/system_MKL46Z4.o
 .debug_frame   0x00000044       0x74 build/main.o
 .debug_frame   0x000000b8       0x28 /home/laurie/gcc-arm/bin/../lib/gcc/arm-none-eabi/5.4.1/../../../../arm-none-eabi/lib/armv6-m/libc_nano.a(lib_a-exit.o)
 .debug_frame   0x000000e0       0x2c /home/laurie/gcc-arm/bin/../lib/gcc/arm-none-eabi/5.4.1/../../../../arm-none-eabi/lib/armv6-m/libc_nano.a(lib_a-init.o)
 .debug_frame   0x0000010c       0x20 /home/laurie/gcc-arm/bin/../lib/gcc/arm-none-eabi/5.4.1/../../../../arm-none-eabi/lib/armv6-m/libc_nano.a(lib_a-memset.o)
 .debug_frame   0x0000012c       0x20 /home/laurie/gcc-arm/bin/../lib/gcc/arm-none-eabi/5.4.1/../../../../arm-none-eabi/lib/armv6-m/libnosys.a(_exit.o)
