Archive member included to satisfy reference by file (symbol)

../../../../../../../../../usb/usb_core/device/lib/bm/armgcc/MKL46Z4/debug/libusbd_bm.a(usb_class.c.obj)
                              CMakeFiles/dev_hid_my_mouse_bm.dir/home/laurie/RTES/KSDK_1.3.0/examples/frdmkl46z/demo_apps/usb/device/hid/hid_my_mouse/mouse.c.obj (USB_Class_Periodic_Task)
../../../../../../../../../usb/usb_core/device/lib/bm/armgcc/MKL46Z4/debug/libusbd_bm.a(usb_hid.c.obj)
                              CMakeFiles/dev_hid_my_mouse_bm.dir/home/laurie/RTES/KSDK_1.3.0/examples/frdmkl46z/demo_apps/usb/device/hid/hid_my_mouse/mouse.c.obj (USB_Class_HID_Init)
../../../../../../../../../usb/usb_core/device/lib/bm/armgcc/MKL46Z4/debug/libusbd_bm.a(usb_dev.c.obj)
                              ../../../../../../../../../usb/usb_core/device/lib/bm/armgcc/MKL46Z4/debug/libusbd_bm.a(usb_class.c.obj) (usb_device_get_status)
../../../../../../../../../usb/usb_core/device/lib/bm/armgcc/MKL46Z4/debug/libusbd_bm.a(usb_framework.c.obj)
                              ../../../../../../../../../usb/usb_core/device/lib/bm/armgcc/MKL46Z4/debug/libusbd_bm.a(usb_dev.c.obj) (USB_Control_Service)
../../../../../../../../../usb/usb_core/device/lib/bm/armgcc/MKL46Z4/debug/libusbd_bm.a(device_khci_interface.c.obj)
                              ../../../../../../../../../usb/usb_core/device/lib/bm/armgcc/MKL46Z4/debug/libusbd_bm.a(usb_dev.c.obj) (_usb_khci_dev_function_table)
../../../../../../../../../usb/usb_core/device/lib/bm/armgcc/MKL46Z4/debug/libusbd_bm.a(khci_dev.c.obj)
                              ../../../../../../../../../usb/usb_core/device/lib/bm/armgcc/MKL46Z4/debug/libusbd_bm.a(device_khci_interface.c.obj) (usb_dci_khci_get_xd)
../../../../../../../../../usb/usb_core/device/lib/bm/armgcc/MKL46Z4/debug/libusbd_bm.a(usb_dev_bsp.c.obj)
                              ../../../../../../../../../usb/usb_core/device/lib/bm/armgcc/MKL46Z4/debug/libusbd_bm.a(usb_dev.c.obj) (usb_dev_soc_init)
../../../../../../../../../usb/usb_core/device/lib/bm/armgcc/MKL46Z4/debug/libusbd_bm.a(adapter_sdk.c.obj)
                              ../../../../../../../../../usb/usb_core/device/lib/bm/armgcc/MKL46Z4/debug/libusbd_bm.a(khci_dev.c.obj) (soc_get_usb_vector_number)
../../../../../../../../../lib/ksdk_platform_lib/armgcc/KL46Z4/debug/libksdk_platform.a(fsl_os_abstraction_bm.c.obj)
                              ../../../../../../../../../usb/usb_core/device/lib/bm/armgcc/MKL46Z4/debug/libusbd_bm.a(adapter_sdk.c.obj) (OSA_SemaCreate)
../../../../../../../../../lib/ksdk_platform_lib/armgcc/KL46Z4/debug/libksdk_platform.a(fsl_clock_manager.c.obj)
                              CMakeFiles/dev_hid_my_mouse_bm.dir/home/laurie/RTES/KSDK_1.3.0/examples/frdmkl46z/board.c.obj (CLOCK_SYS_BootToPee)
../../../../../../../../../lib/ksdk_platform_lib/armgcc/KL46Z4/debug/libksdk_platform.a(fsl_clock_manager_common.c.obj)
                              ../../../../../../../../../lib/ksdk_platform_lib/armgcc/KL46Z4/debug/libksdk_platform.a(fsl_clock_manager.c.obj) (g_oscBase)
../../../../../../../../../lib/ksdk_platform_lib/armgcc/KL46Z4/debug/libksdk_platform.a(fsl_clock_MKL46Z4.c.obj)
                              CMakeFiles/dev_hid_my_mouse_bm.dir/home/laurie/RTES/KSDK_1.3.0/examples/frdmkl46z/board.c.obj (CLOCK_SYS_SetSimConfigration)
../../../../../../../../../lib/ksdk_platform_lib/armgcc/KL46Z4/debug/libksdk_platform.a(fsl_interrupt_manager.c.obj)
                              ../../../../../../../../../lib/ksdk_platform_lib/armgcc/KL46Z4/debug/libksdk_platform.a(fsl_os_abstraction_bm.c.obj) (INT_SYS_InstallHandler)
../../../../../../../../../lib/ksdk_platform_lib/armgcc/KL46Z4/debug/libksdk_platform.a(fsl_i2c_hal.c.obj)
                              CMakeFiles/dev_hid_my_mouse_bm.dir/home/laurie/RTES/KSDK_1.3.0/examples/frdmkl46z/demo_apps/usb/device/hid/hid_my_mouse/hardware_init.c.obj (I2C_HAL_Init)
../../../../../../../../../lib/ksdk_platform_lib/armgcc/KL46Z4/debug/libksdk_platform.a(fsl_lpsci_hal.c.obj)
                              CMakeFiles/dev_hid_my_mouse_bm.dir/home/laurie/RTES/KSDK_1.3.0/platform/utilities/src/fsl_debug_console.c.obj (LPSCI_HAL_SetBaudRate)
../../../../../../../../../lib/ksdk_platform_lib/armgcc/KL46Z4/debug/libksdk_platform.a(fsl_lptmr_hal.c.obj)
                              ../../../../../../../../../lib/ksdk_platform_lib/armgcc/KL46Z4/debug/libksdk_platform.a(fsl_os_abstraction_bm.c.obj) (LPTMR_HAL_SetTimerWorkingMode)
../../../../../../../../../lib/ksdk_platform_lib/armgcc/KL46Z4/debug/libksdk_platform.a(fsl_mcg_hal.c.obj)
                              ../../../../../../../../../lib/ksdk_platform_lib/armgcc/KL46Z4/debug/libksdk_platform.a(fsl_clock_manager.c.obj) (g_xtal0ClkFreq)
../../../../../../../../../lib/ksdk_platform_lib/armgcc/KL46Z4/debug/libksdk_platform.a(fsl_mcg_hal_modes.c.obj)
[...]
Memory Configuration

Name             Origin             Length             Attributes
m_interrupts     0x00000000         0x00000100         xr
m_flash_config   0x00000400         0x00000010         xr
m_text           0x00000410         0x0003fbf0         xr
m_data           0x1fffe000         0x00008000         rw
*default*        0x00000000         0xffffffff

Linker script and memory map

LOAD /home/laurie/gcc-arm/bin/../lib/gcc/arm-none-eabi/5.4.1/armv6-m/crti.o
LOAD /home/laurie/gcc-arm/bin/../lib/gcc/arm-none-eabi/5.4.1/armv6-m/crtbegin.o
LOAD /home/laurie/gcc-arm/bin/../lib/gcc/arm-none-eabi/5.4.1/../../../../arm-none-eabi/lib/armv6-m/crt0.o
                0x00000001                __ram_vector_table__ = 0x1
LOAD /home/laurie/gcc-arm/bin/../lib/gcc/arm-none-eabi/5.4.1/../../../../arm-none-eabi/lib/armv6-m/libm.a
                0x00000400                __stack_size__ = 0x400
                0x00000400                __heap_size__ = 0x400
LOAD CMakeFiles/dev_hid_my_mouse_bm.dir/home/laurie/RTES/KSDK_1.3.0/platform/utilities/src/fsl_misc_utilities.c.obj
LOAD CMakeFiles/dev_hid_my_mouse_bm.dir/home/laurie/RTES/KSDK_1.3.0/platform/devices/MKL46Z4/startup/gcc/startup_MKL46Z4.S.obj
LOAD CMakeFiles/dev_hid_my_mouse_bm.dir/home/laurie/RTES/KSDK_1.3.0/examples/frdmkl46z/demo_apps/usb/device/hid/hid_my_mouse/mouse.c.obj
LOAD CMakeFiles/dev_hid_my_mouse_bm.dir/home/laurie/RTES/KSDK_1.3.0/examples/frdmkl46z/demo_apps/usb/device/hid/hid_my_mouse/usb_descriptor.c.obj
LOAD CMakeFiles/dev_hid_my_mouse_bm.dir/home/laurie/RTES/KSDK_1.3.0/examples/frdmkl46z/demo_apps/usb/device/hid/hid_my_mouse/hardware_init.c.obj
LOAD CMakeFiles/dev_hid_my_mouse_bm.dir/home/laurie/RTES/KSDK_1.3.0/examples/frdmkl46z/gpio_pins.c.obj
LOAD CMakeFiles/dev_hid_my_mouse_bm.dir/home/laurie/RTES/KSDK_1.3.0/examples/frdmkl46z/pin_mux.c.obj
LOAD CMakeFiles/dev_hid_my_mouse_bm.dir/home/laurie/RTES/KSDK_1.3.0/examples/frdmkl46z/board.c.obj
LOAD CMakeFiles/dev_hid_my_mouse_bm.dir/home/laurie/RTES/KSDK_1.3.0/platform/utilities/src/fsl_debug_console.c.obj
LOAD CMakeFiles/dev_hid_my_mouse_bm.dir/home/laurie/RTES/KSDK_1.3.0/platform/utilities/src/print_scan.c.obj
LOAD CMakeFiles/dev_hid_my_mouse_bm.dir/home/laurie/RTES/KSDK_1.3.0/platform/devices/MKL46Z4/startup/system_MKL46Z4.c.obj
LOAD CMakeFiles/dev_hid_my_mouse_bm.dir/home/laurie/RTES/KSDK_1.3.0/platform/devices/startup.c.obj
START GROUP
LOAD ../../../../../../../../../usb/usb_core/device/lib/bm/armgcc/MKL46Z4/debug/libusbd_bm.a
LOAD ../../../../../../../../../lib/ksdk_platform_lib/armgcc/KL46Z4/debug/libksdk_platform.a
LOAD /home/laurie/gcc-arm/bin/../lib/gcc/arm-none-eabi/5.4.1/../../../../arm-none-eabi/lib/armv6-m/libm.a
LOAD /home/laurie/gcc-arm/bin/../lib/gcc/arm-none-eabi/5.4.1/../../../../arm-none-eabi/lib/armv6-m/libc_nano.a
LOAD /home/laurie/gcc-arm/bin/../lib/gcc/arm-none-eabi/5.4.1/armv6-m/libgcc.a
LOAD /home/laurie/gcc-arm/bin/../lib/gcc/arm-none-eabi/5.4.1/../../../../arm-none-eabi/lib/armv6-m/libnosys.a
END GROUP
START GROUP
LOAD /home/laurie/gcc-arm/bin/../lib/gcc/arm-none-eabi/5.4.1/armv6-m/libgcc.a
LOAD /home/laurie/gcc-arm/bin/../lib/gcc/arm-none-eabi/5.4.1/../../../../arm-none-eabi/lib/armv6-m/libg_nano.a
LOAD /home/laurie/gcc-arm/bin/../lib/gcc/arm-none-eabi/5.4.1/../../../../arm-none-eabi/lib/armv6-m/libc_nano.a
END GROUP
START GROUP
LOAD /home/laurie/gcc-arm/bin/../lib/gcc/arm-none-eabi/5.4.1/armv6-m/libgcc.a
LOAD /home/laurie/gcc-arm/bin/../lib/gcc/arm-none-eabi/5.4.1/../../../../arm-none-eabi/lib/armv6-m/libc_nano.a
END GROUP
LOAD /home/laurie/gcc-arm/bin/../lib/gcc/arm-none-eabi/5.4.1/armv6-m/crtend.o
LOAD /home/laurie/gcc-arm/bin/../lib/gcc/arm-none-eabi/5.4.1/armv6-m/crtn.o
                0x00000400                HEAP_SIZE = DEFINED (__heap_size__)?__heap_size__:0x400
                0x00000400                STACK_SIZE = DEFINED (__stack_size__)?__stack_size__:0x400
                0x00000000                M_VECTOR_RAM_SIZE = DEFINED (__ram_vector_table__)?0x100:0x0

.interrupts     0x00000000       0xc0
                0x00000000                __VECTOR_TABLE = .
                0x00000000                . = ALIGN (0x4)
 *(.isr_vector)
 .isr_vector    0x00000000       0xc0 CMakeFiles/dev_hid_my_mouse_bm.dir/home/laurie/RTES/KSDK_1.3.0/platform/devices/MKL46Z4/startup/gcc/startup_MKL46Z4.S.obj
                0x00000000                __isr_vector
                0x000000c0                . = ALIGN (0x4)

.flash_config   0x00000400       0x10
                0x00000400                . = ALIGN (0x4)
 *(.FlashConfig)
 .FlashConfig   0x00000400       0x10 CMakeFiles/dev_hid_my_mouse_bm.dir/home/laurie/RTES/KSDK_1.3.0/platform/devices/MKL46Z4/startup/gcc/startup_MKL46Z4.S.obj
                0x00000410                . = ALIGN (0x4)

.text           0x00000410     0xa680
                0x00000410                . = ALIGN (0x4)
 *(.text)
 .text          0x00000410       0x60 /home/laurie/gcc-arm/bin/../lib/gcc/arm-none-eabi/5.4.1/armv6-m/crtbegin.o
 .text          0x00000470       0x78 /home/laurie/gcc-arm/bin/../lib/gcc/arm-none-eabi/5.4.1/../../../../arm-none-eabi/lib/armv6-m/crt0.o
                0x00000470                _mainCRTStartup
                0x00000470                _start
 .text          0x000004e8       0x18 CMakeFiles/dev_hid_my_mouse_bm.dir/home/laurie/RTES/KSDK_1.3.0/platform/devices/MKL46Z4/startup/gcc/startup_MKL46Z4.S.obj
                0x000004e8                Reset_Handler
                0x000004f8                I2C0_IRQHandler
                0x000004f8                HardFault_Handler
                0x000004f8                SysTick_Handler
                0x000004f8                PendSV_Handler
                0x000004f8                NMI_Handler
                0x000004f8                PORTC_PORTD_IRQHandler
                0x000004f8                I2C1_IRQHandler
                0x000004f8                UART1_IRQHandler
                0x000004f8                DMA2_IRQHandler
                0x000004f8                TPM0_IRQHandler
                0x000004f8                I2S0_IRQHandler
                0x000004f8                LLWU_IRQHandler
                0x000004f8                TSI0_IRQHandler
                0x000004f8                UART0_IRQHandler
                0x000004f8                ADC0_IRQHandler
                0x000004f8                SPI1_IRQHandler
                0x000004f8                DefaultISR
                0x000004f8                TPM2_IRQHandler
                0x000004f8                RTC_IRQHandler
                0x000004f8                LCD_IRQHandler
                0x000004f8                RTC_Seconds_IRQHandler
                0x000004f8                MCG_IRQHandler
                0x000004f8                UART2_IRQHandler
                0x000004f8                Reserved20_IRQHandler
                0x000004f8                USB0_IRQHandler
                0x000004f8                PIT_IRQHandler
                0x000004f8                SVC_Handler
                0x000004f8                DMA3_IRQHandler
                0x000004f8                DMA0_IRQHandler
                0x000004f8                DAC0_IRQHandler
                0x000004f8                TPM1_IRQHandler
                0x000004f8                LVD_LVW_IRQHandler
                0x000004f8                SPI0_IRQHandler
                0x000004f8                PORTA_IRQHandler
                0x000004f8                FTFA_IRQHandler
                0x000004f8                LPTMR0_IRQHandler
                0x000004f8                CMP0_IRQHandler
                0x000004f8                DMA1_IRQHandler
 .text          0x00000500        0xe /home/laurie/gcc-arm/bin/../lib/gcc/arm-none-eabi/5.4.1/../../../../arm-none-eabi/lib/armv6-m/libc_nano.a(lib_a-strlen.o)
                0x00000500                strlen
 *fill*         0x0000050e        0x2 
 .text          0x00000510      0x114 /home/laurie/gcc-arm/bin/../lib/gcc/arm-none-eabi/5.4.1/armv6-m/libgcc.a(_udivsi3.o)
                0x00000510                __udivsi3
                0x00000510                __aeabi_uidiv
                0x0000061c                __aeabi_uidivmod
 .text          0x00000624      0x1d4 /home/laurie/gcc-arm/bin/../lib/gcc/arm-none-eabi/5.4.1/armv6-m/libgcc.a(_divsi3.o)
                0x00000624                __aeabi_idiv
                0x00000624                __divsi3
                0x000007f0                __aeabi_idivmod
 .text          0x000007f8        0x4 /home/laurie/gcc-arm/bin/../lib/gcc/arm-none-eabi/5.4.1/armv6-m/libgcc.a(_dvmd_tls.o)
                0x000007f8                __aeabi_ldiv0
                0x000007f8                __aeabi_idiv0
 *(.text*)
 .text._sbrk    0x000007fc       0x5c CMakeFiles/dev_hid_my_mouse_bm.dir/home/laurie/RTES/KSDK_1.3.0/platform/utilities/src/fsl_misc_utilities.c.obj
                0x000007fc                _sbrk
 .text.led_init
                0x00000858       0x80 CMakeFiles/dev_hid_my_mouse_bm.dir/home/laurie/RTES/KSDK_1.3.0/examples/frdmkl46z/demo_apps/usb/device/hid/hid_my_mouse/mouse.c.obj
                0x00000858                led_init
 .text.move_mouse
                0x000008d8      0x154 CMakeFiles/dev_hid_my_mouse_bm.dir/home/laurie/RTES/KSDK_1.3.0/examples/frdmkl46z/demo_apps/usb/device/hid/hid_my_mouse/mouse.c.obj
 .text.USB_App_Device_Callback
                0x00000a2c       0x74 CMakeFiles/dev_hid_my_mouse_bm.dir/home/laurie/RTES/KSDK_1.3.0/examples/frdmkl46z/demo_apps/usb/device/hid/hid_my_mouse/mouse.c.obj
                0x00000a2c                USB_App_Device_Callback
 .text.USB_App_Class_Callback
                0x00000aa0      0x15c CMakeFiles/dev_hid_my_mouse_bm.dir/home/laurie/RTES/KSDK_1.3.0/examples/frdmkl46z/demo_apps/usb/device/hid/hid_my_mouse/mouse.c.obj
                0x00000aa0                USB_App_Class_Callback
 .text.APP_init
                0x00000bfc       0x84 CMakeFiles/dev_hid_my_mouse_bm.dir/home/laurie/RTES/KSDK_1.3.0/examples/frdmkl46z/demo_apps/usb/device/hid/hid_my_mouse/mouse.c.obj
                0x00000bfc                APP_init
 .text.main     0x00000c80       0x24 CMakeFiles/dev_hid_my_mouse_bm.dir/home/laurie/RTES/KSDK_1.3.0/examples/frdmkl46z/demo_apps/usb/device/hid/hid_my_mouse/mouse.c.obj
                0x00000c80                main
 .text.USB_Desc_Get_Descriptor
                0x00000ca4      0x18c CMakeFiles/dev_hid_my_mouse_bm.dir/home/laurie/RTES/KSDK_1.3.0/examples/frdmkl46z/demo_apps/usb/device/hid/hid_my_mouse/usb_descriptor.c.obj
                0x00000ca4                USB_Desc_Get_Descriptor
 .text.USB_Desc_Get_Interface
                0x00000e30       0x3c CMakeFiles/dev_hid_my_mouse_bm.dir/home/laurie/RTES/KSDK_1.3.0/examples/frdmkl46z/demo_apps/usb/device/hid/hid_my_mouse/usb_descriptor.c.obj
                0x00000e30                USB_Desc_Get_Interface
 .text.USB_Desc_Set_Interface
                0x00000e6c       0x40 CMakeFiles/dev_hid_my_mouse_bm.dir/home/laurie/RTES/KSDK_1.3.0/examples/frdmkl46z/demo_apps/usb/device/hid/hid_my_mouse/usb_descriptor.c.obj
                0x00000e6c                USB_Desc_Set_Interface
 .text.USB_Set_Configuration
                0x00000eac       0x18 CMakeFiles/dev_hid_my_mouse_bm.dir/home/laurie/RTES/KSDK_1.3.0/examples/frdmkl46z/demo_apps/usb/device/hid/hid_my_mouse/usb_descriptor.c.obj
                0x00000eac                USB_Set_Configuration
 .text.USB_Desc_Get_Entity
                0x00000ec4       0x4c CMakeFiles/dev_hid_my_mouse_bm.dir/home/laurie/RTES/KSDK_1.3.0/examples/frdmkl46z/demo_apps/usb/device/hid/hid_my_mouse/usb_descriptor.c.obj
                0x00000ec4                USB_Desc_Get_Entity
 .text.USB_Desc_Set_Speed
                0x00000f10       0xe8 CMakeFiles/dev_hid_my_mouse_bm.dir/home/laurie/RTES/KSDK_1.3.0/examples/frdmkl46z/demo_apps/usb/device/hid/hid_my_mouse/usb_descriptor.c.obj
                0x00000f10                USB_Desc_Set_Speed
 .text.PORT_HAL_SetMuxMode
                0x00000ff8       0x50 CMakeFiles/dev_hid_my_mouse_bm.dir/home/laurie/RTES/KSDK_1.3.0/examples/frdmkl46z/demo_apps/usb/device/hid/hid_my_mouse/hardware_init.c.obj
 .text.I2C_HAL_Enable
                0x00001048       0x20 CMakeFiles/dev_hid_my_mouse_bm.dir/home/laurie/RTES/KSDK_1.3.0/examples/frdmkl46z/demo_apps/usb/device/hid/hid_my_mouse/hardware_init.c.obj
 .text.I2C_HAL_SendNak
                0x00001068       0x20 CMakeFiles/dev_hid_my_mouse_bm.dir/home/laurie/RTES/KSDK_1.3.0/examples/frdmkl46z/demo_apps/usb/device/hid/hid_my_mouse/hardware_init.c.obj
 .text.I2C_HAL_SetDirMode
                0x00001088       0x30 CMakeFiles/dev_hid_my_mouse_bm.dir/home/laurie/RTES/KSDK_1.3.0/examples/frdmkl46z/demo_apps/usb/device/hid/hid_my_mouse/hardware_init.c.obj
 .text.I2C_HAL_ReadByte
                0x000010b8       0x18 CMakeFiles/dev_hid_my_mouse_bm.dir/home/laurie/RTES/KSDK_1.3.0/examples/frdmkl46z/demo_apps/usb/device/hid/hid_my_mouse/hardware_init.c.obj
 .text.I2C_HAL_WriteByte
                0x000010d0       0x20 CMakeFiles/dev_hid_my_mouse_bm.dir/home/laurie/RTES/KSDK_1.3.0/examples/frdmkl46z/demo_apps/usb/device/hid/hid_my_mouse/hardware_init.c.obj
 .text.I2C_HAL_GetStatusFlag
                0x000010f0       0x34 CMakeFiles/dev_hid_my_mouse_bm.dir/home/laurie/RTES/KSDK_1.3.0/examples/frdmkl46z/demo_apps/usb/device/hid/hid_my_mouse/hardware_init.c.obj
 .text.I2C_HAL_SetIntCmd
                0x00001124       0x30 CMakeFiles/dev_hid_my_mouse_bm.dir/home/laurie/RTES/KSDK_1.3.0/examples/frdmkl46z/demo_apps/usb/device/hid/hid_my_mouse/hardware_init.c.obj
 .text.I2C_HAL_ClearInt
                0x00001154       0x18 CMakeFiles/dev_hid_my_mouse_bm.dir/home/laurie/RTES/KSDK_1.3.0/examples/frdmkl46z/demo_apps/usb/device/hid/hid_my_mouse/hardware_init.c.obj
 .text.PRINTINT
                0x0000116c       0x34 CMakeFiles/dev_hid_my_mouse_bm.dir/home/laurie/RTES/KSDK_1.3.0/examples/frdmkl46z/demo_apps/usb/device/hid/hid_my_mouse/hardware_init.c.obj
                0x0000116c                PRINTINT
 .text.raw_i2c_read
                0x000011a0      0x13c CMakeFiles/dev_hid_my_mouse_bm.dir/home/laurie/RTES/KSDK_1.3.0/examples/frdmkl46z/demo_apps/usb/device/hid/hid_my_mouse/hardware_init.c.obj
                0x000011a0                raw_i2c_read
 .text.raw_i2c_init
                0x000012dc       0x7c CMakeFiles/dev_hid_my_mouse_bm.dir/home/laurie/RTES/KSDK_1.3.0/examples/frdmkl46z/demo_apps/usb/device/hid/hid_my_mouse/hardware_init.c.obj
                0x000012dc                raw_i2c_init
 .text.hardware_init
                0x00001358       0x88 CMakeFiles/dev_hid_my_mouse_bm.dir/home/laurie/RTES/KSDK_1.3.0/examples/frdmkl46z/demo_apps/usb/device/hid/hid_my_mouse/hardware_init.c.obj
                0x00001358                hardware_init
 .text.PORT_HAL_SetMuxMode
                0x000013e0       0x50 CMakeFiles/dev_hid_my_mouse_bm.dir/home/laurie/RTES/KSDK_1.3.0/examples/frdmkl46z/pin_mux.c.obj
 .text.configure_lpsci_pins
                0x00001430       0x38 CMakeFiles/dev_hid_my_mouse_bm.dir/home/laurie/RTES/KSDK_1.3.0/examples/frdmkl46z/pin_mux.c.obj
                0x00001430                configure_lpsci_pins
 .text.PORT_HAL_SetMuxMode
                0x00001468       0x50 CMakeFiles/dev_hid_my_mouse_bm.dir/home/laurie/RTES/KSDK_1.3.0/examples/frdmkl46z/board.c.obj
 .text.CLOCK_HAL_SetLpsciSrc
                0x000014b8       0x34 CMakeFiles/dev_hid_my_mouse_bm.dir/home/laurie/RTES/KSDK_1.3.0/examples/frdmkl46z/board.c.obj
 .text.CLOCK_SYS_SetLpsciSrc
                0x000014ec       0x28 CMakeFiles/dev_hid_my_mouse_bm.dir/home/laurie/RTES/KSDK_1.3.0/examples/frdmkl46z/board.c.obj
 .text.SMC_HAL_SetProtection
                0x00001514       0x20 CMakeFiles/dev_hid_my_mouse_bm.dir/home/laurie/RTES/KSDK_1.3.0/examples/frdmkl46z/board.c.obj
 .text.BOARD_InitOsc0
                0x00001534       0x3c CMakeFiles/dev_hid_my_mouse_bm.dir/home/laurie/RTES/KSDK_1.3.0/examples/frdmkl46z/board.c.obj
                0x00001534                BOARD_InitOsc0
 .text.CLOCK_SetBootConfig
                0x00001570       0x3c CMakeFiles/dev_hid_my_mouse_bm.dir/home/laurie/RTES/KSDK_1.3.0/examples/frdmkl46z/board.c.obj
 .text.BOARD_ClockInit
                0x000015ac       0x44 CMakeFiles/dev_hid_my_mouse_bm.dir/home/laurie/RTES/KSDK_1.3.0/examples/frdmkl46z/board.c.obj
                0x000015ac                BOARD_ClockInit
 .text.dbg_uart_init
                0x000015f0       0x28 CMakeFiles/dev_hid_my_mouse_bm.dir/home/laurie/RTES/KSDK_1.3.0/examples/frdmkl46z/board.c.obj
                0x000015f0                dbg_uart_init
 .text.usb_device_board_init
                0x00001618       0x34 CMakeFiles/dev_hid_my_mouse_bm.dir/home/laurie/RTES/KSDK_1.3.0/examples/frdmkl46z/board.c.obj
                0x00001618                usb_device_board_init
 .text.UART_HAL_EnableTransmitter
                0x0000164c       0x20 CMakeFiles/dev_hid_my_mouse_bm.dir/home/laurie/RTES/KSDK_1.3.0/platform/utilities/src/fsl_debug_console.c.obj
 .text.UART_HAL_EnableReceiver
                0x0000166c       0x20 CMakeFiles/dev_hid_my_mouse_bm.dir/home/laurie/RTES/KSDK_1.3.0/platform/utilities/src/fsl_debug_console.c.obj
 .text.UART_HAL_SetBitCountPerChar
                0x0000168c       0x30 CMakeFiles/dev_hid_my_mouse_bm.dir/home/laurie/RTES/KSDK_1.3.0/platform/utilities/src/fsl_debug_console.c.obj
 .text.UART_HAL_SetStopBitCount
                0x000016bc       0x2c CMakeFiles/dev_hid_my_mouse_bm.dir/home/laurie/RTES/KSDK_1.3.0/platform/utilities/src/fsl_debug_console.c.obj
 .text.LPSCI_HAL_EnableTransmitter
                0x000016e8       0x20 CMakeFiles/dev_hid_my_mouse_bm.dir/home/laurie/RTES/KSDK_1.3.0/platform/utilities/src/fsl_debug_console.c.obj
 .text.LPSCI_HAL_EnableReceiver
                0x00001708       0x20 CMakeFiles/dev_hid_my_mouse_bm.dir/home/laurie/RTES/KSDK_1.3.0/platform/utilities/src/fsl_debug_console.c.obj
 .text.LPSCI_HAL_SetBitCountPerChar
                0x00001728       0x30 CMakeFiles/dev_hid_my_mouse_bm.dir/home/laurie/RTES/KSDK_1.3.0/platform/utilities/src/fsl_debug_console.c.obj
 .text.LPSCI_HAL_SetStopBitCount
                0x00001758       0x2c CMakeFiles/dev_hid_my_mouse_bm.dir/home/laurie/RTES/KSDK_1.3.0/platform/utilities/src/fsl_debug_console.c.obj
 .text.DbgConsole_Init
                0x00001784      0x158 CMakeFiles/dev_hid_my_mouse_bm.dir/home/laurie/RTES/KSDK_1.3.0/platform/utilities/src/fsl_debug_console.c.obj
                0x00001784                DbgConsole_Init
 .text._write   0x000018dc       0x58 CMakeFiles/dev_hid_my_mouse_bm.dir/home/laurie/RTES/KSDK_1.3.0/platform/utilities/src/fsl_debug_console.c.obj
                0x000018dc                _write
 .text._read    0x00001934       0x44 CMakeFiles/dev_hid_my_mouse_bm.dir/home/laurie/RTES/KSDK_1.3.0/platform/utilities/src/fsl_debug_console.c.obj
                0x00001934                _read
 .text.debug_printf
                0x00001978       0x4c CMakeFiles/dev_hid_my_mouse_bm.dir/home/laurie/RTES/KSDK_1.3.0/platform/utilities/src/fsl_debug_console.c.obj
                0x00001978                debug_printf
 .text.debug_putc
                0x000019c4       0x44 CMakeFiles/dev_hid_my_mouse_bm.dir/home/laurie/RTES/KSDK_1.3.0/platform/utilities/src/fsl_debug_console.c.obj
 .text._doprint
                0x00001a08      0x6c8 CMakeFiles/dev_hid_my_mouse_bm.dir/home/laurie/RTES/KSDK_1.3.0/platform/utilities/src/print_scan.c.obj
                0x00001a08                _doprint
 .text.mknumstr
                0x000020d0      0x10c CMakeFiles/dev_hid_my_mouse_bm.dir/home/laurie/RTES/KSDK_1.3.0/platform/utilities/src/print_scan.c.obj
 .text.fput_pad
                0x000021dc       0x44 CMakeFiles/dev_hid_my_mouse_bm.dir/home/laurie/RTES/KSDK_1.3.0/platform/utilities/src/print_scan.c.obj
 .text.SystemInit
                0x00002220      0x1b0 CMakeFiles/dev_hid_my_mouse_bm.dir/home/laurie/RTES/KSDK_1.3.0/platform/devices/MKL46Z4/startup/system_MKL46Z4.c.obj
                0x00002220                SystemInit
 .text.init_data_bss
                0x000023d0       0xc8 CMakeFiles/dev_hid_my_mouse_bm.dir/home/laurie/RTES/KSDK_1.3.0/platform/devices/startup.c.obj
                0x000023d0                init_data_bss
 .text.USB_Class_Allocate_Handle
                0x00002498       0x48 ../../../../../../../../../usb/usb_core/device/lib/bm/armgcc/MKL46Z4/debug/libusbd_bm.a(usb_class.c.obj)
 .text.USB_Class_Init
                0x000024e0       0x6c ../../../../../../../../../usb/usb_core/device/lib/bm/armgcc/MKL46Z4/debug/libusbd_bm.a(usb_class.c.obj)
                0x000024e0                USB_Class_Init
 .text.USB_Class_Send_Data
                0x0000254c       0x48 ../../../../../../../../../usb/usb_core/device/lib/bm/armgcc/MKL46Z4/debug/libusbd_bm.a(usb_class.c.obj)
                0x0000254c                USB_Class_Send_Data
 .text.USB_Class_Get_Status
                0x00002594       0x44 ../../../../../../../../../usb/usb_core/device/lib/bm/armgcc/MKL46Z4/debug/libusbd_bm.a(usb_class.c.obj)
                0x00002594                USB_Class_Get_Status
 .text.USB_Class_Get_Class_Handle
                0x000025d8       0x58 ../../../../../../../../../usb/usb_core/device/lib/bm/armgcc/MKL46Z4/debug/libusbd_bm.a(usb_class.c.obj)
                0x000025d8                USB_Class_Get_Class_Handle
 .text.USB_Class_Get_Ctrler_Handle
                0x00002630       0x24 ../../../../../../../../../usb/usb_core/device/lib/bm/armgcc/MKL46Z4/debug/libusbd_bm.a(usb_class.c.obj)
                0x00002630                USB_Class_Get_Ctrler_Handle
 .text.USB_Hid_Allocate_Handle
                0x00002654       0x50 ../../../../../../../../../usb/usb_core/device/lib/bm/armgcc/MKL46Z4/debug/libusbd_bm.a(usb_hid.c.obj)
 .text.USB_Hid_Free_Handle
                0x000026a4       0x4c ../../../../../../../../../usb/usb_core/device/lib/bm/armgcc/MKL46Z4/debug/libusbd_bm.a(usb_hid.c.obj)
 .text.USB_Hid_Get_Device_Ptr
                0x000026f0       0x14 ../../../../../../../../../usb/usb_core/device/lib/bm/armgcc/MKL46Z4/debug/libusbd_bm.a(usb_hid.c.obj)
 .text.USB_Service_Hid_IN
                0x00002704       0x40 ../../../../../../../../../usb/usb_core/device/lib/bm/armgcc/MKL46Z4/debug/libusbd_bm.a(usb_hid.c.obj)
                0x00002704                USB_Service_Hid_IN
 .text.USB_Service_Hid_OUT
                0x00002744       0x40 ../../../../../../../../../usb/usb_core/device/lib/bm/armgcc/MKL46Z4/debug/libusbd_bm.a(usb_hid.c.obj)
                0x00002744                USB_Service_Hid_OUT
 .text.USB_Class_Hid_Event
                0x00002784      0x3ec ../../../../../../../../../usb/usb_core/device/lib/bm/armgcc/MKL46Z4/debug/libusbd_bm.a(usb_hid.c.obj)
                0x00002784                USB_Class_Hid_Event
 .text.USB_HID_Requests
                0x00002b70       0x94 ../../../../../../../../../usb/usb_core/device/lib/bm/armgcc/MKL46Z4/debug/libusbd_bm.a(usb_hid.c.obj)
                0x00002b70                USB_HID_Requests
 .text.USB_Class_HID_Init
                0x00002c04      0x174 ../../../../../../../../../usb/usb_core/device/lib/bm/armgcc/MKL46Z4/debug/libusbd_bm.a(usb_hid.c.obj)
                0x00002c04                USB_Class_HID_Init
 .text.USB_Class_HID_Send_Data
                0x00002d78       0x5c ../../../../../../../../../usb/usb_core/device/lib/bm/armgcc/MKL46Z4/debug/libusbd_bm.a(usb_hid.c.obj)
                0x00002d78                USB_Class_HID_Send_Data
 .text.USB_Class_HID_Get_Speed
                0x00002dd4       0x38 ../../../../../../../../../usb/usb_core/device/lib/bm/armgcc/MKL46Z4/debug/libusbd_bm.a(usb_hid.c.obj)
                0x00002dd4                USB_Class_HID_Get_Speed
 .text._usb_device_get_handle
                0x00002e0c       0x94 ../../../../../../../../../usb/usb_core/device/lib/bm/armgcc/MKL46Z4/debug/libusbd_bm.a(usb_dev.c.obj)
 .text._usb_device_release_handle
                0x00002ea0       0x18 ../../../../../../../../../usb/usb_core/device/lib/bm/armgcc/MKL46Z4/debug/libusbd_bm.a(usb_dev.c.obj)
 .text._usb_device_get_DCI
                0x00002eb8       0x30 ../../../../../../../../../usb/usb_core/device/lib/bm/armgcc/MKL46Z4/debug/libusbd_bm.a(usb_dev.c.obj)
 .text._usb_device_call_service_internal
                0x00002ee8       0x8c ../../../../../../../../../usb/usb_core/device/lib/bm/armgcc/MKL46Z4/debug/libusbd_bm.a(usb_dev.c.obj)
                0x00002ee8                _usb_device_call_service_internal
 .text._usb_device_call_service
                0x00002f74       0x68 ../../../../../../../../../usb/usb_core/device/lib/bm/armgcc/MKL46Z4/debug/libusbd_bm.a(usb_dev.c.obj)
                0x00002f74                _usb_device_call_service
 .text.usb_device_set_address
                0x00002fdc       0x4c ../../../../../../../../../usb/usb_core/device/lib/bm/armgcc/MKL46Z4/debug/libusbd_bm.a(usb_dev.c.obj)
                0x00002fdc                usb_device_set_address
 .text.usb_device_get_status
                0x00003028       0xc0 ../../../../../../../../../usb/usb_core/device/lib/bm/armgcc/MKL46Z4/debug/libusbd_bm.a(usb_dev.c.obj)
                0x00003028                usb_device_get_status
 .text.usb_device_set_status
                0x000030e8       0x88 ../../../../../../../../../usb/usb_core/device/lib/bm/armgcc/MKL46Z4/debug/libusbd_bm.a(usb_dev.c.obj)
                0x000030e8                usb_device_set_status
 .text.usb_device_init
                0x00003170      0x1d8 ../../../../../../../../../usb/usb_core/device/lib/bm/armgcc/MKL46Z4/debug/libusbd_bm.a(usb_dev.c.obj)
                0x00003170                usb_device_init
 .text.usb_device_postinit
                0x00003348       0x40 ../../../../../../../../../usb/usb_core/device/lib/bm/armgcc/MKL46Z4/debug/libusbd_bm.a(usb_dev.c.obj)
                0x00003348                usb_device_postinit
 .text.usb_device_init_endpoint
                0x00003388       0xac ../../../../../../../../../usb/usb_core/device/lib/bm/armgcc/MKL46Z4/debug/libusbd_bm.a(usb_dev.c.obj)
                0x00003388                usb_device_init_endpoint
 .text.usb_device_register_service
                0x00003434       0xdc ../../../../../../../../../usb/usb_core/device/lib/bm/armgcc/MKL46Z4/debug/libusbd_bm.a(usb_dev.c.obj)
                0x00003434                usb_device_register_service
 .text.usb_device_recv_data
                0x00003510       0xfc ../../../../../../../../../usb/usb_core/device/lib/bm/armgcc/MKL46Z4/debug/libusbd_bm.a(usb_dev.c.obj)
                0x00003510                usb_device_recv_data
 .text.usb_device_send_data
                0x0000360c      0x110 ../../../../../../../../../usb/usb_core/device/lib/bm/armgcc/MKL46Z4/debug/libusbd_bm.a(usb_dev.c.obj)
                0x0000360c                usb_device_send_data
 .text.usb_device_unstall_endpoint
                0x0000371c       0x8c ../../../../../../../../../usb/usb_core/device/lib/bm/armgcc/MKL46Z4/debug/libusbd_bm.a(usb_dev.c.obj)
                0x0000371c                usb_device_unstall_endpoint
 .text.usb_device_stall_endpoint
                0x000037a8       0x78 ../../../../../../../../../usb/usb_core/device/lib/bm/armgcc/MKL46Z4/debug/libusbd_bm.a(usb_dev.c.obj)
                0x000037a8                usb_device_stall_endpoint
 .text.usb_device_register_application_notify
                0x00003820       0x40 ../../../../../../../../../usb/usb_core/device/lib/bm/armgcc/MKL46Z4/debug/libusbd_bm.a(usb_dev.c.obj)
                0x00003820                usb_device_register_application_notify
 .text.usb_device_register_vendor_class_request_notify
                0x00003860       0x40 ../../../../../../../../../usb/usb_core/device/lib/bm/armgcc/MKL46Z4/debug/libusbd_bm.a(usb_dev.c.obj)
                0x00003860                usb_device_register_vendor_class_request_notify
 .text.usb_device_register_desc_request_notify
                0x000038a0       0x40 ../../../../../../../../../usb/usb_core/device/lib/bm/armgcc/MKL46Z4/debug/libusbd_bm.a(usb_dev.c.obj)
                0x000038a0                usb_device_register_desc_request_notify
 .text.usb_device_reset
                0x000038e0       0x44 ../../../../../../../../../usb/usb_core/device/lib/bm/armgcc/MKL46Z4/debug/libusbd_bm.a(usb_dev.c.obj)
                0x000038e0                usb_device_reset
 .text.USB_Control_Service
                0x00003924      0x22c ../../../../../../../../../usb/usb_core/device/lib/bm/armgcc/MKL46Z4/debug/libusbd_bm.a(usb_framework.c.obj)
                0x00003924                USB_Control_Service
 .text.USB_Reset_Service
                0x00003b50       0x88 ../../../../../../../../../usb/usb_core/device/lib/bm/armgcc/MKL46Z4/debug/libusbd_bm.a(usb_framework.c.obj)
                0x00003b50                USB_Reset_Service
 .text.USB_Control_Service_Handler
                0x00003bd8       0x90 ../../../../../../../../../usb/usb_core/device/lib/bm/armgcc/MKL46Z4/debug/libusbd_bm.a(usb_framework.c.obj)
                0x00003bd8                USB_Control_Service_Handler
 .text.USB_Strd_Req_Get_Status
                0x00003c68       0xcc ../../../../../../../../../usb/usb_core/device/lib/bm/armgcc/MKL46Z4/debug/libusbd_bm.a(usb_framework.c.obj)
 .text.USB_Strd_Req_Feature
                0x00003d34      0x188 ../../../../../../../../../usb/usb_core/device/lib/bm/armgcc/MKL46Z4/debug/libusbd_bm.a(usb_framework.c.obj)
 .text.USB_Strd_Req_Set_Address
                0x00003ebc       0x34 ../../../../../../../../../usb/usb_core/device/lib/bm/armgcc/MKL46Z4/debug/libusbd_bm.a(usb_framework.c.obj)
 .text.USB_Strd_Req_Assign_Address
                0x00003ef0       0x24 ../../../../../../../../../usb/usb_core/device/lib/bm/armgcc/MKL46Z4/debug/libusbd_bm.a(usb_framework.c.obj)
 .text.USB_Strd_Req_Get_Config
                0x00003f14       0x30 ../../../../../../../../../usb/usb_core/device/lib/bm/armgcc/MKL46Z4/debug/libusbd_bm.a(usb_framework.c.obj)
 .text.USB_Strd_Req_Set_Config
                0x00003f44       0xd0 ../../../../../../../../../usb/usb_core/device/lib/bm/armgcc/MKL46Z4/debug/libusbd_bm.a(usb_framework.c.obj)
 .text.USB_Strd_Req_Get_Interface
                0x00004014       0x6c ../../../../../../../../../usb/usb_core/device/lib/bm/armgcc/MKL46Z4/debug/libusbd_bm.a(usb_framework.c.obj)
 .text.USB_Strd_Req_Set_Interface
                0x00004080       0xb4 ../../../../../../../../../usb/usb_core/device/lib/bm/armgcc/MKL46Z4/debug/libusbd_bm.a(usb_framework.c.obj)
 .text.USB_Strd_Req_Sync_Frame
                0x00004134       0x48 ../../../../../../../../../usb/usb_core/device/lib/bm/armgcc/MKL46Z4/debug/libusbd_bm.a(usb_framework.c.obj)
 .text.USB_Strd_Req_Get_Descriptor
                0x0000417c       0x9c ../../../../../../../../../usb/usb_core/device/lib/bm/armgcc/MKL46Z4/debug/libusbd_bm.a(usb_framework.c.obj)
 .text.NVIC_EnableIRQ
                0x00004218       0x2c ../../../../../../../../../usb/usb_core/device/lib/bm/armgcc/MKL46Z4/debug/libusbd_bm.a(khci_dev.c.obj)
 .text.NVIC_SetPriority
                0x00004244       0xdc ../../../../../../../../../usb/usb_core/device/lib/bm/armgcc/MKL46Z4/debug/libusbd_bm.a(khci_dev.c.obj)
 .text.usb_hal_khci_set_buffer_descriptor_table_addr
                0x00004320       0x3c ../../../../../../../../../usb/usb_core/device/lib/bm/armgcc/MKL46Z4/debug/libusbd_bm.a(khci_dev.c.obj)
 .text.usb_hal_khci_enable_interrupts
                0x0000435c       0x28 ../../../../../../../../../usb/usb_core/device/lib/bm/armgcc/MKL46Z4/debug/libusbd_bm.a(khci_dev.c.obj)
 .text.usb_hal_khci_disable_interrupts
                0x00004384       0x30 ../../../../../../../../../usb/usb_core/device/lib/bm/armgcc/MKL46Z4/debug/libusbd_bm.a(khci_dev.c.obj)
 .text.usb_hal_khci_clr_interrupt
                0x000043b4       0x20 ../../../../../../../../../usb/usb_core/device/lib/bm/armgcc/MKL46Z4/debug/libusbd_bm.a(khci_dev.c.obj)
 .text.usb_hal_khci_clr_all_interrupts
                0x000043d4       0x1c ../../../../../../../../../usb/usb_core/device/lib/bm/armgcc/MKL46Z4/debug/libusbd_bm.a(khci_dev.c.obj)
 .text.usb_hal_khci_is_interrupt_issued
                0x000043f0       0x3c ../../../../../../../../../usb/usb_core/device/lib/bm/armgcc/MKL46Z4/debug/libusbd_bm.a(khci_dev.c.obj)
 .text.usb_hal_khci_enable_all_error_interrupts
                0x0000442c       0x1c ../../../../../../../../../usb/usb_core/device/lib/bm/armgcc/MKL46Z4/debug/libusbd_bm.a(khci_dev.c.obj)
 .text.usb_hal_khci_clr_all_error_interrupts
                0x00004448       0x1c ../../../../../../../../../usb/usb_core/device/lib/bm/armgcc/MKL46Z4/debug/libusbd_bm.a(khci_dev.c.obj)
 .text.usb_hal_khci_clr_token_busy
                0x00004464       0x24 ../../../../../../../../../usb/usb_core/device/lib/bm/armgcc/MKL46Z4/debug/libusbd_bm.a(khci_dev.c.obj)
 .text.usb_hal_khci_set_oddrst
                0x00004488       0x24 ../../../../../../../../../usb/usb_core/device/lib/bm/armgcc/MKL46Z4/debug/libusbd_bm.a(khci_dev.c.obj)
 .text.usb_hal_khci_clr_oddrst
                0x000044ac       0x24 ../../../../../../../../../usb/usb_core/device/lib/bm/armgcc/MKL46Z4/debug/libusbd_bm.a(khci_dev.c.obj)
 .text.usb_hal_khci_enable_sof
                0x000044d0       0x24 ../../../../../../../../../usb/usb_core/device/lib/bm/armgcc/MKL46Z4/debug/libusbd_bm.a(khci_dev.c.obj)
 .text.usb_hal_khci_clear_control_register
                0x000044f4       0x24 ../../../../../../../../../usb/usb_core/device/lib/bm/armgcc/MKL46Z4/debug/libusbd_bm.a(khci_dev.c.obj)
 .text.usb_hal_khci_get_transfer_status
                0x00004518       0x1c ../../../../../../../../../usb/usb_core/device/lib/bm/armgcc/MKL46Z4/debug/libusbd_bm.a(khci_dev.c.obj)
 .text.usb_hal_khci_get_transfer_done_ep_number
                0x00004534       0x28 ../../../../../../../../../usb/usb_core/device/lib/bm/armgcc/MKL46Z4/debug/libusbd_bm.a(khci_dev.c.obj)
 .text.usb_hal_khci_get_transfer_done_direction
                0x0000455c       0x28 ../../../../../../../../../usb/usb_core/device/lib/bm/armgcc/MKL46Z4/debug/libusbd_bm.a(khci_dev.c.obj)
 .text.usb_hal_khci_get_transfer_done_odd
                0x00004584       0x28 ../../../../../../../../../usb/usb_core/device/lib/bm/armgcc/MKL46Z4/debug/libusbd_bm.a(khci_dev.c.obj)
 .text.usb_hal_khci_get_frame_number
                0x000045ac       0x3c ../../../../../../../../../usb/usb_core/device/lib/bm/armgcc/MKL46Z4/debug/libusbd_bm.a(khci_dev.c.obj)
 .text.usb_hal_khci_set_device_addr
                0x000045e8       0x38 ../../../../../../../../../usb/usb_core/device/lib/bm/armgcc/MKL46Z4/debug/libusbd_bm.a(khci_dev.c.obj)
 .text.usb_hal_khci_endpoint_shut_down
                0x00004620       0x24 ../../../../../../../../../usb/usb_core/device/lib/bm/armgcc/MKL46Z4/debug/libusbd_bm.a(khci_dev.c.obj)
 .text.usb_hal_khci_endpoint_enable_handshake
                0x00004644       0x3c ../../../../../../../../../usb/usb_core/device/lib/bm/armgcc/MKL46Z4/debug/libusbd_bm.a(khci_dev.c.obj)
 .text.usb_hal_khci_endpoint_set_direction
                0x00004680       0x40 ../../../../../../../../../usb/usb_core/device/lib/bm/armgcc/MKL46Z4/debug/libusbd_bm.a(khci_dev.c.obj)
 .text.usb_hal_khci_endpoint_clr_stall
                0x000046c0       0x2c ../../../../../../../../../usb/usb_core/device/lib/bm/armgcc/MKL46Z4/debug/libusbd_bm.a(khci_dev.c.obj)
 .text.usb_hal_khci_enable_pull_down
                0x000046ec       0x28 ../../../../../../../../../usb/usb_core/device/lib/bm/armgcc/MKL46Z4/debug/libusbd_bm.a(khci_dev.c.obj)
 .text.usb_hal_khci_enable_dp_pull_up
                0x00004714       0x48 ../../../../../../../../../usb/usb_core/device/lib/bm/armgcc/MKL46Z4/debug/libusbd_bm.a(khci_dev.c.obj)
 .text.usb_hal_khci_disable_dp_pull_up
                0x0000475c       0x48 ../../../../../../../../../usb/usb_core/device/lib/bm/armgcc/MKL46Z4/debug/libusbd_bm.a(khci_dev.c.obj)
 .text.usb_hal_khci_set_suspend
                0x000047a4       0x28 ../../../../../../../../../usb/usb_core/device/lib/bm/armgcc/MKL46Z4/debug/libusbd_bm.a(khci_dev.c.obj)
 .text.usb_hal_khci_clr_suspend
                0x000047cc       0x28 ../../../../../../../../../usb/usb_core/device/lib/bm/armgcc/MKL46Z4/debug/libusbd_bm.a(khci_dev.c.obj)
 .text.usb_hal_khci_set_weak_pulldown
                0x000047f4       0x1c ../../../../../../../../../usb/usb_core/device/lib/bm/armgcc/MKL46Z4/debug/libusbd_bm.a(khci_dev.c.obj)
 .text.usb_hal_khci_reset_control_register
                0x00004810       0x1c ../../../../../../../../../usb/usb_core/device/lib/bm/armgcc/MKL46Z4/debug/libusbd_bm.a(khci_dev.c.obj)
 .text.usb_hal_khci_set_internal_pullup
                0x0000482c       0x20 ../../../../../../../../../usb/usb_core/device/lib/bm/armgcc/MKL46Z4/debug/libusbd_bm.a(khci_dev.c.obj)
 .text.usb_hal_khci_set_trc0
                0x0000484c       0x28 ../../../../../../../../../usb/usb_core/device/lib/bm/armgcc/MKL46Z4/debug/libusbd_bm.a(khci_dev.c.obj)
 .text.usb_dci_khci_free_xd
                0x00004874       0x50 ../../../../../../../../../usb/usb_core/device/lib/bm/armgcc/MKL46Z4/debug/libusbd_bm.a(khci_dev.c.obj)
                0x00004874                usb_dci_khci_free_xd
 .text.usb_dci_khci_get_xd
                0x000048c4       0x68 ../../../../../../../../../usb/usb_core/device/lib/bm/armgcc/MKL46Z4/debug/libusbd_bm.a(khci_dev.c.obj)
                0x000048c4                usb_dci_khci_get_xd
 .text.usb_dci_khci_init_xd
                0x0000492c       0x6c ../../../../../../../../../usb/usb_core/device/lib/bm/armgcc/MKL46Z4/debug/libusbd_bm.a(khci_dev.c.obj)
                0x0000492c                usb_dci_khci_init_xd
 .text._usb_khci_next_setup_token_prep
                0x00004998       0xc4 ../../../../../../../../../usb/usb_core/device/lib/bm/armgcc/MKL46Z4/debug/libusbd_bm.a(khci_dev.c.obj)
 .text._usb_khci_ep_read
                0x00004a5c       0xe8 ../../../../../../../../../usb/usb_core/device/lib/bm/armgcc/MKL46Z4/debug/libusbd_bm.a(khci_dev.c.obj)
 .text._usb_khci_ep_write
                0x00004b44      0x11c ../../../../../../../../../usb/usb_core/device/lib/bm/armgcc/MKL46Z4/debug/libusbd_bm.a(khci_dev.c.obj)
 .text._usb_khci_reset_ep_state
                0x00004c60      0x150 ../../../../../../../../../usb/usb_core/device/lib/bm/armgcc/MKL46Z4/debug/libusbd_bm.a(khci_dev.c.obj)
 .text._usb_khci_service_reset_intr
                0x00004db0       0x78 ../../../../../../../../../usb/usb_core/device/lib/bm/armgcc/MKL46Z4/debug/libusbd_bm.a(khci_dev.c.obj)
 .text._usb_khci_service_tk_dne_intr
                0x00004e28      0x570 ../../../../../../../../../usb/usb_core/device/lib/bm/armgcc/MKL46Z4/debug/libusbd_bm.a(khci_dev.c.obj)
 .text._usb_khci_service_sof_token_intr
                0x00005398       0x3c ../../../../../../../../../usb/usb_core/device/lib/bm/armgcc/MKL46Z4/debug/libusbd_bm.a(khci_dev.c.obj)
 .text._usb_khci_service_stall_intr
                0x000053d4      0x154 ../../../../../../../../../usb/usb_core/device/lib/bm/armgcc/MKL46Z4/debug/libusbd_bm.a(khci_dev.c.obj)
 .text._usb_khci_isr
                0x00005528       0x78 ../../../../../../../../../usb/usb_core/device/lib/bm/armgcc/MKL46Z4/debug/libusbd_bm.a(khci_dev.c.obj)
 .text.usb_dci_khci_preinit
                0x000055a0       0x48 ../../../../../../../../../usb/usb_core/device/lib/bm/armgcc/MKL46Z4/debug/libusbd_bm.a(khci_dev.c.obj)
                0x000055a0                usb_dci_khci_preinit
 .text.usb_dci_khci_init
                0x000055e8      0x108 ../../../../../../../../../usb/usb_core/device/lib/bm/armgcc/MKL46Z4/debug/libusbd_bm.a(khci_dev.c.obj)
                0x000055e8                usb_dci_khci_init
 .text.usb_dci_khci_postinit
                0x000056f0       0x48 ../../../../../../../../../usb/usb_core/device/lib/bm/armgcc/MKL46Z4/debug/libusbd_bm.a(khci_dev.c.obj)
                0x000056f0                usb_dci_khci_postinit
 .text.usb_dci_khci_init_endpoint
                0x00005738      0x1c0 ../../../../../../../../../usb/usb_core/device/lib/bm/armgcc/MKL46Z4/debug/libusbd_bm.a(khci_dev.c.obj)
                0x00005738                usb_dci_khci_init_endpoint
 .text.usb_dci_khci_deinit_endpoint
                0x000058f8       0xdc ../../../../../../../../../usb/usb_core/device/lib/bm/armgcc/MKL46Z4/debug/libusbd_bm.a(khci_dev.c.obj)
                0x000058f8                usb_dci_khci_deinit_endpoint
 .text.usb_dci_khci_send
                0x000059d4       0xa0 ../../../../../../../../../usb/usb_core/device/lib/bm/armgcc/MKL46Z4/debug/libusbd_bm.a(khci_dev.c.obj)
                0x000059d4                usb_dci_khci_send
 .text.usb_dci_khci_recv
                0x00005a74      0x140 ../../../../../../../../../usb/usb_core/device/lib/bm/armgcc/MKL46Z4/debug/libusbd_bm.a(khci_dev.c.obj)
                0x00005a74                usb_dci_khci_recv
 .text.usb_dci_khci_stall_endpoint
                0x00005bb4      0x13c ../../../../../../../../../usb/usb_core/device/lib/bm/armgcc/MKL46Z4/debug/libusbd_bm.a(khci_dev.c.obj)
                0x00005bb4                usb_dci_khci_stall_endpoint
 .text.usb_dci_khci_unstall_endpoint
                0x00005cf0      0x1bc ../../../../../../../../../usb/usb_core/device/lib/bm/armgcc/MKL46Z4/debug/libusbd_bm.a(khci_dev.c.obj)
                0x00005cf0                usb_dci_khci_unstall_endpoint
 .text.usb_dci_khci_cancel
                0x00005eac       0xf0 ../../../../../../../../../usb/usb_core/device/lib/bm/armgcc/MKL46Z4/debug/libusbd_bm.a(khci_dev.c.obj)
                0x00005eac                usb_dci_khci_cancel
 .text.usb_dci_khci_set_addr
                0x00005f9c       0x3c ../../../../../../../../../usb/usb_core/device/lib/bm/armgcc/MKL46Z4/debug/libusbd_bm.a(khci_dev.c.obj)
                0x00005f9c                usb_dci_khci_set_addr
 .text.usb_dci_khci_shutdown
                0x00005fd8       0x5c ../../../../../../../../../usb/usb_core/device/lib/bm/armgcc/MKL46Z4/debug/libusbd_bm.a(khci_dev.c.obj)
                0x00005fd8                usb_dci_khci_shutdown
 .text.usb_dci_khci_get_endpoint_status
                0x00006034       0x44 ../../../../../../../../../usb/usb_core/device/lib/bm/armgcc/MKL46Z4/debug/libusbd_bm.a(khci_dev.c.obj)
                0x00006034                usb_dci_khci_get_endpoint_status
 .text.usb_dci_khci_set_endpoint_status
                0x00006078       0xe0 ../../../../../../../../../usb/usb_core/device/lib/bm/armgcc/MKL46Z4/debug/libusbd_bm.a(khci_dev.c.obj)
                0x00006078                usb_dci_khci_set_endpoint_status
 .text.usb_dci_khci_set_status
                0x00006158       0x88 ../../../../../../../../../usb/usb_core/device/lib/bm/armgcc/MKL46Z4/debug/libusbd_bm.a(khci_dev.c.obj)
                0x00006158                usb_dci_khci_set_status
 .text.usb_dci_khci_get_status
                0x000061e0       0x94 ../../../../../../../../../usb/usb_core/device/lib/bm/armgcc/MKL46Z4/debug/libusbd_bm.a(khci_dev.c.obj)
                0x000061e0                usb_dci_khci_get_status
 .text.usb_dci_khci_reset
                0x00006274       0x78 ../../../../../../../../../usb/usb_core/device/lib/bm/armgcc/MKL46Z4/debug/libusbd_bm.a(khci_dev.c.obj)
                0x00006274                usb_dci_khci_reset
 .text.SIM_HAL_EnableClock
                0x000062ec       0x5c ../../../../../../../../../usb/usb_core/device/lib/bm/armgcc/MKL46Z4/debug/libusbd_bm.a(usb_dev_bsp.c.obj)
 .text.CLOCK_HAL_SetUsbfsSrc
                0x00006348       0x34 ../../../../../../../../../usb/usb_core/device/lib/bm/armgcc/MKL46Z4/debug/libusbd_bm.a(usb_dev_bsp.c.obj)
 .text.CLOCK_HAL_GetUsbfsSrc
                0x0000637c       0x2c ../../../../../../../../../usb/usb_core/device/lib/bm/armgcc/MKL46Z4/debug/libusbd_bm.a(usb_dev_bsp.c.obj)
 .text.CLOCK_HAL_SetPllfllSel
                0x000063a8       0x34 ../../../../../../../../../usb/usb_core/device/lib/bm/armgcc/MKL46Z4/debug/libusbd_bm.a(usb_dev_bsp.c.obj)
 .text.SIM_HAL_SetUsbVoltRegulatorCmd
                0x000063dc       0x34 ../../../../../../../../../usb/usb_core/device/lib/bm/armgcc/MKL46Z4/debug/libusbd_bm.a(usb_dev_bsp.c.obj)
 .text.SIM_HAL_SetUsbVoltRegulatorWriteCmd
                0x00006410       0x38 ../../../../../../../../../usb/usb_core/device/lib/bm/armgcc/MKL46Z4/debug/libusbd_bm.a(usb_dev_bsp.c.obj)
 .text.CLOCK_SYS_SetPllfllSel
                0x00006448       0x28 ../../../../../../../../../usb/usb_core/device/lib/bm/armgcc/MKL46Z4/debug/libusbd_bm.a(usb_dev_bsp.c.obj)
 .text.CLOCK_SYS_SetUsbfsSrc
                0x00006470       0x28 ../../../../../../../../../usb/usb_core/device/lib/bm/armgcc/MKL46Z4/debug/libusbd_bm.a(usb_dev_bsp.c.obj)
 .text.CLOCK_SYS_GetUsbfsSrc
                0x00006498       0x24 ../../../../../../../../../usb/usb_core/device/lib/bm/armgcc/MKL46Z4/debug/libusbd_bm.a(usb_dev_bsp.c.obj)
 .text.CLOCK_SYS_EnableUsbfsClock
                0x000064bc       0x20 ../../../../../../../../../usb/usb_core/device/lib/bm/armgcc/MKL46Z4/debug/libusbd_bm.a(usb_dev_bsp.c.obj)
 .text.usb_dev_soc_init
                0x000064dc      0x114 ../../../../../../../../../usb/usb_core/device/lib/bm/armgcc/MKL46Z4/debug/libusbd_bm.a(usb_dev_bsp.c.obj)
                0x000064dc                usb_dev_soc_init
 .text.soc_get_usb_dev_int_level
                0x000065f0       0x18 ../../../../../../../../../usb/usb_core/device/lib/bm/armgcc/MKL46Z4/debug/libusbd_bm.a(usb_dev_bsp.c.obj)
                0x000065f0                soc_get_usb_dev_int_level
 .text.soc_get_usb_vector_number
                0x00006608       0x24 ../../../../../../../../../usb/usb_core/device/lib/bm/armgcc/MKL46Z4/debug/libusbd_bm.a(adapter_sdk.c.obj)
                0x00006608                soc_get_usb_vector_number
 .text.soc_get_usb_base_address
                0x0000662c       0x28 ../../../../../../../../../usb/usb_core/device/lib/bm/armgcc/MKL46Z4/debug/libusbd_bm.a(adapter_sdk.c.obj)
                0x0000662c                soc_get_usb_base_address
 .text.OS_Mutex_create
                0x00006654       0x3c ../../../../../../../../../usb/usb_core/device/lib/bm/armgcc/MKL46Z4/debug/libusbd_bm.a(adapter_sdk.c.obj)
                0x00006654                OS_Mutex_create
 .text.OS_Mutex_destroy
                0x00006690       0x2c ../../../../../../../../../usb/usb_core/device/lib/bm/armgcc/MKL46Z4/debug/libusbd_bm.a(adapter_sdk.c.obj)
                0x00006690                OS_Mutex_destroy
 .text.OS_Mutex_lock
                0x000066bc       0x44 ../../../../../../../../../usb/usb_core/device/lib/bm/armgcc/MKL46Z4/debug/libusbd_bm.a(adapter_sdk.c.obj)
                0x000066bc                OS_Mutex_lock
 .text.OS_Mutex_unlock
                0x00006700       0x24 ../../../../../../../../../usb/usb_core/device/lib/bm/armgcc/MKL46Z4/debug/libusbd_bm.a(adapter_sdk.c.obj)
                0x00006700                OS_Mutex_unlock
 .text.SIM_HAL_EnableClock
                0x00006724       0x5c ../../../../../../../../../lib/ksdk_platform_lib/armgcc/KL46Z4/debug/libksdk_platform.a(fsl_os_abstraction_bm.c.obj)
 .text.CLOCK_SYS_EnableLptmrClock
                0x00006780       0x20 ../../../../../../../../../lib/ksdk_platform_lib/armgcc/KL46Z4/debug/libksdk_platform.a(fsl_os_abstraction_bm.c.obj)
 .text.LPTMR_HAL_Enable
                0x000067a0       0x20 ../../../../../../../../../lib/ksdk_platform_lib/armgcc/KL46Z4/debug/libksdk_platform.a(fsl_os_abstraction_bm.c.obj)
 .text.LPTMR_HAL_Disable
                0x000067c0       0x20 ../../../../../../../../../lib/ksdk_platform_lib/armgcc/KL46Z4/debug/libksdk_platform.a(fsl_os_abstraction_bm.c.obj)
 .text.LPTMR_HAL_SetIntCmd
                0x000067e0       0x28 ../../../../../../../../../lib/ksdk_platform_lib/armgcc/KL46Z4/debug/libksdk_platform.a(fsl_os_abstraction_bm.c.obj)
 .text.OSA_TimeInit
                0x00006808       0x64 ../../../../../../../../../lib/ksdk_platform_lib/armgcc/KL46Z4/debug/libksdk_platform.a(fsl_os_abstraction_bm.c.obj)
                0x00006808                OSA_TimeInit
 .text.OSA_TimeDiff
                0x0000686c       0x30 ../../../../../../../../../lib/ksdk_platform_lib/armgcc/KL46Z4/debug/libksdk_platform.a(fsl_os_abstraction_bm.c.obj)
                0x0000686c                OSA_TimeDiff
 .text.OSA_MutexCreate
                0x0000689c       0x48 ../../../../../../../../../lib/ksdk_platform_lib/armgcc/KL46Z4/debug/libksdk_platform.a(fsl_os_abstraction_bm.c.obj)
                0x0000689c                OSA_MutexCreate
 .text.OSA_MutexLock
                0x000068e4       0xc8 ../../../../../../../../../lib/ksdk_platform_lib/armgcc/KL46Z4/debug/libksdk_platform.a(fsl_os_abstraction_bm.c.obj)
                0x000068e4                OSA_MutexLock
 .text.OSA_MutexUnlock
                0x000069ac       0x44 ../../../../../../../../../lib/ksdk_platform_lib/armgcc/KL46Z4/debug/libksdk_platform.a(fsl_os_abstraction_bm.c.obj)
                0x000069ac                OSA_MutexUnlock
 .text.OSA_MutexDestroy
                0x000069f0       0x34 ../../../../../../../../../lib/ksdk_platform_lib/armgcc/KL46Z4/debug/libksdk_platform.a(fsl_os_abstraction_bm.c.obj)
                0x000069f0                OSA_MutexDestroy
 .text.task_init
                0x00006a24       0x60 ../../../../../../../../../lib/ksdk_platform_lib/armgcc/KL46Z4/debug/libksdk_platform.a(fsl_os_abstraction_bm.c.obj)
                0x00006a24                task_init
 .text.OSA_MemAllocZero
                0x00006a84       0x1c ../../../../../../../../../lib/ksdk_platform_lib/armgcc/KL46Z4/debug/libksdk_platform.a(fsl_os_abstraction_bm.c.obj)
                0x00006a84                OSA_MemAllocZero
 .text.OSA_MemFree
                0x00006aa0       0x1c ../../../../../../../../../lib/ksdk_platform_lib/armgcc/KL46Z4/debug/libksdk_platform.a(fsl_os_abstraction_bm.c.obj)
                0x00006aa0                OSA_MemFree
 .text.OSA_TimeGetMsec
                0x00006abc       0x18 ../../../../../../../../../lib/ksdk_platform_lib/armgcc/KL46Z4/debug/libksdk_platform.a(fsl_os_abstraction_bm.c.obj)
                0x00006abc                OSA_TimeGetMsec
 .text.OSA_InstallIntHandler
                0x00006ad4       0x24 ../../../../../../../../../lib/ksdk_platform_lib/armgcc/KL46Z4/debug/libksdk_platform.a(fsl_os_abstraction_bm.c.obj)
                0x00006ad4                OSA_InstallIntHandler
 .text.OSA_EnterCritical
                0x00006af8       0x24 ../../../../../../../../../lib/ksdk_platform_lib/armgcc/KL46Z4/debug/libksdk_platform.a(fsl_os_abstraction_bm.c.obj)
                0x00006af8                OSA_EnterCritical
 .text.OSA_ExitCritical
                0x00006b1c       0x24 ../../../../../../../../../lib/ksdk_platform_lib/armgcc/KL46Z4/debug/libksdk_platform.a(fsl_os_abstraction_bm.c.obj)
                0x00006b1c                OSA_ExitCritical
 .text.OSA_Init
                0x00006b40       0x14 ../../../../../../../../../lib/ksdk_platform_lib/armgcc/KL46Z4/debug/libksdk_platform.a(fsl_os_abstraction_bm.c.obj)
                0x00006b40                OSA_Init
 .text.OSA_Start
                0x00006b54       0x38 ../../../../../../../../../lib/ksdk_platform_lib/armgcc/KL46Z4/debug/libksdk_platform.a(fsl_os_abstraction_bm.c.obj)
                0x00006b54                OSA_Start
 .text.CLOCK_HAL_SetClkOutSrc
                0x00006b8c       0x30 ../../../../../../../../../lib/ksdk_platform_lib/armgcc/KL46Z4/debug/libksdk_platform.a(fsl_clock_manager.c.obj)
 .text.CLOCK_HAL_SetClksFrdivIrefs
                0x00006bbc       0x68 ../../../../../../../../../lib/ksdk_platform_lib/armgcc/KL46Z4/debug/libksdk_platform.a(fsl_clock_manager.c.obj)
 .text.CLOCK_HAL_GetClkOutStat
                0x00006c24       0x24 ../../../../../../../../../lib/ksdk_platform_lib/armgcc/KL46Z4/debug/libksdk_platform.a(fsl_clock_manager.c.obj)
 .text.CLOCK_HAL_GetFllSrc
                0x00006c48       0x20 ../../../../../../../../../lib/ksdk_platform_lib/armgcc/KL46Z4/debug/libksdk_platform.a(fsl_clock_manager.c.obj)
 .text.CLOCK_HAL_IsOsc0Stable
                0x00006c68       0x28 ../../../../../../../../../lib/ksdk_platform_lib/armgcc/KL46Z4/debug/libksdk_platform.a(fsl_clock_manager.c.obj)
 .text.OSC_HAL_SetExternalRefClkCmd
                0x00006c90       0x2c ../../../../../../../../../lib/ksdk_platform_lib/armgcc/KL46Z4/debug/libksdk_platform.a(fsl_clock_manager.c.obj)
 .text.OSC_HAL_SetExternalRefClkInStopModeCmd
                0x00006cbc       0x2c ../../../../../../../../../lib/ksdk_platform_lib/armgcc/KL46Z4/debug/libksdk_platform.a(fsl_clock_manager.c.obj)
 .text.CLOCK_SYS_BootToPee
                0x00006ce8       0xd0 ../../../../../../../../../lib/ksdk_platform_lib/armgcc/KL46Z4/debug/libksdk_platform.a(fsl_clock_manager.c.obj)
                0x00006ce8                CLOCK_SYS_BootToPee
 .text.CLOCK_SYS_OscInit
                0x00006db8       0xf4 ../../../../../../../../../lib/ksdk_platform_lib/armgcc/KL46Z4/debug/libksdk_platform.a(fsl_clock_manager.c.obj)
                0x00006db8                CLOCK_SYS_OscInit
 .text.CLOCK_SYS_SetOscerConfigration
                0x00006eac       0x40 ../../../../../../../../../lib/ksdk_platform_lib/armgcc/KL46Z4/debug/libksdk_platform.a(fsl_clock_manager.c.obj)
                0x00006eac                CLOCK_SYS_SetOscerConfigration
 .text.SIM_HAL_EnableClock
                0x00006eec       0x5c ../../../../../../../../../lib/ksdk_platform_lib/armgcc/KL46Z4/debug/libksdk_platform.a(fsl_clock_MKL46Z4.c.obj)
 .text.CLOCK_HAL_GetUsbfsSrc
                0x00006f48       0x2c ../../../../../../../../../lib/ksdk_platform_lib/armgcc/KL46Z4/debug/libksdk_platform.a(fsl_clock_MKL46Z4.c.obj)
 .text.CLOCK_HAL_GetLpsciSrc
                0x00006f74       0x2c ../../../../../../../../../lib/ksdk_platform_lib/armgcc/KL46Z4/debug/libksdk_platform.a(fsl_clock_MKL46Z4.c.obj)
 .text.CLOCK_HAL_SetExternalRefClock32kSrc
                0x00006fa0       0x2c ../../../../../../../../../lib/ksdk_platform_lib/armgcc/KL46Z4/debug/libksdk_platform.a(fsl_clock_MKL46Z4.c.obj)
 .text.CLOCK_HAL_SetPllfllSel
                0x00006fcc       0x34 ../../../../../../../../../lib/ksdk_platform_lib/armgcc/KL46Z4/debug/libksdk_platform.a(fsl_clock_MKL46Z4.c.obj)
 .text.CLOCK_HAL_GetPllfllSel
                0x00007000       0x28 ../../../../../../../../../lib/ksdk_platform_lib/armgcc/KL46Z4/debug/libksdk_platform.a(fsl_clock_MKL46Z4.c.obj)
 .text.CLOCK_HAL_GetOutDiv1
                0x00007028       0x2c ../../../../../../../../../lib/ksdk_platform_lib/armgcc/KL46Z4/debug/libksdk_platform.a(fsl_clock_MKL46Z4.c.obj)
 .text.CLOCK_HAL_GetOutDiv4
                0x00007054       0x2c ../../../../../../../../../lib/ksdk_platform_lib/armgcc/KL46Z4/debug/libksdk_platform.a(fsl_clock_MKL46Z4.c.obj)
 .text.OSC_HAL_GetExternalRefClkCmd
                0x00007080       0x24 ../../../../../../../../../lib/ksdk_platform_lib/armgcc/KL46Z4/debug/libksdk_platform.a(fsl_clock_MKL46Z4.c.obj)
 .text.CLOCK_SYS_SetSimConfigration
                0x000070a4       0x44 ../../../../../../../../../lib/ksdk_platform_lib/armgcc/KL46Z4/debug/libksdk_platform.a(fsl_clock_MKL46Z4.c.obj)
                0x000070a4                CLOCK_SYS_SetSimConfigration
 .text.CLOCK_SYS_GetSystemClockFreq
                0x000070e8       0x34 ../../../../../../../../../lib/ksdk_platform_lib/armgcc/KL46Z4/debug/libksdk_platform.a(fsl_clock_MKL46Z4.c.obj)
                0x000070e8                CLOCK_SYS_GetSystemClockFreq
 .text.CLOCK_SYS_GetBusClockFreq
                0x0000711c       0x2c ../../../../../../../../../lib/ksdk_platform_lib/armgcc/KL46Z4/debug/libksdk_platform.a(fsl_clock_MKL46Z4.c.obj)
                0x0000711c                CLOCK_SYS_GetBusClockFreq
 .text.CLOCK_SYS_GetPllFllClockFreq
                0x00007148       0x5c ../../../../../../../../../lib/ksdk_platform_lib/armgcc/KL46Z4/debug/libksdk_platform.a(fsl_clock_MKL46Z4.c.obj)
                0x00007148                CLOCK_SYS_GetPllFllClockFreq
 .text.CLOCK_SYS_GetOsc0ExternalRefClockFreq
                0x000071a4       0x28 ../../../../../../../../../lib/ksdk_platform_lib/armgcc/KL46Z4/debug/libksdk_platform.a(fsl_clock_MKL46Z4.c.obj)
                0x000071a4                CLOCK_SYS_GetOsc0ExternalRefClockFreq
 .text.CLOCK_SYS_GetUsbfsFreq
                0x000071cc       0x48 ../../../../../../../../../lib/ksdk_platform_lib/armgcc/KL46Z4/debug/libksdk_platform.a(fsl_clock_MKL46Z4.c.obj)
                0x000071cc                CLOCK_SYS_GetUsbfsFreq
 .text.CLOCK_SYS_GetLpsciFreq
                0x00007214       0x68 ../../../../../../../../../lib/ksdk_platform_lib/armgcc/KL46Z4/debug/libksdk_platform.a(fsl_clock_MKL46Z4.c.obj)
                0x00007214                CLOCK_SYS_GetLpsciFreq
 .text.CLOCK_SYS_GetUartFreq
                0x0000727c       0x2c ../../../../../../../../../lib/ksdk_platform_lib/armgcc/KL46Z4/debug/libksdk_platform.a(fsl_clock_MKL46Z4.c.obj)
                0x0000727c                CLOCK_SYS_GetUartFreq
 .text.CLOCK_SYS_EnablePortClock
                0x000072a8       0x4c ../../../../../../../../../lib/ksdk_platform_lib/armgcc/KL46Z4/debug/libksdk_platform.a(fsl_clock_MKL46Z4.c.obj)
                0x000072a8                CLOCK_SYS_EnablePortClock
 .text.CLOCK_SYS_EnableI2cClock
                0x000072f4       0x4c ../../../../../../../../../lib/ksdk_platform_lib/armgcc/KL46Z4/debug/libksdk_platform.a(fsl_clock_MKL46Z4.c.obj)
                0x000072f4                CLOCK_SYS_EnableI2cClock
 .text.CLOCK_SYS_EnableLpsciClock
                0x00007340       0x44 ../../../../../../../../../lib/ksdk_platform_lib/armgcc/KL46Z4/debug/libksdk_platform.a(fsl_clock_MKL46Z4.c.obj)
                0x00007340                CLOCK_SYS_EnableLpsciClock
 .text.CLOCK_SYS_EnableUartClock
                0x00007384       0x4c ../../../../../../../../../lib/ksdk_platform_lib/armgcc/KL46Z4/debug/libksdk_platform.a(fsl_clock_MKL46Z4.c.obj)
                0x00007384                CLOCK_SYS_EnableUartClock
 .text.INT_SYS_InstallHandler
                0x000073d0       0x7c ../../../../../../../../../lib/ksdk_platform_lib/armgcc/KL46Z4/debug/libksdk_platform.a(fsl_interrupt_manager.c.obj)
                0x000073d0                INT_SYS_InstallHandler
 .text.INT_SYS_EnableIRQGlobal
                0x0000744c       0x2c ../../../../../../../../../lib/ksdk_platform_lib/armgcc/KL46Z4/debug/libksdk_platform.a(fsl_interrupt_manager.c.obj)
                0x0000744c                INT_SYS_EnableIRQGlobal
 .text.INT_SYS_DisableIRQGlobal
                0x00007478       0x1c ../../../../../../../../../lib/ksdk_platform_lib/armgcc/KL46Z4/debug/libksdk_platform.a(fsl_interrupt_manager.c.obj)
                0x00007478                INT_SYS_DisableIRQGlobal
 .text.I2C_HAL_GetStatusFlag
                0x00007494       0x34 ../../../../../../../../../lib/ksdk_platform_lib/armgcc/KL46Z4/debug/libksdk_platform.a(fsl_i2c_hal.c.obj)
 .text.I2C_HAL_Init
                0x000074c8       0x54 ../../../../../../../../../lib/ksdk_platform_lib/armgcc/KL46Z4/debug/libksdk_platform.a(fsl_i2c_hal.c.obj)
                0x000074c8                I2C_HAL_Init
 .text.I2C_HAL_SendStart
                0x0000751c       0x9c ../../../../../../../../../lib/ksdk_platform_lib/armgcc/KL46Z4/debug/libksdk_platform.a(fsl_i2c_hal.c.obj)
                0x0000751c                I2C_HAL_SendStart
 .text.I2C_HAL_SendStop
                0x000075b8       0x78 ../../../../../../../../../lib/ksdk_platform_lib/armgcc/KL46Z4/debug/libksdk_platform.a(fsl_i2c_hal.c.obj)
                0x000075b8                I2C_HAL_SendStop
 .text.LPSCI_HAL_Putchar
                0x00007630       0x20 ../../../../../../../../../lib/ksdk_platform_lib/armgcc/KL46Z4/debug/libksdk_platform.a(fsl_lpsci_hal.c.obj)
 .text.LPSCI_HAL_Getchar
                0x00007650       0x1c ../../../../../../../../../lib/ksdk_platform_lib/armgcc/KL46Z4/debug/libksdk_platform.a(fsl_lpsci_hal.c.obj)
 .text.LPSCI_HAL_SetBaudRate
                0x0000766c      0x154 ../../../../../../../../../lib/ksdk_platform_lib/armgcc/KL46Z4/debug/libksdk_platform.a(fsl_lpsci_hal.c.obj)
                0x0000766c                LPSCI_HAL_SetBaudRate
 .text.LPSCI_HAL_SetParityMode
                0x000077c0       0x4c ../../../../../../../../../lib/ksdk_platform_lib/armgcc/KL46Z4/debug/libksdk_platform.a(fsl_lpsci_hal.c.obj)
                0x000077c0                LPSCI_HAL_SetParityMode
 .text.LPSCI_HAL_SendDataPolling
                0x0000780c       0x48 ../../../../../../../../../lib/ksdk_platform_lib/armgcc/KL46Z4/debug/libksdk_platform.a(fsl_lpsci_hal.c.obj)
                0x0000780c                LPSCI_HAL_SendDataPolling
 .text.LPSCI_HAL_ReceiveDataPolling
                0x00007854       0x8c ../../../../../../../../../lib/ksdk_platform_lib/armgcc/KL46Z4/debug/libksdk_platform.a(fsl_lpsci_hal.c.obj)
                0x00007854                LPSCI_HAL_ReceiveDataPolling
 .text.LPTMR_HAL_SetTimerWorkingMode
                0x000078e0       0x5c ../../../../../../../../../lib/ksdk_platform_lib/armgcc/KL46Z4/debug/libksdk_platform.a(fsl_lptmr_hal.c.obj)
                0x000078e0                LPTMR_HAL_SetTimerWorkingMode
 .text.LPTMR_HAL_SetPrescalerMode
                0x0000793c       0x40 ../../../../../../../../../lib/ksdk_platform_lib/armgcc/KL46Z4/debug/libksdk_platform.a(fsl_lptmr_hal.c.obj)
                0x0000793c                LPTMR_HAL_SetPrescalerMode
 .text.LPTMR_HAL_GetCounterValue
                0x0000797c       0x30 ../../../../../../../../../lib/ksdk_platform_lib/armgcc/KL46Z4/debug/libksdk_platform.a(fsl_lptmr_hal.c.obj)
                0x0000797c                LPTMR_HAL_GetCounterValue
 .text.CLOCK_HAL_GetClkOutStat
                0x000079ac       0x24 ../../../../../../../../../lib/ksdk_platform_lib/armgcc/KL46Z4/debug/libksdk_platform.a(fsl_mcg_hal.c.obj)
 .text.CLOCK_HAL_SetInternalRefClkMode
                0x000079d0       0x2c ../../../../../../../../../lib/ksdk_platform_lib/armgcc/KL46Z4/debug/libksdk_platform.a(fsl_mcg_hal.c.obj)
 .text.CLOCK_HAL_GetInternalRefClkMode
                0x000079fc       0x20 ../../../../../../../../../lib/ksdk_platform_lib/armgcc/KL46Z4/debug/libksdk_platform.a(fsl_mcg_hal.c.obj)
 .text.CLOCK_HAL_IsPllSelected
                0x00007a1c       0x28 ../../../../../../../../../lib/ksdk_platform_lib/armgcc/KL46Z4/debug/libksdk_platform.a(fsl_mcg_hal.c.obj)
 .text.CLOCK_HAL_IsOsc0Stable
                0x00007a44       0x28 ../../../../../../../../../lib/ksdk_platform_lib/armgcc/KL46Z4/debug/libksdk_platform.a(fsl_mcg_hal.c.obj)
 .text.CLOCK_HAL_PrepareOsc
                0x00007a6c       0x44 ../../../../../../../../../lib/ksdk_platform_lib/armgcc/KL46Z4/debug/libksdk_platform.a(fsl_mcg_hal.c.obj)
                0x00007a6c                CLOCK_HAL_PrepareOsc
 .text.CLOCK_HAL_GetMcgExternalClkFreq
                0x00007ab0       0x18 ../../../../../../../../../lib/ksdk_platform_lib/armgcc/KL46Z4/debug/libksdk_platform.a(fsl_mcg_hal.c.obj)
 .text.CLOCK_HAL_TestFllExternalRefFreq
                0x00007ac8       0x78 ../../../../../../../../../lib/ksdk_platform_lib/armgcc/KL46Z4/debug/libksdk_platform.a(fsl_mcg_hal.c.obj)
                0x00007ac8                CLOCK_HAL_TestFllExternalRefFreq
 .text.CLOCK_HAL_GetFllRefClk
                0x00007b40       0x94 ../../../../../../../../../lib/ksdk_platform_lib/armgcc/KL46Z4/debug/libksdk_platform.a(fsl_mcg_hal.c.obj)
                0x00007b40                CLOCK_HAL_GetFllRefClk
 .text.CLOCK_HAL_TestFllFreq
                0x00007bd4       0x6c ../../../../../../../../../lib/ksdk_platform_lib/armgcc/KL46Z4/debug/libksdk_platform.a(fsl_mcg_hal.c.obj)
                0x00007bd4                CLOCK_HAL_TestFllFreq
 .text.CLOCK_HAL_GetFllClk
                0x00007c40       0x80 ../../../../../../../../../lib/ksdk_platform_lib/armgcc/KL46Z4/debug/libksdk_platform.a(fsl_mcg_hal.c.obj)
                0x00007c40                CLOCK_HAL_GetFllClk
 .text.CLOCK_HAL_UpdateFastClkInternalRefDiv
                0x00007cc0       0xbc ../../../../../../../../../lib/ksdk_platform_lib/armgcc/KL46Z4/debug/libksdk_platform.a(fsl_mcg_hal.c.obj)
                0x00007cc0                CLOCK_HAL_UpdateFastClkInternalRefDiv
 .text.CLOCK_HAL_UpdateInternalRefClk
                0x00007d7c       0x90 ../../../../../../../../../lib/ksdk_platform_lib/armgcc/KL46Z4/debug/libksdk_platform.a(fsl_mcg_hal.c.obj)
                0x00007d7c                CLOCK_HAL_UpdateInternalRefClk
 .text.CLOCK_HAL_GetPll0RefFreq
                0x00007e0c       0x1c ../../../../../../../../../lib/ksdk_platform_lib/armgcc/KL46Z4/debug/libksdk_platform.a(fsl_mcg_hal.c.obj)
                0x00007e0c                CLOCK_HAL_GetPll0RefFreq
 .text.CLOCK_HAL_GetPll0Clk
                0x00007e28       0x98 ../../../../../../../../../lib/ksdk_platform_lib/armgcc/KL46Z4/debug/libksdk_platform.a(fsl_mcg_hal.c.obj)
                0x00007e28                CLOCK_HAL_GetPll0Clk
 .text.CLOCK_HAL_GetInternalRefClk
                0x00007ec0       0x68 ../../../../../../../../../lib/ksdk_platform_lib/armgcc/KL46Z4/debug/libksdk_platform.a(fsl_mcg_hal.c.obj)
                0x00007ec0                CLOCK_HAL_GetInternalRefClk
 .text.CLOCK_HAL_GetOutClk
                0x00007f28       0x7c ../../../../../../../../../lib/ksdk_platform_lib/armgcc/KL46Z4/debug/libksdk_platform.a(fsl_mcg_hal.c.obj)
                0x00007f28                CLOCK_HAL_GetOutClk
 .text.CLOCK_HAL_SetOsc0Mode
                0x00007fa4       0x70 ../../../../../../../../../lib/ksdk_platform_lib/armgcc/KL46Z4/debug/libksdk_platform.a(fsl_mcg_hal.c.obj)
                0x00007fa4                CLOCK_HAL_SetOsc0Mode
 .text.CLOCK_HAL_GetClkOutStat
                0x00008014       0x24 ../../../../../../../../../lib/ksdk_platform_lib/armgcc/KL46Z4/debug/libksdk_platform.a(fsl_mcg_hal_modes.c.obj)
 .text.CLOCK_HAL_SetPll0EnableCmd
                0x00008038       0x30 ../../../../../../../../../lib/ksdk_platform_lib/armgcc/KL46Z4/debug/libksdk_platform.a(fsl_mcg_hal_modes.c.obj)
 .text.CLOCK_HAL_IsPll0Locked
                0x00008068       0x28 ../../../../../../../../../lib/ksdk_platform_lib/armgcc/KL46Z4/debug/libksdk_platform.a(fsl_mcg_hal_modes.c.obj)
 .text.CLOCK_HAL_IsPllSelected
                0x00008090       0x28 ../../../../../../../../../lib/ksdk_platform_lib/armgcc/KL46Z4/debug/libksdk_platform.a(fsl_mcg_hal_modes.c.obj)
 .text.CLOCK_HAL_SetPbeMode
                0x000080b8      0x110 ../../../../../../../../../lib/ksdk_platform_lib/armgcc/KL46Z4/debug/libksdk_platform.a(fsl_mcg_hal_modes.c.obj)
                0x000080b8                CLOCK_HAL_SetPbeMode
 .text.OSC_HAL_SetCapacitor
                0x000081c8       0x2c ../../../../../../../../../lib/ksdk_platform_lib/armgcc/KL46Z4/debug/libksdk_platform.a(fsl_osc_hal.c.obj)
                0x000081c8                OSC_HAL_SetCapacitor
 .text.CLOCK_HAL_SetOutDiv
                0x000081f4       0x58 ../../../../../../../../../lib/ksdk_platform_lib/armgcc/KL46Z4/debug/libksdk_platform.a(fsl_sim_hal_MKL46Z4.c.obj)
                0x000081f4                CLOCK_HAL_SetOutDiv
 .text.UART_HAL_SetBaudRate
                0x0000824c       0x70 ../../../../../../../../../lib/ksdk_platform_lib/armgcc/KL46Z4/debug/libksdk_platform.a(fsl_uart_hal.c.obj)
                0x0000824c                UART_HAL_SetBaudRate
 .text.UART_HAL_SetParityMode
                0x000082bc       0x4c ../../../../../../../../../lib/ksdk_platform_lib/armgcc/KL46Z4/debug/libksdk_platform.a(fsl_uart_hal.c.obj)
                0x000082bc                UART_HAL_SetParityMode
 .text.UART_HAL_Putchar
                0x00008308       0x38 ../../../../../../../../../lib/ksdk_platform_lib/armgcc/KL46Z4/debug/libksdk_platform.a(fsl_uart_hal.c.obj)
                0x00008308                UART_HAL_Putchar
 .text.UART_HAL_Getchar
                0x00008340       0x34 ../../../../../../../../../lib/ksdk_platform_lib/armgcc/KL46Z4/debug/libksdk_platform.a(fsl_uart_hal.c.obj)
                0x00008340                UART_HAL_Getchar
 .text.UART_HAL_SendDataPolling
                0x00008374       0x48 ../../../../../../../../../lib/ksdk_platform_lib/armgcc/KL46Z4/debug/libksdk_platform.a(fsl_uart_hal.c.obj)
                0x00008374                UART_HAL_SendDataPolling
 .text.UART_HAL_ReceiveDataPolling
                0x000083bc       0xa8 ../../../../../../../../../lib/ksdk_platform_lib/armgcc/KL46Z4/debug/libksdk_platform.a(fsl_uart_hal.c.obj)
                0x000083bc                UART_HAL_ReceiveDataPolling
 .text.__assert_func
                0x00008464       0x40 /home/laurie/gcc-arm/bin/../lib/gcc/arm-none-eabi/5.4.1/../../../../arm-none-eabi/lib/armv6-m/libc_nano.a(lib_a-assert.o)
                0x00008464                __assert_func
 .text.calloc   0x000084a4       0x14 /home/laurie/gcc-arm/bin/../lib/gcc/arm-none-eabi/5.4.1/../../../../arm-none-eabi/lib/armv6-m/libc_nano.a(lib_a-calloc.o)
                0x000084a4                calloc
 .text.__errno  0x000084b8        0xc /home/laurie/gcc-arm/bin/../lib/gcc/arm-none-eabi/5.4.1/../../../../arm-none-eabi/lib/armv6-m/libc_nano.a(lib_a-errno.o)
                0x000084b8                __errno
 .text.exit     0x000084c4       0x2c /home/laurie/gcc-arm/bin/../lib/gcc/arm-none-eabi/5.4.1/../../../../arm-none-eabi/lib/armv6-m/libc_nano.a(lib_a-exit.o)
                0x000084c4                exit
 .text.fprintf  0x000084f0       0x20 /home/laurie/gcc-arm/bin/../lib/gcc/arm-none-eabi/5.4.1/../../../../arm-none-eabi/lib/armv6-m/libc_nano.a(lib_a-fprintf.o)
                0x000084f0                fprintf
                0x000084f0                fiprintf
 .text.__libc_init_array
                0x00008510       0x4c /home/laurie/gcc-arm/bin/../lib/gcc/arm-none-eabi/5.4.1/../../../../arm-none-eabi/lib/armv6-m/libc_nano.a(lib_a-init.o)
                0x00008510                __libc_init_array
 .text.free     0x0000855c       0x14 /home/laurie/gcc-arm/bin/../lib/gcc/arm-none-eabi/5.4.1/../../../../arm-none-eabi/lib/armv6-m/libc_nano.a(lib_a-malloc.o)
                0x0000855c                free
 .text.memcpy   0x00008570       0x12 /home/laurie/gcc-arm/bin/../lib/gcc/arm-none-eabi/5.4.1/../../../../arm-none-eabi/lib/armv6-m/libc_nano.a(lib_a-memcpy-stub.o)
                0x00008570                memcpy
 .text.memset   0x00008582       0x10 /home/laurie/gcc-arm/bin/../lib/gcc/arm-none-eabi/5.4.1/../../../../arm-none-eabi/lib/armv6-m/libc_nano.a(lib_a-memset.o)
                0x00008582                memset
 .text._calloc_r
                0x00008592       0x1c /home/laurie/gcc-arm/bin/../lib/gcc/arm-none-eabi/5.4.1/../../../../arm-none-eabi/lib/armv6-m/libc_nano.a(lib_a-nano-callocr.o)
                0x00008592                _calloc_r
 *fill*         0x000085ae        0x2 
 .text._free_r  0x000085b0       0x98 /home/laurie/gcc-arm/bin/../lib/gcc/arm-none-eabi/5.4.1/../../../../arm-none-eabi/lib/armv6-m/libc_nano.a(lib_a-nano-freer.o)
                0x000085b0                _free_r
 .text._malloc_r
                0x00008648       0xc0 /home/laurie/gcc-arm/bin/../lib/gcc/arm-none-eabi/5.4.1/../../../../arm-none-eabi/lib/armv6-m/libc_nano.a(lib_a-nano-mallocr.o)
                0x00008648                _malloc_r
 .text.__sfputc_r
                0x00008708       0x2a /home/laurie/gcc-arm/bin/../lib/gcc/arm-none-eabi/5.4.1/../../../../arm-none-eabi/lib/armv6-m/libc_nano.a(lib_a-nano-vfprintf.o)
 .text.__sfputs_r
                0x00008732       0x24 /home/laurie/gcc-arm/bin/../lib/gcc/arm-none-eabi/5.4.1/../../../../arm-none-eabi/lib/armv6-m/libc_nano.a(lib_a-nano-vfprintf.o)
                0x00008732                __sfputs_r
 *fill*         0x00008756        0x2 
 .text._vfprintf_r
                0x00008758      0x238 /home/laurie/gcc-arm/bin/../lib/gcc/arm-none-eabi/5.4.1/../../../../arm-none-eabi/lib/armv6-m/libc_nano.a(lib_a-nano-vfprintf.o)
                0x00008758                _vfiprintf_r
                0x00008758                _vfprintf_r
 .text._printf_common
                0x00008990       0xdc /home/laurie/gcc-arm/bin/../lib/gcc/arm-none-eabi/5.4.1/../../../../arm-none-eabi/lib/armv6-m/libc_nano.a(lib_a-nano-vfprintf_i.o)
                0x00008990                _printf_common
 .text._printf_i
                0x00008a6c      0x244 /home/laurie/gcc-arm/bin/../lib/gcc/arm-none-eabi/5.4.1/../../../../arm-none-eabi/lib/armv6-m/libc_nano.a(lib_a-nano-vfprintf_i.o)
                0x00008a6c                _printf_i
 .text._sbrk_r  0x00008cb0       0x24 /home/laurie/gcc-arm/bin/../lib/gcc/arm-none-eabi/5.4.1/../../../../arm-none-eabi/lib/armv6-m/libc_nano.a(lib_a-sbrkr.o)
                0x00008cb0                _sbrk_r
 .text.snprintf
                0x00008cd4       0x64 /home/laurie/gcc-arm/bin/../lib/gcc/arm-none-eabi/5.4.1/../../../../arm-none-eabi/lib/armv6-m/libc_nano.a(lib_a-snprintf.o)
                0x00008cd4                snprintf
                0x00008cd4                sniprintf
 .text.__swbuf_r
                0x00008d38       0xac /home/laurie/gcc-arm/bin/../lib/gcc/arm-none-eabi/5.4.1/../../../../arm-none-eabi/lib/armv6-m/libc_nano.a(lib_a-wbuf.o)
                0x00008d38                __swbuf_r
 .text.__swsetup_r
                0x00008de4       0xec /home/laurie/gcc-arm/bin/../lib/gcc/arm-none-eabi/5.4.1/../../../../arm-none-eabi/lib/armv6-m/libc_nano.a(lib_a-wsetup.o)
                0x00008de4                __swsetup_r
 .text.abort    0x00008ed0        0xe /home/laurie/gcc-arm/bin/../lib/gcc/arm-none-eabi/5.4.1/../../../../arm-none-eabi/lib/armv6-m/libc_nano.a(lib_a-abort.o)
                0x00008ed0                abort
 *fill*         0x00008ede        0x2 
 .text.__sflush_r
                0x00008ee0      0x10c /home/laurie/gcc-arm/bin/../lib/gcc/arm-none-eabi/5.4.1/../../../../arm-none-eabi/lib/armv6-m/libc_nano.a(lib_a-fflush.o)
                0x00008ee0                __sflush_r
 .text._fflush_r
                0x00008fec       0x58 /home/laurie/gcc-arm/bin/../lib/gcc/arm-none-eabi/5.4.1/../../../../arm-none-eabi/lib/armv6-m/libc_nano.a(lib_a-fflush.o)
                0x00008fec                _fflush_r
 .text._cleanup_r
                0x00009044       0x10 /home/laurie/gcc-arm/bin/../lib/gcc/arm-none-eabi/5.4.1/../../../../arm-none-eabi/lib/armv6-m/libc_nano.a(lib_a-findfp.o)
                0x00009044                _cleanup_r
 .text.std.isra.0
                0x00009054       0x48 /home/laurie/gcc-arm/bin/../lib/gcc/arm-none-eabi/5.4.1/../../../../arm-none-eabi/lib/armv6-m/libc_nano.a(lib_a-findfp.o)
 .text.__sfmoreglue
                0x0000909c       0x2c /home/laurie/gcc-arm/bin/../lib/gcc/arm-none-eabi/5.4.1/../../../../arm-none-eabi/lib/armv6-m/libc_nano.a(lib_a-findfp.o)
                0x0000909c                __sfmoreglue
 .text.__sinit  0x000090c8       0x68 /home/laurie/gcc-arm/bin/../lib/gcc/arm-none-eabi/5.4.1/../../../../arm-none-eabi/lib/armv6-m/libc_nano.a(lib_a-findfp.o)
                0x000090c8                __sinit
 .text.__sfp    0x00009130       0x7c /home/laurie/gcc-arm/bin/../lib/gcc/arm-none-eabi/5.4.1/../../../../arm-none-eabi/lib/armv6-m/libc_nano.a(lib_a-findfp.o)
                0x00009130                __sfp
 .text._fwalk_reent
                0x000091ac       0x42 /home/laurie/gcc-arm/bin/../lib/gcc/arm-none-eabi/5.4.1/../../../../arm-none-eabi/lib/armv6-m/libc_nano.a(lib_a-fwalk.o)
                0x000091ac                _fwalk_reent
 *fill*         0x000091ee        0x2 
 .text.__swhatbuf_r
                0x000091f0       0x4c /home/laurie/gcc-arm/bin/../lib/gcc/arm-none-eabi/5.4.1/../../../../arm-none-eabi/lib/armv6-m/libc_nano.a(lib_a-makebuf.o)
                0x000091f0                __swhatbuf_r
 .text.__smakebuf_r
                0x0000923c       0x7c /home/laurie/gcc-arm/bin/../lib/gcc/arm-none-eabi/5.4.1/../../../../arm-none-eabi/lib/armv6-m/libc_nano.a(lib_a-makebuf.o)
                0x0000923c                __smakebuf_r
 .text.memchr   0x000092b8       0x16 /home/laurie/gcc-arm/bin/../lib/gcc/arm-none-eabi/5.4.1/../../../../arm-none-eabi/lib/armv6-m/libc_nano.a(lib_a-memchr-stub.o)
                0x000092b8                memchr
 .text.memmove  0x000092ce       0x2a /home/laurie/gcc-arm/bin/../lib/gcc/arm-none-eabi/5.4.1/../../../../arm-none-eabi/lib/armv6-m/libc_nano.a(lib_a-memmove.o)
                0x000092ce                memmove
 .text.__malloc_lock
                0x000092f8        0x2 /home/laurie/gcc-arm/bin/../lib/gcc/arm-none-eabi/5.4.1/../../../../arm-none-eabi/lib/armv6-m/libc_nano.a(lib_a-mlock.o)
                0x000092f8                __malloc_lock
 .text.__malloc_unlock
                0x000092fa        0x2 /home/laurie/gcc-arm/bin/../lib/gcc/arm-none-eabi/5.4.1/../../../../arm-none-eabi/lib/armv6-m/libc_nano.a(lib_a-mlock.o)
                0x000092fa                __malloc_unlock
 .text._realloc_r
                0x000092fc       0x4c /home/laurie/gcc-arm/bin/../lib/gcc/arm-none-eabi/5.4.1/../../../../arm-none-eabi/lib/armv6-m/libc_nano.a(lib_a-nano-reallocr.o)
                0x000092fc                _realloc_r
 .text.__ssputs_r
                0x00009348       0xc4 /home/laurie/gcc-arm/bin/../lib/gcc/arm-none-eabi/5.4.1/../../../../arm-none-eabi/lib/armv6-m/libc_nano.a(lib_a-nano-svfprintf.o)
                0x00009348                __ssputs_r
 .text._svfprintf_r
                0x0000940c      0x1fc /home/laurie/gcc-arm/bin/../lib/gcc/arm-none-eabi/5.4.1/../../../../arm-none-eabi/lib/armv6-m/libc_nano.a(lib_a-nano-svfprintf.o)
                0x0000940c                _svfprintf_r
                0x0000940c                _svfiprintf_r
 .text._raise_r
                0x00009608       0x54 /home/laurie/gcc-arm/bin/../lib/gcc/arm-none-eabi/5.4.1/../../../../arm-none-eabi/lib/armv6-m/libc_nano.a(lib_a-signal.o)
                0x00009608                _raise_r
 .text.raise    0x0000965c       0x14 /home/laurie/gcc-arm/bin/../lib/gcc/arm-none-eabi/5.4.1/../../../../arm-none-eabi/lib/armv6-m/libc_nano.a(lib_a-signal.o)
                0x0000965c                raise
 .text._kill_r  0x00009670       0x24 /home/laurie/gcc-arm/bin/../lib/gcc/arm-none-eabi/5.4.1/../../../../arm-none-eabi/lib/armv6-m/libc_nano.a(lib_a-signalr.o)
                0x00009670                _kill_r
 .text._getpid_r
                0x00009694        0x8 /home/laurie/gcc-arm/bin/../lib/gcc/arm-none-eabi/5.4.1/../../../../arm-none-eabi/lib/armv6-m/libc_nano.a(lib_a-signalr.o)
                0x00009694                _getpid_r
 .text.__sread  0x0000969c       0x28 /home/laurie/gcc-arm/bin/../lib/gcc/arm-none-eabi/5.4.1/../../../../arm-none-eabi/lib/armv6-m/libc_nano.a(lib_a-stdio.o)
                0x0000969c                __sread
 .text.__swrite
                0x000096c4       0x38 /home/laurie/gcc-arm/bin/../lib/gcc/arm-none-eabi/5.4.1/../../../../arm-none-eabi/lib/armv6-m/libc_nano.a(lib_a-stdio.o)
                0x000096c4                __swrite
 .text.__sseek  0x000096fc       0x2c /home/laurie/gcc-arm/bin/../lib/gcc/arm-none-eabi/5.4.1/../../../../arm-none-eabi/lib/armv6-m/libc_nano.a(lib_a-stdio.o)
                0x000096fc                __sseek
 .text.__sclose
                0x00009728        0xc /home/laurie/gcc-arm/bin/../lib/gcc/arm-none-eabi/5.4.1/../../../../arm-none-eabi/lib/armv6-m/libc_nano.a(lib_a-stdio.o)
                0x00009728                __sclose
 .text._write_r
                0x00009734       0x28 /home/laurie/gcc-arm/bin/../lib/gcc/arm-none-eabi/5.4.1/../../../../arm-none-eabi/lib/armv6-m/libc_nano.a(lib_a-writer.o)
                0x00009734                _write_r
 .text._close_r
                0x0000975c       0x24 /home/laurie/gcc-arm/bin/../lib/gcc/arm-none-eabi/5.4.1/../../../../arm-none-eabi/lib/armv6-m/libc_nano.a(lib_a-closer.o)
                0x0000975c                _close_r
 .text._fstat_r
                0x00009780       0x24 /home/laurie/gcc-arm/bin/../lib/gcc/arm-none-eabi/5.4.1/../../../../arm-none-eabi/lib/armv6-m/libc_nano.a(lib_a-fstatr.o)
                0x00009780                _fstat_r
 .text._isatty_r
                0x000097a4       0x24 /home/laurie/gcc-arm/bin/../lib/gcc/arm-none-eabi/5.4.1/../../../../arm-none-eabi/lib/armv6-m/libc_nano.a(lib_a-isattyr.o)
                0x000097a4                _isatty_r
 .text._lseek_r
                0x000097c8       0x28 /home/laurie/gcc-arm/bin/../lib/gcc/arm-none-eabi/5.4.1/../../../../arm-none-eabi/lib/armv6-m/libc_nano.a(lib_a-lseekr.o)
                0x000097c8                _lseek_r
 .text._malloc_usable_size_r
                0x000097f0       0x16 /home/laurie/gcc-arm/bin/../lib/gcc/arm-none-eabi/5.4.1/../../../../arm-none-eabi/lib/armv6-m/libc_nano.a(lib_a-nano-msizer.o)
                0x000097f0                _malloc_usable_size_r
 *fill*         0x00009806        0x2 
 .text._read_r  0x00009808       0x28 /home/laurie/gcc-arm/bin/../lib/gcc/arm-none-eabi/5.4.1/../../../../arm-none-eabi/lib/armv6-m/libc_nano.a(lib_a-readr.o)
                0x00009808                _read_r
 .text._close   0x00009830       0x10 /home/laurie/gcc-arm/bin/../lib/gcc/arm-none-eabi/5.4.1/../../../../arm-none-eabi/lib/armv6-m/libnosys.a(close.o)
                0x00009830                _close
 .text._fstat   0x00009840       0x10 /home/laurie/gcc-arm/bin/../lib/gcc/arm-none-eabi/5.4.1/../../../../arm-none-eabi/lib/armv6-m/libnosys.a(fstat.o)
                0x00009840                _fstat
 .text._getpid  0x00009850       0x10 /home/laurie/gcc-arm/bin/../lib/gcc/arm-none-eabi/5.4.1/../../../../arm-none-eabi/lib/armv6-m/libnosys.a(getpid.o)
                0x00009850                _getpid
 .text._isatty  0x00009860       0x10 /home/laurie/gcc-arm/bin/../lib/gcc/arm-none-eabi/5.4.1/../../../../arm-none-eabi/lib/armv6-m/libnosys.a(isatty.o)
                0x00009860                _isatty
 .text._kill    0x00009870       0x10 /home/laurie/gcc-arm/bin/../lib/gcc/arm-none-eabi/5.4.1/../../../../arm-none-eabi/lib/armv6-m/libnosys.a(kill.o)
                0x00009870                _kill
 .text._lseek   0x00009880       0x10 /home/laurie/gcc-arm/bin/../lib/gcc/arm-none-eabi/5.4.1/../../../../arm-none-eabi/lib/armv6-m/libnosys.a(lseek.o)
                0x00009880                _lseek
 .text._exit    0x00009890        0x4 /home/laurie/gcc-arm/bin/../lib/gcc/arm-none-eabi/5.4.1/../../../../arm-none-eabi/lib/armv6-m/libnosys.a(_exit.o)
                0x00009890                _exit
 *(.rodata)
 .rodata        0x00009894       0x16 CMakeFiles/dev_hid_my_mouse_bm.dir/home/laurie/RTES/KSDK_1.3.0/examples/frdmkl46z/demo_apps/usb/device/hid/hid_my_mouse/mouse.c.obj
 *fill*         0x000098aa        0x2 
 .rodata        0x000098ac      0x2bc CMakeFiles/dev_hid_my_mouse_bm.dir/home/laurie/RTES/KSDK_1.3.0/examples/frdmkl46z/demo_apps/usb/device/hid/hid_my_mouse/hardware_init.c.obj
 .rodata        0x00009b68       0xa7 CMakeFiles/dev_hid_my_mouse_bm.dir/home/laurie/RTES/KSDK_1.3.0/examples/frdmkl46z/pin_mux.c.obj
 *fill*         0x00009c0f        0x1 
 .rodata        0x00009c10       0xa7 CMakeFiles/dev_hid_my_mouse_bm.dir/home/laurie/RTES/KSDK_1.3.0/examples/frdmkl46z/board.c.obj
 *fill*         0x00009cb7        0x1 
 .rodata        0x00009cb8        0xc CMakeFiles/dev_hid_my_mouse_bm.dir/home/laurie/RTES/KSDK_1.3.0/platform/utilities/src/fsl_debug_console.c.obj
 .rodata        0x00009cc4       0x60 ../../../../../../../../../usb/usb_core/device/lib/bm/armgcc/MKL46Z4/debug/libusbd_bm.a(usb_hid.c.obj)
 .rodata        0x00009d24      0x4b5 ../../../../../../../../../usb/usb_core/device/lib/bm/armgcc/MKL46Z4/debug/libusbd_bm.a(usb_dev.c.obj)
 *fill*         0x0000a1d9        0x3 
 .rodata        0x0000a1dc       0x54 ../../../../../../../../../usb/usb_core/device/lib/bm/armgcc/MKL46Z4/debug/libusbd_bm.a(usb_framework.c.obj)
 .rodata        0x0000a230       0x7a ../../../../../../../../../lib/ksdk_platform_lib/armgcc/KL46Z4/debug/libksdk_platform.a(fsl_os_abstraction_bm.c.obj)
 *fill*         0x0000a2aa        0x2 
 .rodata        0x0000a2ac       0xce ../../../../../../../../../lib/ksdk_platform_lib/armgcc/KL46Z4/debug/libksdk_platform.a(fsl_clock_manager.c.obj)
 *fill*         0x0000a37a        0x2 
 .rodata        0x0000a37c      0x230 ../../../../../../../../../lib/ksdk_platform_lib/armgcc/KL46Z4/debug/libksdk_platform.a(fsl_clock_MKL46Z4.c.obj)
 .rodata        0x0000a5ac       0xab ../../../../../../../../../lib/ksdk_platform_lib/armgcc/KL46Z4/debug/libksdk_platform.a(fsl_interrupt_manager.c.obj)
 *fill*         0x0000a657        0x1 
 .rodata        0x0000a658       0x5c ../../../../../../../../../lib/ksdk_platform_lib/armgcc/KL46Z4/debug/libksdk_platform.a(fsl_i2c_hal.c.obj)
 *(.rodata*)
 .rodata.USB_App_Class_Callback
                0x0000a6b4       0x30 CMakeFiles/dev_hid_my_mouse_bm.dir/home/laurie/RTES/KSDK_1.3.0/examples/frdmkl46z/demo_apps/usb/device/hid/hid_my_mouse/mouse.c.obj
 .rodata.__func__.5143
                0x0000a6e4       0x14 CMakeFiles/dev_hid_my_mouse_bm.dir/home/laurie/RTES/KSDK_1.3.0/examples/frdmkl46z/demo_apps/usb/device/hid/hid_my_mouse/hardware_init.c.obj
 .rodata.__func__.5119
                0x0000a6f8       0x14 CMakeFiles/dev_hid_my_mouse_bm.dir/home/laurie/RTES/KSDK_1.3.0/examples/frdmkl46z/pin_mux.c.obj
 .rodata.g_defaultClockConfigRun
                0x0000a70c       0x14 CMakeFiles/dev_hid_my_mouse_bm.dir/home/laurie/RTES/KSDK_1.3.0/examples/frdmkl46z/board.c.obj
                0x0000a70c                g_defaultClockConfigRun
 .rodata.__func__.5143
                0x0000a720       0x14 CMakeFiles/dev_hid_my_mouse_bm.dir/home/laurie/RTES/KSDK_1.3.0/examples/frdmkl46z/board.c.obj
 .rodata._doprint
                0x0000a734       0xc8 CMakeFiles/dev_hid_my_mouse_bm.dir/home/laurie/RTES/KSDK_1.3.0/platform/utilities/src/print_scan.c.obj
 .rodata._usb_khci_dev_function_table
                0x0000a7fc       0x50 ../../../../../../../../../usb/usb_core/device/lib/bm/armgcc/MKL46Z4/debug/libusbd_bm.a(device_khci_interface.c.obj)
                0x0000a7fc                _usb_khci_dev_function_table
 .rodata.usb_dci_khci_set_status
                0x0000a84c       0x1c ../../../../../../../../../usb/usb_core/device/lib/bm/armgcc/MKL46Z4/debug/libusbd_bm.a(khci_dev.c.obj)
 .rodata.usb_dci_khci_get_status
                0x0000a868       0x24 ../../../../../../../../../usb/usb_core/device/lib/bm/armgcc/MKL46Z4/debug/libusbd_bm.a(khci_dev.c.obj)
 .rodata.__func__.6649
                0x0000a88c       0x10 ../../../../../../../../../lib/ksdk_platform_lib/armgcc/KL46Z4/debug/libksdk_platform.a(fsl_os_abstraction_bm.c.obj)
 .rodata.__func__.6655
                0x0000a89c        0xe ../../../../../../../../../lib/ksdk_platform_lib/armgcc/KL46Z4/debug/libksdk_platform.a(fsl_os_abstraction_bm.c.obj)
 *fill*         0x0000a8aa        0x2 
 .rodata.__func__.6659
                0x0000a8ac       0x10 ../../../../../../../../../lib/ksdk_platform_lib/armgcc/KL46Z4/debug/libksdk_platform.a(fsl_os_abstraction_bm.c.obj)
 .rodata.__func__.6663
                0x0000a8bc       0x11 ../../../../../../../../../lib/ksdk_platform_lib/armgcc/KL46Z4/debug/libksdk_platform.a(fsl_os_abstraction_bm.c.obj)
 *fill*         0x0000a8cd        0x3 
 .rodata.__func__.6789
                0x0000a8d0       0x12 ../../../../../../../../../lib/ksdk_platform_lib/armgcc/KL46Z4/debug/libksdk_platform.a(fsl_clock_manager.c.obj)
 *fill*         0x0000a8e2        0x2 
 .rodata.g_oscBase
                0x0000a8e4        0x4 ../../../../../../../../../lib/ksdk_platform_lib/armgcc/KL46Z4/debug/libksdk_platform.a(fsl_clock_manager_common.c.obj)
                0x0000a8e4                g_oscBase
 .rodata.portGateTable
                0x0000a8e8        0x5 ../../../../../../../../../lib/ksdk_platform_lib/armgcc/KL46Z4/debug/libksdk_platform.a(fsl_clock_MKL46Z4.c.obj)
 *fill*         0x0000a8ed        0x3 
 .rodata.i2cGateTable
                0x0000a8f0        0x2 ../../../../../../../../../lib/ksdk_platform_lib/armgcc/KL46Z4/debug/libksdk_platform.a(fsl_clock_MKL46Z4.c.obj)
 *fill*         0x0000a8f2        0x2 
 .rodata.uartGateTable
                0x0000a8f4        0x3 ../../../../../../../../../lib/ksdk_platform_lib/armgcc/KL46Z4/debug/libksdk_platform.a(fsl_clock_MKL46Z4.c.obj)
 *fill*         0x0000a8f7        0x1 
 .rodata.__func__.6488
                0x0000a8f8       0x1a ../../../../../../../../../lib/ksdk_platform_lib/armgcc/KL46Z4/debug/libksdk_platform.a(fsl_clock_MKL46Z4.c.obj)
 *fill*         0x0000a912        0x2 
 .rodata.__func__.6540
                0x0000a914       0x19 ../../../../../../../../../lib/ksdk_platform_lib/armgcc/KL46Z4/debug/libksdk_platform.a(fsl_clock_MKL46Z4.c.obj)
 *fill*         0x0000a92d        0x3 
 .rodata.__func__.6561
                0x0000a930       0x1b ../../../../../../../../../lib/ksdk_platform_lib/armgcc/KL46Z4/debug/libksdk_platform.a(fsl_clock_MKL46Z4.c.obj)
 *fill*         0x0000a94b        0x1 
 .rodata.__func__.6566
                0x0000a94c       0x1a ../../../../../../../../../lib/ksdk_platform_lib/armgcc/KL46Z4/debug/libksdk_platform.a(fsl_clock_MKL46Z4.c.obj)
 *fill*         0x0000a966        0x2 
 .rodata.__func__.5087
                0x0000a968       0x17 ../../../../../../../../../lib/ksdk_platform_lib/armgcc/KL46Z4/debug/libksdk_platform.a(fsl_interrupt_manager.c.obj)
 *fill*         0x0000a97f        0x1 
 .rodata.__func__.5325
                0x0000a980       0x11 ../../../../../../../../../lib/ksdk_platform_lib/armgcc/KL46Z4/debug/libksdk_platform.a(fsl_i2c_hal.c.obj)
 *fill*         0x0000a991        0x3 
 .rodata.fllFactorTable.5344
                0x0000a994       0x10 ../../../../../../../../../lib/ksdk_platform_lib/armgcc/KL46Z4/debug/libksdk_platform.a(fsl_mcg_hal.c.obj)
 .rodata.str1.1
                0x0000a9a4       0x3c /home/laurie/gcc-arm/bin/../lib/gcc/arm-none-eabi/5.4.1/../../../../arm-none-eabi/lib/armv6-m/libc_nano.a(lib_a-assert.o)
                                 0x3d (size before relaxing)
 .rodata._global_impure_ptr
                0x0000a9e0        0x4 /home/laurie/gcc-arm/bin/../lib/gcc/arm-none-eabi/5.4.1/../../../../arm-none-eabi/lib/armv6-m/libc_nano.a(lib_a-impure.o)
                0x0000a9e0                _global_impure_ptr
 .rodata.str1.1
                0x0000a9e4       0x11 /home/laurie/gcc-arm/bin/../lib/gcc/arm-none-eabi/5.4.1/../../../../arm-none-eabi/lib/armv6-m/libc_nano.a(lib_a-nano-vfprintf.o)
 .rodata.str1.1
                0x0000a9f5       0x22 /home/laurie/gcc-arm/bin/../lib/gcc/arm-none-eabi/5.4.1/../../../../arm-none-eabi/lib/armv6-m/libc_nano.a(lib_a-nano-vfprintf_i.o)
 *fill*         0x0000aa17        0x1 
 .rodata.__sf_fake_stdin
                0x0000aa18       0x20 /home/laurie/gcc-arm/bin/../lib/gcc/arm-none-eabi/5.4.1/../../../../arm-none-eabi/lib/armv6-m/libc_nano.a(lib_a-findfp.o)
                0x0000aa18                __sf_fake_stdin
 .rodata.__sf_fake_stdout
                0x0000aa38       0x20 /home/laurie/gcc-arm/bin/../lib/gcc/arm-none-eabi/5.4.1/../../../../arm-none-eabi/lib/armv6-m/libc_nano.a(lib_a-findfp.o)
                0x0000aa38                __sf_fake_stdout
 .rodata.__sf_fake_stderr
                0x0000aa58       0x20 /home/laurie/gcc-arm/bin/../lib/gcc/arm-none-eabi/5.4.1/../../../../arm-none-eabi/lib/armv6-m/libc_nano.a(lib_a-findfp.o)
                0x0000aa58                __sf_fake_stderr
 .rodata.str1.1
                0x0000aa78       0x11 /home/laurie/gcc-arm/bin/../lib/gcc/arm-none-eabi/5.4.1/../../../../arm-none-eabi/lib/armv6-m/libc_nano.a(lib_a-nano-svfprintf.o)
 *(.glue_7)
 .glue_7        0x0000aa78        0x0 linker stubs
 *(.glue_7t)
 .glue_7t       0x0000aa78        0x0 linker stubs
 *(.eh_frame)
 .eh_frame      0x0000aa78        0x0 /home/laurie/gcc-arm/bin/../lib/gcc/arm-none-eabi/5.4.1/armv6-m/crtbegin.o
 *(.init)
 .init          0x0000aa78        0x4 /home/laurie/gcc-arm/bin/../lib/gcc/arm-none-eabi/5.4.1/armv6-m/crti.o
                0x0000aa78                _init
 .init          0x0000aa7c        0x8 /home/laurie/gcc-arm/bin/../lib/gcc/arm-none-eabi/5.4.1/armv6-m/crtn.o
 *(.fini)
 .fini          0x0000aa84        0x4 /home/laurie/gcc-arm/bin/../lib/gcc/arm-none-eabi/5.4.1/armv6-m/crti.o
                0x0000aa84                _fini
 .fini          0x0000aa88        0x8 /home/laurie/gcc-arm/bin/../lib/gcc/arm-none-eabi/5.4.1/armv6-m/crtn.o
                0x0000aa90                . = ALIGN (0x4)

.vfp11_veneer   0x0000aa90        0x0
 .vfp11_veneer  0x0000aa90        0x0 linker stubs

.v4_bx          0x0000aa90        0x0
 .v4_bx         0x0000aa90        0x0 linker stubs

.iplt           0x0000aa90        0x0
 .iplt          0x0000aa90        0x0 /home/laurie/gcc-arm/bin/../lib/gcc/arm-none-eabi/5.4.1/armv6-m/crtbegin.o

.ARM.extab
 *(.ARM.extab* .gnu.linkonce.armextab.*)

.ARM            0x0000aa90        0x8
                0x0000aa90                __exidx_start = .
 *(.ARM.exidx*)
 .ARM.exidx     0x0000aa90        0x8 /home/laurie/gcc-arm/bin/../lib/gcc/arm-none-eabi/5.4.1/../../../../arm-none-eabi/lib/armv6-m/crt0.o
                0x0000aa98                __exidx_end = .

.rel.dyn        0x0000aa98        0x0
 .rel.iplt      0x0000aa98        0x0 /home/laurie/gcc-arm/bin/../lib/gcc/arm-none-eabi/5.4.1/armv6-m/crtbegin.o

.ctors          0x0000aa98        0x0
                0x0000aa98                __CTOR_LIST__ = .
 *crtbegin.o(.ctors)
 *crtbegin?.o(.ctors)
 *(EXCLUDE_FILE(*crtend.o *crtend?.o) .ctors)
 *(SORT(.ctors.*))
 *(.ctors)
                0x0000aa98                __CTOR_END__ = .

.dtors          0x0000aa98        0x0
                0x0000aa98                __DTOR_LIST__ = .
 *crtbegin.o(.dtors)
 *crtbegin?.o(.dtors)
 *(EXCLUDE_FILE(*crtend.o *crtend?.o) .dtors)
 *(SORT(.dtors.*))
 *(.dtors)
                0x0000aa98                __DTOR_END__ = .

.preinit_array  0x0000aa98        0x0
                0x0000aa98                PROVIDE (__preinit_array_start, .)
 *(.preinit_array*)
                0x0000aa98                PROVIDE (__preinit_array_end, .)

.init_array     0x0000aa98        0x4
                0x0000aa98                PROVIDE (__init_array_start, .)
 *(SORT(.init_array.*))
 *(.init_array*)
 .init_array    0x0000aa98        0x4 /home/laurie/gcc-arm/bin/../lib/gcc/arm-none-eabi/5.4.1/armv6-m/crtbegin.o
                0x0000aa9c                PROVIDE (__init_array_end, .)

.fini_array     0x0000aa9c        0x4
                [!provide]                PROVIDE (__fini_array_start, .)
 *(SORT(.fini_array.*))
 *(.fini_array*)
 .fini_array    0x0000aa9c        0x4 /home/laurie/gcc-arm/bin/../lib/gcc/arm-none-eabi/5.4.1/armv6-m/crtbegin.o
                [!provide]                PROVIDE (__fini_array_end, .)
                0x0000aaa0                __etext = .
                0x0000aaa0                __DATA_ROM = .
