Archive member included to satisfy reference by file (symbol)

../../../../../../../../../usb/usb_core/device/lib/bm/armgcc/MKL46Z4/debug/libusbd_bm.a(adapter_sdk.c.obj)
                              CMakeFiles/dev_hid_mouse_bm.dir/home/laurie/RTES/KSDK_1.3.0/examples/frdmkl46z/demo_apps/usb/device/hid/hid_mouse/mouse.c.obj (OS_Task_create)
../../../../../../../../../usb/usb_core/device/lib/bm/armgcc/MKL46Z4/debug/libusbd_bm.a(usb_class.c.obj)
                              CMakeFiles/dev_hid_mouse_bm.dir/home/laurie/RTES/KSDK_1.3.0/examples/frdmkl46z/demo_apps/usb/device/hid/hid_mouse/mouse.c.obj (USB_Class_Periodic_Task)
../../../../../../../../../usb/usb_core/device/lib/bm/armgcc/MKL46Z4/debug/libusbd_bm.a(usb_hid.c.obj)
                              CMakeFiles/dev_hid_mouse_bm.dir/home/laurie/RTES/KSDK_1.3.0/examples/frdmkl46z/demo_apps/usb/device/hid/hid_mouse/mouse.c.obj (USB_Class_HID_Init)
../../../../../../../../../usb/usb_core/device/lib/bm/armgcc/MKL46Z4/debug/libusbd_bm.a(usb_dev.c.obj)
                              ../../../../../../../../../usb/usb_core/device/lib/bm/armgcc/MKL46Z4/debug/libusbd_bm.a(usb_class.c.obj) (usb_device_get_status)
../../../../../../../../../usb/usb_core/device/lib/bm/armgcc/MKL46Z4/debug/libusbd_bm.a(usb_framework.c.obj)
                              ../../../../../../../../../usb/usb_core/device/lib/bm/armgcc/MKL46Z4/debug/libusbd_bm.a(usb_dev.c.obj) (USB_Control_Service)
../../../../../../../../../usb/usb_core/device/lib/bm/armgcc/MKL46Z4/debug/libusbd_bm.a(device_khci_interface.c.obj)
                              ../../../../../../../../../usb/usb_core/device/lib/bm/armgcc/MKL46Z4/debug/libusbd_bm.a(usb_dev.c.obj) (_usb_khci_dev_function_table)
../../../../../../../../../usb/usb_core/device/lib/bm/armgcc/MKL46Z4/debug/libusbd_bm.a(khci_dev.c.obj)
                              ../../../../../../../../../usb/usb_core/device/lib/bm/armgcc/MKL46Z4/debug/libusbd_bm.a(device_khci_interface.c.obj) (usb_dci_khci_get_xd)
../../../../../../../../../usb/usb_core/device/lib/bm/armgcc/MKL46Z4/debug/libusbd_bm.a(usb_dev_bsp.c.obj)
                              ../../../../../../../../../usb/usb_core/device/lib/bm/armgcc/MKL46Z4/debug/libusbd_bm.a(usb_dev.c.obj) (usb_dev_soc_init)
../../../../../../../../../lib/ksdk_platform_lib/armgcc/KL46Z4/debug/libksdk_platform.a(fsl_os_abstraction_bm.c.obj)
                              ../../../../../../../../../usb/usb_core/device/lib/bm/armgcc/MKL46Z4/debug/libusbd_bm.a(adapter_sdk.c.obj) (OSA_SemaCreate)
../../../../../../../../../lib/ksdk_platform_lib/armgcc/KL46Z4/debug/libksdk_platform.a(fsl_clock_manager.c.obj)
                              CMakeFiles/dev_hid_mouse_bm.dir/home/laurie/RTES/KSDK_1.3.0/examples/frdmkl46z/board.c.obj (CLOCK_SYS_BootToPee)
../../../../../../../../../lib/ksdk_platform_lib/armgcc/KL46Z4/debug/libksdk_platform.a(fsl_clock_manager_common.c.obj)
                              ../../../../../../../../../lib/ksdk_platform_lib/armgcc/KL46Z4/debug/libksdk_platform.a(fsl_clock_manager.c.obj) (g_oscBase)
../../../../../../../../../lib/ksdk_platform_lib/armgcc/KL46Z4/debug/libksdk_platform.a(fsl_clock_MKL46Z4.c.obj)
                              CMakeFiles/dev_hid_mouse_bm.dir/home/laurie/RTES/KSDK_1.3.0/examples/frdmkl46z/board.c.obj (CLOCK_SYS_SetSimConfigration)
../../../../../../../../../lib/ksdk_platform_lib/armgcc/KL46Z4/debug/libksdk_platform.a(fsl_interrupt_manager.c.obj)
                              ../../../../../../../../../lib/ksdk_platform_lib/armgcc/KL46Z4/debug/libksdk_platform.a(fsl_os_abstraction_bm.c.obj) (INT_SYS_InstallHandler)
../../../../../../../../../lib/ksdk_platform_lib/armgcc/KL46Z4/debug/libksdk_platform.a(fsl_lpsci_hal.c.obj)
                              CMakeFiles/dev_hid_mouse_bm.dir/home/laurie/RTES/KSDK_1.3.0/platform/utilities/src/fsl_debug_console.c.obj (LPSCI_HAL_SetBaudRate)
../../../../../../../../../lib/ksdk_platform_lib/armgcc/KL46Z4/debug/libksdk_platform.a(fsl_lptmr_hal.c.obj)
                              ../../../../../../../../../lib/ksdk_platform_lib/armgcc/KL46Z4/debug/libksdk_platform.a(fsl_os_abstraction_bm.c.obj) (LPTMR_HAL_SetTimerWorkingMode)
../../../../../../../../../lib/ksdk_platform_lib/armgcc/KL46Z4/debug/libksdk_platform.a(fsl_mcg_hal.c.obj)
                              ../../../../../../../../../lib/ksdk_platform_lib/armgcc/KL46Z4/debug/libksdk_platform.a(fsl_clock_manager.c.obj) (g_xtal0ClkFreq)
../../../../../../../../../lib/ksdk_platform_lib/armgcc/KL46Z4/debug/libksdk_platform.a(fsl_mcg_hal_modes.c.obj)
                              ../../../../../../../../../lib/ksdk_platform_lib/armgcc/KL46Z4/debug/libksdk_platform.a(fsl_clock_manager.c.obj) (CLOCK_HAL_GetMcgMode)
../../../../../../../../../lib/ksdk_platform_lib/armgcc/KL46Z4/debug/libksdk_platform.a(fsl_osc_hal.c.obj)
                              ../../../../../../../../../lib/ksdk_platform_lib/armgcc/KL46Z4/debug/libksdk_platform.a(fsl_clock_manager.c.obj) (OSC_HAL_SetCapacitor)
[...]
Memory Configuration

Name             Origin             Length             Attributes
m_interrupts     0x00000000         0x00000100         xr
m_flash_config   0x00000400         0x00000010         xr
m_text           0x00000410         0x0003fbf0         xr
m_data           0x1fffe000         0x00008000         rw
*default*        0x00000000         0xffffffff

Linker script and memory map

LOAD /home/laurie/gcc-arm/bin/../lib/gcc/arm-none-eabi/5.4.1/armv6-m/crti.o
LOAD /home/laurie/gcc-arm/bin/../lib/gcc/arm-none-eabi/5.4.1/armv6-m/crtbegin.o
LOAD /home/laurie/gcc-arm/bin/../lib/gcc/arm-none-eabi/5.4.1/../../../../arm-none-eabi/lib/armv6-m/crt0.o
                0x00000001                __ram_vector_table__ = 0x1
LOAD /home/laurie/gcc-arm/bin/../lib/gcc/arm-none-eabi/5.4.1/../../../../arm-none-eabi/lib/armv6-m/libm.a
                0x00000400                __stack_size__ = 0x400
                0x00000400                __heap_size__ = 0x400
LOAD CMakeFiles/dev_hid_mouse_bm.dir/home/laurie/RTES/KSDK_1.3.0/platform/utilities/src/fsl_misc_utilities.c.obj
LOAD CMakeFiles/dev_hid_mouse_bm.dir/home/laurie/RTES/KSDK_1.3.0/platform/devices/MKL46Z4/startup/gcc/startup_MKL46Z4.S.obj
LOAD CMakeFiles/dev_hid_mouse_bm.dir/home/laurie/RTES/KSDK_1.3.0/examples/frdmkl46z/demo_apps/usb/device/hid/hid_mouse/mouse.c.obj
LOAD CMakeFiles/dev_hid_mouse_bm.dir/home/laurie/RTES/KSDK_1.3.0/examples/frdmkl46z/demo_apps/usb/device/hid/hid_mouse/usb_descriptor.c.obj
LOAD CMakeFiles/dev_hid_mouse_bm.dir/home/laurie/RTES/KSDK_1.3.0/examples/frdmkl46z/demo_apps/usb/device/hid/hid_mouse/hardware_init.c.obj
LOAD CMakeFiles/dev_hid_mouse_bm.dir/home/laurie/RTES/KSDK_1.3.0/examples/frdmkl46z/gpio_pins.c.obj
LOAD CMakeFiles/dev_hid_mouse_bm.dir/home/laurie/RTES/KSDK_1.3.0/examples/frdmkl46z/pin_mux.c.obj
LOAD CMakeFiles/dev_hid_mouse_bm.dir/home/laurie/RTES/KSDK_1.3.0/examples/frdmkl46z/board.c.obj
LOAD CMakeFiles/dev_hid_mouse_bm.dir/home/laurie/RTES/KSDK_1.3.0/platform/utilities/src/fsl_debug_console.c.obj
LOAD CMakeFiles/dev_hid_mouse_bm.dir/home/laurie/RTES/KSDK_1.3.0/platform/utilities/src/print_scan.c.obj
LOAD CMakeFiles/dev_hid_mouse_bm.dir/home/laurie/RTES/KSDK_1.3.0/platform/devices/MKL46Z4/startup/system_MKL46Z4.c.obj
LOAD CMakeFiles/dev_hid_mouse_bm.dir/home/laurie/RTES/KSDK_1.3.0/platform/devices/startup.c.obj
START GROUP
LOAD ../../../../../../../../../usb/usb_core/device/lib/bm/armgcc/MKL46Z4/debug/libusbd_bm.a
LOAD ../../../../../../../../../lib/ksdk_platform_lib/armgcc/KL46Z4/debug/libksdk_platform.a
LOAD /home/laurie/gcc-arm/bin/../lib/gcc/arm-none-eabi/5.4.1/../../../../arm-none-eabi/lib/armv6-m/libm.a
LOAD /home/laurie/gcc-arm/bin/../lib/gcc/arm-none-eabi/5.4.1/../../../../arm-none-eabi/lib/armv6-m/libc_nano.a
LOAD /home/laurie/gcc-arm/bin/../lib/gcc/arm-none-eabi/5.4.1/armv6-m/libgcc.a
LOAD /home/laurie/gcc-arm/bin/../lib/gcc/arm-none-eabi/5.4.1/../../../../arm-none-eabi/lib/armv6-m/libnosys.a
END GROUP
START GROUP
LOAD /home/laurie/gcc-arm/bin/../lib/gcc/arm-none-eabi/5.4.1/armv6-m/libgcc.a
LOAD /home/laurie/gcc-arm/bin/../lib/gcc/arm-none-eabi/5.4.1/../../../../arm-none-eabi/lib/armv6-m/libg_nano.a
LOAD /home/laurie/gcc-arm/bin/../lib/gcc/arm-none-eabi/5.4.1/../../../../arm-none-eabi/lib/armv6-m/libc_nano.a
END GROUP
START GROUP
LOAD /home/laurie/gcc-arm/bin/../lib/gcc/arm-none-eabi/5.4.1/armv6-m/libgcc.a
LOAD /home/laurie/gcc-arm/bin/../lib/gcc/arm-none-eabi/5.4.1/../../../../arm-none-eabi/lib/armv6-m/libc_nano.a
END GROUP
LOAD /home/laurie/gcc-arm/bin/../lib/gcc/arm-none-eabi/5.4.1/armv6-m/crtend.o
LOAD /home/laurie/gcc-arm/bin/../lib/gcc/arm-none-eabi/5.4.1/armv6-m/crtn.o
                0x00000400                HEAP_SIZE = DEFINED (__heap_size__)?__heap_size__:0x400
                0x00000400                STACK_SIZE = DEFINED (__stack_size__)?__stack_size__:0x400
                0x00000000                M_VECTOR_RAM_SIZE = DEFINED (__ram_vector_table__)?0x100:0x0

.interrupts     0x00000000       0xc0
                0x00000000                __VECTOR_TABLE = .
                0x00000000                . = ALIGN (0x4)
 *(.isr_vector)
 .isr_vector    0x00000000       0xc0 CMakeFiles/dev_hid_mouse_bm.dir/home/laurie/RTES/KSDK_1.3.0/platform/devices/MKL46Z4/startup/gcc/startup_MKL46Z4.S.obj
                0x00000000                __isr_vector
                0x000000c0                . = ALIGN (0x4)

.flash_config   0x00000400       0x10
                0x00000400                . = ALIGN (0x4)
 *(.FlashConfig)
 .FlashConfig   0x00000400       0x10 CMakeFiles/dev_hid_mouse_bm.dir/home/laurie/RTES/KSDK_1.3.0/platform/devices/MKL46Z4/startup/gcc/startup_MKL46Z4.S.obj
                0x00000410                . = ALIGN (0x4)

.text           0x00000410     0x9a24
                0x00000410                . = ALIGN (0x4)
 *(.text)
 .text          0x00000410       0x60 /home/laurie/gcc-arm/bin/../lib/gcc/arm-none-eabi/5.4.1/armv6-m/crtbegin.o
 .text          0x00000470       0x78 /home/laurie/gcc-arm/bin/../lib/gcc/arm-none-eabi/5.4.1/../../../../arm-none-eabi/lib/armv6-m/crt0.o
                0x00000470                _mainCRTStartup
                0x00000470                _start
 .text          0x000004e8       0x18 CMakeFiles/dev_hid_mouse_bm.dir/home/laurie/RTES/KSDK_1.3.0/platform/devices/MKL46Z4/startup/gcc/startup_MKL46Z4.S.obj
                0x000004e8                Reset_Handler
                0x000004f8                I2C0_IRQHandler
                0x000004f8                HardFault_Handler
                0x000004f8                SysTick_Handler
                0x000004f8                PendSV_Handler
                0x000004f8                NMI_Handler
                0x000004f8                PORTC_PORTD_IRQHandler
                0x000004f8                I2C1_IRQHandler
                0x000004f8                UART1_IRQHandler
                0x000004f8                DMA2_IRQHandler
                0x000004f8                TPM0_IRQHandler
                0x000004f8                I2S0_IRQHandler
                0x000004f8                LLWU_IRQHandler
                0x000004f8                TSI0_IRQHandler
                0x000004f8                UART0_IRQHandler
                0x000004f8                ADC0_IRQHandler
                0x000004f8                SPI1_IRQHandler
                0x000004f8                DefaultISR
                0x000004f8                TPM2_IRQHandler
                0x000004f8                RTC_IRQHandler
                0x000004f8                LCD_IRQHandler
                0x000004f8                RTC_Seconds_IRQHandler
                0x000004f8                MCG_IRQHandler
                0x000004f8                UART2_IRQHandler
                0x000004f8                Reserved20_IRQHandler
                0x000004f8                USB0_IRQHandler
                0x000004f8                PIT_IRQHandler
                0x000004f8                SVC_Handler
                0x000004f8                DMA3_IRQHandler
                0x000004f8                DMA0_IRQHandler
                0x000004f8                DAC0_IRQHandler
                0x000004f8                TPM1_IRQHandler
                0x000004f8                LVD_LVW_IRQHandler
                0x000004f8                SPI0_IRQHandler
                0x000004f8                PORTA_IRQHandler
                0x000004f8                FTFA_IRQHandler
                0x000004f8                LPTMR0_IRQHandler
                0x000004f8                CMP0_IRQHandler
                0x000004f8                DMA1_IRQHandler
 .text          0x00000500        0xe /home/laurie/gcc-arm/bin/../lib/gcc/arm-none-eabi/5.4.1/../../../../arm-none-eabi/lib/armv6-m/libc_nano.a(lib_a-strlen.o)
                0x00000500                strlen
 *fill*         0x0000050e        0x2 
 .text          0x00000510      0x114 /home/laurie/gcc-arm/bin/../lib/gcc/arm-none-eabi/5.4.1/armv6-m/libgcc.a(_udivsi3.o)
                0x00000510                __udivsi3
                0x00000510                __aeabi_uidiv
                0x0000061c                __aeabi_uidivmod
 .text          0x00000624      0x1d4 /home/laurie/gcc-arm/bin/../lib/gcc/arm-none-eabi/5.4.1/armv6-m/libgcc.a(_divsi3.o)
                0x00000624                __aeabi_idiv
                0x00000624                __divsi3
                0x000007f0                __aeabi_idivmod
 .text          0x000007f8        0x4 /home/laurie/gcc-arm/bin/../lib/gcc/arm-none-eabi/5.4.1/armv6-m/libgcc.a(_dvmd_tls.o)
                0x000007f8                __aeabi_ldiv0
                0x000007f8                __aeabi_idiv0
 *(.text*)
 .text._sbrk    0x000007fc       0x5c CMakeFiles/dev_hid_mouse_bm.dir/home/laurie/RTES/KSDK_1.3.0/platform/utilities/src/fsl_misc_utilities.c.obj
                0x000007fc                _sbrk
 .text.move_mouse
                0x00000858      0x128 CMakeFiles/dev_hid_mouse_bm.dir/home/laurie/RTES/KSDK_1.3.0/examples/frdmkl46z/demo_apps/usb/device/hid/hid_mouse/mouse.c.obj
 .text.USB_App_Device_Callback
                0x00000980       0x74 CMakeFiles/dev_hid_mouse_bm.dir/home/laurie/RTES/KSDK_1.3.0/examples/frdmkl46z/demo_apps/usb/device/hid/hid_mouse/mouse.c.obj
                0x00000980                USB_App_Device_Callback
 .text.USB_App_Class_Callback
                0x000009f4      0x15c CMakeFiles/dev_hid_mouse_bm.dir/home/laurie/RTES/KSDK_1.3.0/examples/frdmkl46z/demo_apps/usb/device/hid/hid_mouse/mouse.c.obj
                0x000009f4                USB_App_Class_Callback
 .text.APP_init
                0x00000b50       0x84 CMakeFiles/dev_hid_mouse_bm.dir/home/laurie/RTES/KSDK_1.3.0/examples/frdmkl46z/demo_apps/usb/device/hid/hid_mouse/mouse.c.obj
                0x00000b50                APP_init
 .text.Task_Start
                0x00000bd4       0x10 CMakeFiles/dev_hid_mouse_bm.dir/home/laurie/RTES/KSDK_1.3.0/examples/frdmkl46z/demo_apps/usb/device/hid/hid_mouse/mouse.c.obj
 .text.main     0x00000be4       0x40 CMakeFiles/dev_hid_mouse_bm.dir/home/laurie/RTES/KSDK_1.3.0/examples/frdmkl46z/demo_apps/usb/device/hid/hid_mouse/mouse.c.obj
                0x00000be4                main
 .text.USB_Desc_Get_Descriptor
                0x00000c24      0x18c CMakeFiles/dev_hid_mouse_bm.dir/home/laurie/RTES/KSDK_1.3.0/examples/frdmkl46z/demo_apps/usb/device/hid/hid_mouse/usb_descriptor.c.obj
                0x00000c24                USB_Desc_Get_Descriptor
 .text.USB_Desc_Get_Interface
                0x00000db0       0x3c CMakeFiles/dev_hid_mouse_bm.dir/home/laurie/RTES/KSDK_1.3.0/examples/frdmkl46z/demo_apps/usb/device/hid/hid_mouse/usb_descriptor.c.obj
                0x00000db0                USB_Desc_Get_Interface
 .text.USB_Desc_Set_Interface
                0x00000dec       0x40 CMakeFiles/dev_hid_mouse_bm.dir/home/laurie/RTES/KSDK_1.3.0/examples/frdmkl46z/demo_apps/usb/device/hid/hid_mouse/usb_descriptor.c.obj
                0x00000dec                USB_Desc_Set_Interface
 .text.USB_Set_Configuration
                0x00000e2c       0x18 CMakeFiles/dev_hid_mouse_bm.dir/home/laurie/RTES/KSDK_1.3.0/examples/frdmkl46z/demo_apps/usb/device/hid/hid_mouse/usb_descriptor.c.obj
                0x00000e2c                USB_Set_Configuration
 .text.USB_Desc_Get_Entity
                0x00000e44       0x4c CMakeFiles/dev_hid_mouse_bm.dir/home/laurie/RTES/KSDK_1.3.0/examples/frdmkl46z/demo_apps/usb/device/hid/hid_mouse/usb_descriptor.c.obj
                0x00000e44                USB_Desc_Get_Entity
 .text.USB_Desc_Set_Speed
                0x00000e90       0xe8 CMakeFiles/dev_hid_mouse_bm.dir/home/laurie/RTES/KSDK_1.3.0/examples/frdmkl46z/demo_apps/usb/device/hid/hid_mouse/usb_descriptor.c.obj
                0x00000e90                USB_Desc_Set_Speed
 .text.hardware_init
                0x00000f78       0x3c CMakeFiles/dev_hid_mouse_bm.dir/home/laurie/RTES/KSDK_1.3.0/examples/frdmkl46z/demo_apps/usb/device/hid/hid_mouse/hardware_init.c.obj
                0x00000f78                hardware_init
 .text.PORT_HAL_SetMuxMode
                0x00000fb4       0x50 CMakeFiles/dev_hid_mouse_bm.dir/home/laurie/RTES/KSDK_1.3.0/examples/frdmkl46z/pin_mux.c.obj
 .text.configure_lpsci_pins
                0x00001004       0x38 CMakeFiles/dev_hid_mouse_bm.dir/home/laurie/RTES/KSDK_1.3.0/examples/frdmkl46z/pin_mux.c.obj
                0x00001004                configure_lpsci_pins
 .text.PORT_HAL_SetMuxMode
                0x0000103c       0x50 CMakeFiles/dev_hid_mouse_bm.dir/home/laurie/RTES/KSDK_1.3.0/examples/frdmkl46z/board.c.obj
 .text.CLOCK_HAL_SetLpsciSrc
                0x0000108c       0x34 CMakeFiles/dev_hid_mouse_bm.dir/home/laurie/RTES/KSDK_1.3.0/examples/frdmkl46z/board.c.obj
 .text.CLOCK_SYS_SetLpsciSrc
                0x000010c0       0x28 CMakeFiles/dev_hid_mouse_bm.dir/home/laurie/RTES/KSDK_1.3.0/examples/frdmkl46z/board.c.obj
 .text.SMC_HAL_SetProtection
                0x000010e8       0x20 CMakeFiles/dev_hid_mouse_bm.dir/home/laurie/RTES/KSDK_1.3.0/examples/frdmkl46z/board.c.obj
 .text.BOARD_InitOsc0
                0x00001108       0x3c CMakeFiles/dev_hid_mouse_bm.dir/home/laurie/RTES/KSDK_1.3.0/examples/frdmkl46z/board.c.obj
                0x00001108                BOARD_InitOsc0
 .text.CLOCK_SetBootConfig
                0x00001144       0x3c CMakeFiles/dev_hid_mouse_bm.dir/home/laurie/RTES/KSDK_1.3.0/examples/frdmkl46z/board.c.obj
 .text.BOARD_ClockInit
                0x00001180       0x44 CMakeFiles/dev_hid_mouse_bm.dir/home/laurie/RTES/KSDK_1.3.0/examples/frdmkl46z/board.c.obj
                0x00001180                BOARD_ClockInit
 .text.dbg_uart_init
                0x000011c4       0x28 CMakeFiles/dev_hid_mouse_bm.dir/home/laurie/RTES/KSDK_1.3.0/examples/frdmkl46z/board.c.obj
                0x000011c4                dbg_uart_init
 .text.usb_device_board_init
                0x000011ec       0x34 CMakeFiles/dev_hid_mouse_bm.dir/home/laurie/RTES/KSDK_1.3.0/examples/frdmkl46z/board.c.obj
                0x000011ec                usb_device_board_init
 .text.UART_HAL_EnableTransmitter
                0x00001220       0x20 CMakeFiles/dev_hid_mouse_bm.dir/home/laurie/RTES/KSDK_1.3.0/platform/utilities/src/fsl_debug_console.c.obj
 .text.UART_HAL_EnableReceiver
                0x00001240       0x20 CMakeFiles/dev_hid_mouse_bm.dir/home/laurie/RTES/KSDK_1.3.0/platform/utilities/src/fsl_debug_console.c.obj
 .text.UART_HAL_SetBitCountPerChar
                0x00001260       0x30 CMakeFiles/dev_hid_mouse_bm.dir/home/laurie/RTES/KSDK_1.3.0/platform/utilities/src/fsl_debug_console.c.obj
 .text.UART_HAL_SetStopBitCount
                0x00001290       0x2c CMakeFiles/dev_hid_mouse_bm.dir/home/laurie/RTES/KSDK_1.3.0/platform/utilities/src/fsl_debug_console.c.obj
 .text.LPSCI_HAL_EnableTransmitter
                0x000012bc       0x20 CMakeFiles/dev_hid_mouse_bm.dir/home/laurie/RTES/KSDK_1.3.0/platform/utilities/src/fsl_debug_console.c.obj
 .text.LPSCI_HAL_EnableReceiver
                0x000012dc       0x20 CMakeFiles/dev_hid_mouse_bm.dir/home/laurie/RTES/KSDK_1.3.0/platform/utilities/src/fsl_debug_console.c.obj
 .text.LPSCI_HAL_SetBitCountPerChar
                0x000012fc       0x30 CMakeFiles/dev_hid_mouse_bm.dir/home/laurie/RTES/KSDK_1.3.0/platform/utilities/src/fsl_debug_console.c.obj
 .text.LPSCI_HAL_SetStopBitCount
                0x0000132c       0x2c CMakeFiles/dev_hid_mouse_bm.dir/home/laurie/RTES/KSDK_1.3.0/platform/utilities/src/fsl_debug_console.c.obj
 .text.DbgConsole_Init
                0x00001358      0x158 CMakeFiles/dev_hid_mouse_bm.dir/home/laurie/RTES/KSDK_1.3.0/platform/utilities/src/fsl_debug_console.c.obj
                0x00001358                DbgConsole_Init
 .text._write   0x000014b0       0x58 CMakeFiles/dev_hid_mouse_bm.dir/home/laurie/RTES/KSDK_1.3.0/platform/utilities/src/fsl_debug_console.c.obj
                0x000014b0                _write
 .text._read    0x00001508       0x44 CMakeFiles/dev_hid_mouse_bm.dir/home/laurie/RTES/KSDK_1.3.0/platform/utilities/src/fsl_debug_console.c.obj
                0x00001508                _read
 .text.debug_printf
                0x0000154c       0x4c CMakeFiles/dev_hid_mouse_bm.dir/home/laurie/RTES/KSDK_1.3.0/platform/utilities/src/fsl_debug_console.c.obj
                0x0000154c                debug_printf
 .text.debug_putc
                0x00001598       0x44 CMakeFiles/dev_hid_mouse_bm.dir/home/laurie/RTES/KSDK_1.3.0/platform/utilities/src/fsl_debug_console.c.obj
 .text._doprint
                0x000015dc      0x6c8 CMakeFiles/dev_hid_mouse_bm.dir/home/laurie/RTES/KSDK_1.3.0/platform/utilities/src/print_scan.c.obj
                0x000015dc                _doprint
 .text.mknumstr
                0x00001ca4      0x10c CMakeFiles/dev_hid_mouse_bm.dir/home/laurie/RTES/KSDK_1.3.0/platform/utilities/src/print_scan.c.obj
 .text.fput_pad
                0x00001db0       0x44 CMakeFiles/dev_hid_mouse_bm.dir/home/laurie/RTES/KSDK_1.3.0/platform/utilities/src/print_scan.c.obj
 .text.SystemInit
                0x00001df4      0x1b0 CMakeFiles/dev_hid_mouse_bm.dir/home/laurie/RTES/KSDK_1.3.0/platform/devices/MKL46Z4/startup/system_MKL46Z4.c.obj
                0x00001df4                SystemInit
 .text.init_data_bss
                0x00001fa4       0xc8 CMakeFiles/dev_hid_mouse_bm.dir/home/laurie/RTES/KSDK_1.3.0/platform/devices/startup.c.obj
                0x00001fa4                init_data_bss
 .text.soc_get_usb_vector_number
                0x0000206c       0x24 ../../../../../../../../../usb/usb_core/device/lib/bm/armgcc/MKL46Z4/debug/libusbd_bm.a(adapter_sdk.c.obj)
                0x0000206c                soc_get_usb_vector_number
 .text.soc_get_usb_base_address
                0x00002090       0x28 ../../../../../../../../../usb/usb_core/device/lib/bm/armgcc/MKL46Z4/debug/libusbd_bm.a(adapter_sdk.c.obj)
                0x00002090                soc_get_usb_base_address
 .text.OS_Task_create
                0x000020b8       0x54 ../../../../../../../../../usb/usb_core/device/lib/bm/armgcc/MKL46Z4/debug/libusbd_bm.a(adapter_sdk.c.obj)
                0x000020b8                OS_Task_create
 .text.OS_Mutex_create
                0x0000210c       0x3c ../../../../../../../../../usb/usb_core/device/lib/bm/armgcc/MKL46Z4/debug/libusbd_bm.a(adapter_sdk.c.obj)
                0x0000210c                OS_Mutex_create
 .text.OS_Mutex_destroy
                0x00002148       0x2c ../../../../../../../../../usb/usb_core/device/lib/bm/armgcc/MKL46Z4/debug/libusbd_bm.a(adapter_sdk.c.obj)
                0x00002148                OS_Mutex_destroy
 .text.OS_Mutex_lock
                0x00002174       0x44 ../../../../../../../../../usb/usb_core/device/lib/bm/armgcc/MKL46Z4/debug/libusbd_bm.a(adapter_sdk.c.obj)
                0x00002174                OS_Mutex_lock
 .text.OS_Mutex_unlock
                0x000021b8       0x24 ../../../../../../../../../usb/usb_core/device/lib/bm/armgcc/MKL46Z4/debug/libusbd_bm.a(adapter_sdk.c.obj)
                0x000021b8                OS_Mutex_unlock
 .text.USB_Class_Allocate_Handle
                0x000021dc       0x48 ../../../../../../../../../usb/usb_core/device/lib/bm/armgcc/MKL46Z4/debug/libusbd_bm.a(usb_class.c.obj)
 .text.USB_Class_Init
                0x00002224       0x6c ../../../../../../../../../usb/usb_core/device/lib/bm/armgcc/MKL46Z4/debug/libusbd_bm.a(usb_class.c.obj)
                0x00002224                USB_Class_Init
 .text.USB_Class_Send_Data
                0x00002290       0x48 ../../../../../../../../../usb/usb_core/device/lib/bm/armgcc/MKL46Z4/debug/libusbd_bm.a(usb_class.c.obj)
                0x00002290                USB_Class_Send_Data
 .text.USB_Class_Get_Status
                0x000022d8       0x44 ../../../../../../../../../usb/usb_core/device/lib/bm/armgcc/MKL46Z4/debug/libusbd_bm.a(usb_class.c.obj)
                0x000022d8                USB_Class_Get_Status
 .text.USB_Class_Get_Class_Handle
                0x0000231c       0x58 ../../../../../../../../../usb/usb_core/device/lib/bm/armgcc/MKL46Z4/debug/libusbd_bm.a(usb_class.c.obj)
                0x0000231c                USB_Class_Get_Class_Handle
 .text.USB_Class_Get_Ctrler_Handle
                0x00002374       0x24 ../../../../../../../../../usb/usb_core/device/lib/bm/armgcc/MKL46Z4/debug/libusbd_bm.a(usb_class.c.obj)
                0x00002374                USB_Class_Get_Ctrler_Handle
 .text.USB_Hid_Allocate_Handle
                0x00002398       0x50 ../../../../../../../../../usb/usb_core/device/lib/bm/armgcc/MKL46Z4/debug/libusbd_bm.a(usb_hid.c.obj)
 .text.USB_Hid_Free_Handle
                0x000023e8       0x4c ../../../../../../../../../usb/usb_core/device/lib/bm/armgcc/MKL46Z4/debug/libusbd_bm.a(usb_hid.c.obj)
 .text.USB_Hid_Get_Device_Ptr
                0x00002434       0x14 ../../../../../../../../../usb/usb_core/device/lib/bm/armgcc/MKL46Z4/debug/libusbd_bm.a(usb_hid.c.obj)
 .text.USB_Service_Hid_IN
                0x00002448       0x40 ../../../../../../../../../usb/usb_core/device/lib/bm/armgcc/MKL46Z4/debug/libusbd_bm.a(usb_hid.c.obj)
                0x00002448                USB_Service_Hid_IN
 .text.USB_Service_Hid_OUT
                0x00002488       0x40 ../../../../../../../../../usb/usb_core/device/lib/bm/armgcc/MKL46Z4/debug/libusbd_bm.a(usb_hid.c.obj)
                0x00002488                USB_Service_Hid_OUT
 .text.USB_Class_Hid_Event
                0x000024c8      0x3ec ../../../../../../../../../usb/usb_core/device/lib/bm/armgcc/MKL46Z4/debug/libusbd_bm.a(usb_hid.c.obj)
                0x000024c8                USB_Class_Hid_Event
 .text.USB_HID_Requests
                0x000028b4       0x94 ../../../../../../../../../usb/usb_core/device/lib/bm/armgcc/MKL46Z4/debug/libusbd_bm.a(usb_hid.c.obj)
                0x000028b4                USB_HID_Requests
 .text.USB_Class_HID_Init
                0x00002948      0x174 ../../../../../../../../../usb/usb_core/device/lib/bm/armgcc/MKL46Z4/debug/libusbd_bm.a(usb_hid.c.obj)
                0x00002948                USB_Class_HID_Init
 .text.USB_Class_HID_Send_Data
                0x00002abc       0x5c ../../../../../../../../../usb/usb_core/device/lib/bm/armgcc/MKL46Z4/debug/libusbd_bm.a(usb_hid.c.obj)
                0x00002abc                USB_Class_HID_Send_Data
 .text.USB_Class_HID_Get_Speed
                0x00002b18       0x38 ../../../../../../../../../usb/usb_core/device/lib/bm/armgcc/MKL46Z4/debug/libusbd_bm.a(usb_hid.c.obj)
                0x00002b18                USB_Class_HID_Get_Speed
 .text._usb_device_get_handle
                0x00002b50       0x94 ../../../../../../../../../usb/usb_core/device/lib/bm/armgcc/MKL46Z4/debug/libusbd_bm.a(usb_dev.c.obj)
 .text._usb_device_release_handle
                0x00002be4       0x18 ../../../../../../../../../usb/usb_core/device/lib/bm/armgcc/MKL46Z4/debug/libusbd_bm.a(usb_dev.c.obj)
 .text._usb_device_get_DCI
                0x00002bfc       0x30 ../../../../../../../../../usb/usb_core/device/lib/bm/armgcc/MKL46Z4/debug/libusbd_bm.a(usb_dev.c.obj)
 .text._usb_device_call_service_internal
                0x00002c2c       0x8c ../../../../../../../../../usb/usb_core/device/lib/bm/armgcc/MKL46Z4/debug/libusbd_bm.a(usb_dev.c.obj)
                0x00002c2c                _usb_device_call_service_internal
 .text._usb_device_call_service
                0x00002cb8       0x68 ../../../../../../../../../usb/usb_core/device/lib/bm/armgcc/MKL46Z4/debug/libusbd_bm.a(usb_dev.c.obj)
                0x00002cb8                _usb_device_call_service
 .text.usb_device_set_address
                0x00002d20       0x4c ../../../../../../../../../usb/usb_core/device/lib/bm/armgcc/MKL46Z4/debug/libusbd_bm.a(usb_dev.c.obj)
                0x00002d20                usb_device_set_address
 .text.usb_device_get_status
                0x00002d6c       0xc0 ../../../../../../../../../usb/usb_core/device/lib/bm/armgcc/MKL46Z4/debug/libusbd_bm.a(usb_dev.c.obj)
                0x00002d6c                usb_device_get_status
 .text.usb_device_set_status
                0x00002e2c       0x88 ../../../../../../../../../usb/usb_core/device/lib/bm/armgcc/MKL46Z4/debug/libusbd_bm.a(usb_dev.c.obj)
                0x00002e2c                usb_device_set_status
 .text.usb_device_init
                0x00002eb4      0x1d8 ../../../../../../../../../usb/usb_core/device/lib/bm/armgcc/MKL46Z4/debug/libusbd_bm.a(usb_dev.c.obj)
                0x00002eb4                usb_device_init
 .text.usb_device_postinit
                0x0000308c       0x40 ../../../../../../../../../usb/usb_core/device/lib/bm/armgcc/MKL46Z4/debug/libusbd_bm.a(usb_dev.c.obj)
                0x0000308c                usb_device_postinit
 .text.usb_device_init_endpoint
                0x000030cc       0xac ../../../../../../../../../usb/usb_core/device/lib/bm/armgcc/MKL46Z4/debug/libusbd_bm.a(usb_dev.c.obj)
                0x000030cc                usb_device_init_endpoint
 .text.usb_device_register_service
                0x00003178       0xdc ../../../../../../../../../usb/usb_core/device/lib/bm/armgcc/MKL46Z4/debug/libusbd_bm.a(usb_dev.c.obj)
                0x00003178                usb_device_register_service
 .text.usb_device_recv_data
                0x00003254       0xfc ../../../../../../../../../usb/usb_core/device/lib/bm/armgcc/MKL46Z4/debug/libusbd_bm.a(usb_dev.c.obj)
                0x00003254                usb_device_recv_data
 .text.usb_device_send_data
                0x00003350      0x110 ../../../../../../../../../usb/usb_core/device/lib/bm/armgcc/MKL46Z4/debug/libusbd_bm.a(usb_dev.c.obj)
                0x00003350                usb_device_send_data
 .text.usb_device_unstall_endpoint
                0x00003460       0x8c ../../../../../../../../../usb/usb_core/device/lib/bm/armgcc/MKL46Z4/debug/libusbd_bm.a(usb_dev.c.obj)
                0x00003460                usb_device_unstall_endpoint
 .text.usb_device_stall_endpoint
                0x000034ec       0x78 ../../../../../../../../../usb/usb_core/device/lib/bm/armgcc/MKL46Z4/debug/libusbd_bm.a(usb_dev.c.obj)
                0x000034ec                usb_device_stall_endpoint
 .text.usb_device_register_application_notify
                0x00003564       0x40 ../../../../../../../../../usb/usb_core/device/lib/bm/armgcc/MKL46Z4/debug/libusbd_bm.a(usb_dev.c.obj)
                0x00003564                usb_device_register_application_notify
 .text.usb_device_register_vendor_class_request_notify
                0x000035a4       0x40 ../../../../../../../../../usb/usb_core/device/lib/bm/armgcc/MKL46Z4/debug/libusbd_bm.a(usb_dev.c.obj)
                0x000035a4                usb_device_register_vendor_class_request_notify
 .text.usb_device_register_desc_request_notify
                0x000035e4       0x40 ../../../../../../../../../usb/usb_core/device/lib/bm/armgcc/MKL46Z4/debug/libusbd_bm.a(usb_dev.c.obj)
                0x000035e4                usb_device_register_desc_request_notify
 .text.usb_device_reset
                0x00003624       0x44 ../../../../../../../../../usb/usb_core/device/lib/bm/armgcc/MKL46Z4/debug/libusbd_bm.a(usb_dev.c.obj)
                0x00003624                usb_device_reset
 .text.USB_Control_Service
                0x00003668      0x22c ../../../../../../../../../usb/usb_core/device/lib/bm/armgcc/MKL46Z4/debug/libusbd_bm.a(usb_framework.c.obj)
                0x00003668                USB_Control_Service
 .text.USB_Reset_Service
                0x00003894       0x88 ../../../../../../../../../usb/usb_core/device/lib/bm/armgcc/MKL46Z4/debug/libusbd_bm.a(usb_framework.c.obj)
                0x00003894                USB_Reset_Service
 .text.USB_Control_Service_Handler
                0x0000391c       0x90 ../../../../../../../../../usb/usb_core/device/lib/bm/armgcc/MKL46Z4/debug/libusbd_bm.a(usb_framework.c.obj)
                0x0000391c                USB_Control_Service_Handler
 .text.USB_Strd_Req_Get_Status
                0x000039ac       0xcc ../../../../../../../../../usb/usb_core/device/lib/bm/armgcc/MKL46Z4/debug/libusbd_bm.a(usb_framework.c.obj)
 .text.USB_Strd_Req_Feature
                0x00003a78      0x188 ../../../../../../../../../usb/usb_core/device/lib/bm/armgcc/MKL46Z4/debug/libusbd_bm.a(usb_framework.c.obj)
 .text.USB_Strd_Req_Set_Address
                0x00003c00       0x34 ../../../../../../../../../usb/usb_core/device/lib/bm/armgcc/MKL46Z4/debug/libusbd_bm.a(usb_framework.c.obj)
 .text.USB_Strd_Req_Assign_Address
                0x00003c34       0x24 ../../../../../../../../../usb/usb_core/device/lib/bm/armgcc/MKL46Z4/debug/libusbd_bm.a(usb_framework.c.obj)
 .text.USB_Strd_Req_Get_Config
                0x00003c58       0x30 ../../../../../../../../../usb/usb_core/device/lib/bm/armgcc/MKL46Z4/debug/libusbd_bm.a(usb_framework.c.obj)
 .text.USB_Strd_Req_Set_Config
                0x00003c88       0xd0 ../../../../../../../../../usb/usb_core/device/lib/bm/armgcc/MKL46Z4/debug/libusbd_bm.a(usb_framework.c.obj)
 .text.USB_Strd_Req_Get_Interface
                0x00003d58       0x6c ../../../../../../../../../usb/usb_core/device/lib/bm/armgcc/MKL46Z4/debug/libusbd_bm.a(usb_framework.c.obj)
 .text.USB_Strd_Req_Set_Interface
                0x00003dc4       0xb4 ../../../../../../../../../usb/usb_core/device/lib/bm/armgcc/MKL46Z4/debug/libusbd_bm.a(usb_framework.c.obj)
 .text.USB_Strd_Req_Sync_Frame
                0x00003e78       0x48 ../../../../../../../../../usb/usb_core/device/lib/bm/armgcc/MKL46Z4/debug/libusbd_bm.a(usb_framework.c.obj)
 .text.USB_Strd_Req_Get_Descriptor
                0x00003ec0       0x9c ../../../../../../../../../usb/usb_core/device/lib/bm/armgcc/MKL46Z4/debug/libusbd_bm.a(usb_framework.c.obj)
 .text.NVIC_EnableIRQ
                0x00003f5c       0x2c ../../../../../../../../../usb/usb_core/device/lib/bm/armgcc/MKL46Z4/debug/libusbd_bm.a(khci_dev.c.obj)
 .text.NVIC_SetPriority
                0x00003f88       0xdc ../../../../../../../../../usb/usb_core/device/lib/bm/armgcc/MKL46Z4/debug/libusbd_bm.a(khci_dev.c.obj)
 .text.usb_hal_khci_set_buffer_descriptor_table_addr
                0x00004064       0x3c ../../../../../../../../../usb/usb_core/device/lib/bm/armgcc/MKL46Z4/debug/libusbd_bm.a(khci_dev.c.obj)
 .text.usb_hal_khci_enable_interrupts
                0x000040a0       0x28 ../../../../../../../../../usb/usb_core/device/lib/bm/armgcc/MKL46Z4/debug/libusbd_bm.a(khci_dev.c.obj)
 .text.usb_hal_khci_disable_interrupts
                0x000040c8       0x30 ../../../../../../../../../usb/usb_core/device/lib/bm/armgcc/MKL46Z4/debug/libusbd_bm.a(khci_dev.c.obj)
 .text.usb_hal_khci_clr_interrupt
                0x000040f8       0x20 ../../../../../../../../../usb/usb_core/device/lib/bm/armgcc/MKL46Z4/debug/libusbd_bm.a(khci_dev.c.obj)
 .text.usb_hal_khci_clr_all_interrupts
                0x00004118       0x1c ../../../../../../../../../usb/usb_core/device/lib/bm/armgcc/MKL46Z4/debug/libusbd_bm.a(khci_dev.c.obj)
 .text.usb_hal_khci_is_interrupt_issued
                0x00004134       0x3c ../../../../../../../../../usb/usb_core/device/lib/bm/armgcc/MKL46Z4/debug/libusbd_bm.a(khci_dev.c.obj)
 .text.usb_hal_khci_enable_all_error_interrupts
                0x00004170       0x1c ../../../../../../../../../usb/usb_core/device/lib/bm/armgcc/MKL46Z4/debug/libusbd_bm.a(khci_dev.c.obj)
 .text.usb_hal_khci_clr_all_error_interrupts
                0x0000418c       0x1c ../../../../../../../../../usb/usb_core/device/lib/bm/armgcc/MKL46Z4/debug/libusbd_bm.a(khci_dev.c.obj)
 .text.usb_hal_khci_clr_token_busy
                0x000041a8       0x24 ../../../../../../../../../usb/usb_core/device/lib/bm/armgcc/MKL46Z4/debug/libusbd_bm.a(khci_dev.c.obj)
 .text.usb_hal_khci_set_oddrst
                0x000041cc       0x24 ../../../../../../../../../usb/usb_core/device/lib/bm/armgcc/MKL46Z4/debug/libusbd_bm.a(khci_dev.c.obj)
 .text.usb_hal_khci_clr_oddrst
                0x000041f0       0x24 ../../../../../../../../../usb/usb_core/device/lib/bm/armgcc/MKL46Z4/debug/libusbd_bm.a(khci_dev.c.obj)
 .text.usb_hal_khci_enable_sof
                0x00004214       0x24 ../../../../../../../../../usb/usb_core/device/lib/bm/armgcc/MKL46Z4/debug/libusbd_bm.a(khci_dev.c.obj)
 .text.usb_hal_khci_clear_control_register
                0x00004238       0x24 ../../../../../../../../../usb/usb_core/device/lib/bm/armgcc/MKL46Z4/debug/libusbd_bm.a(khci_dev.c.obj)
 .text.usb_hal_khci_get_transfer_status
                0x0000425c       0x1c ../../../../../../../../../usb/usb_core/device/lib/bm/armgcc/MKL46Z4/debug/libusbd_bm.a(khci_dev.c.obj)
 .text.usb_hal_khci_get_transfer_done_ep_number
                0x00004278       0x28 ../../../../../../../../../usb/usb_core/device/lib/bm/armgcc/MKL46Z4/debug/libusbd_bm.a(khci_dev.c.obj)
 .text.usb_hal_khci_get_transfer_done_direction
                0x000042a0       0x28 ../../../../../../../../../usb/usb_core/device/lib/bm/armgcc/MKL46Z4/debug/libusbd_bm.a(khci_dev.c.obj)
 .text.usb_hal_khci_get_transfer_done_odd
                0x000042c8       0x28 ../../../../../../../../../usb/usb_core/device/lib/bm/armgcc/MKL46Z4/debug/libusbd_bm.a(khci_dev.c.obj)
 .text.usb_hal_khci_get_frame_number
                0x000042f0       0x3c ../../../../../../../../../usb/usb_core/device/lib/bm/armgcc/MKL46Z4/debug/libusbd_bm.a(khci_dev.c.obj)
 .text.usb_hal_khci_set_device_addr
                0x0000432c       0x38 ../../../../../../../../../usb/usb_core/device/lib/bm/armgcc/MKL46Z4/debug/libusbd_bm.a(khci_dev.c.obj)
 .text.usb_hal_khci_endpoint_shut_down
                0x00004364       0x24 ../../../../../../../../../usb/usb_core/device/lib/bm/armgcc/MKL46Z4/debug/libusbd_bm.a(khci_dev.c.obj)
 .text.usb_hal_khci_endpoint_enable_handshake
                0x00004388       0x3c ../../../../../../../../../usb/usb_core/device/lib/bm/armgcc/MKL46Z4/debug/libusbd_bm.a(khci_dev.c.obj)
 .text.usb_hal_khci_endpoint_set_direction
                0x000043c4       0x40 ../../../../../../../../../usb/usb_core/device/lib/bm/armgcc/MKL46Z4/debug/libusbd_bm.a(khci_dev.c.obj)
 .text.usb_hal_khci_endpoint_clr_stall
                0x00004404       0x2c ../../../../../../../../../usb/usb_core/device/lib/bm/armgcc/MKL46Z4/debug/libusbd_bm.a(khci_dev.c.obj)
 .text.usb_hal_khci_enable_pull_down
                0x00004430       0x28 ../../../../../../../../../usb/usb_core/device/lib/bm/armgcc/MKL46Z4/debug/libusbd_bm.a(khci_dev.c.obj)
 .text.usb_hal_khci_enable_dp_pull_up
                0x00004458       0x48 ../../../../../../../../../usb/usb_core/device/lib/bm/armgcc/MKL46Z4/debug/libusbd_bm.a(khci_dev.c.obj)
 .text.usb_hal_khci_disable_dp_pull_up
                0x000044a0       0x48 ../../../../../../../../../usb/usb_core/device/lib/bm/armgcc/MKL46Z4/debug/libusbd_bm.a(khci_dev.c.obj)
 .text.usb_hal_khci_set_suspend
                0x000044e8       0x28 ../../../../../../../../../usb/usb_core/device/lib/bm/armgcc/MKL46Z4/debug/libusbd_bm.a(khci_dev.c.obj)
 .text.usb_hal_khci_clr_suspend
                0x00004510       0x28 ../../../../../../../../../usb/usb_core/device/lib/bm/armgcc/MKL46Z4/debug/libusbd_bm.a(khci_dev.c.obj)
 .text.usb_hal_khci_set_weak_pulldown
                0x00004538       0x1c ../../../../../../../../../usb/usb_core/device/lib/bm/armgcc/MKL46Z4/debug/libusbd_bm.a(khci_dev.c.obj)
 .text.usb_hal_khci_reset_control_register
                0x00004554       0x1c ../../../../../../../../../usb/usb_core/device/lib/bm/armgcc/MKL46Z4/debug/libusbd_bm.a(khci_dev.c.obj)
 .text.usb_hal_khci_set_internal_pullup
                0x00004570       0x20 ../../../../../../../../../usb/usb_core/device/lib/bm/armgcc/MKL46Z4/debug/libusbd_bm.a(khci_dev.c.obj)
 .text.usb_hal_khci_set_trc0
                0x00004590       0x28 ../../../../../../../../../usb/usb_core/device/lib/bm/armgcc/MKL46Z4/debug/libusbd_bm.a(khci_dev.c.obj)
 .text.usb_dci_khci_free_xd
                0x000045b8       0x50 ../../../../../../../../../usb/usb_core/device/lib/bm/armgcc/MKL46Z4/debug/libusbd_bm.a(khci_dev.c.obj)
                0x000045b8                usb_dci_khci_free_xd
 .text.usb_dci_khci_get_xd
                0x00004608       0x68 ../../../../../../../../../usb/usb_core/device/lib/bm/armgcc/MKL46Z4/debug/libusbd_bm.a(khci_dev.c.obj)
                0x00004608                usb_dci_khci_get_xd
 .text.usb_dci_khci_init_xd
                0x00004670       0x6c ../../../../../../../../../usb/usb_core/device/lib/bm/armgcc/MKL46Z4/debug/libusbd_bm.a(khci_dev.c.obj)
                0x00004670                usb_dci_khci_init_xd
 .text._usb_khci_next_setup_token_prep
                0x000046dc       0xc4 ../../../../../../../../../usb/usb_core/device/lib/bm/armgcc/MKL46Z4/debug/libusbd_bm.a(khci_dev.c.obj)
 .text._usb_khci_ep_read
                0x000047a0       0xe8 ../../../../../../../../../usb/usb_core/device/lib/bm/armgcc/MKL46Z4/debug/libusbd_bm.a(khci_dev.c.obj)
 .text._usb_khci_ep_write
                0x00004888      0x11c ../../../../../../../../../usb/usb_core/device/lib/bm/armgcc/MKL46Z4/debug/libusbd_bm.a(khci_dev.c.obj)
 .text._usb_khci_reset_ep_state
                0x000049a4      0x150 ../../../../../../../../../usb/usb_core/device/lib/bm/armgcc/MKL46Z4/debug/libusbd_bm.a(khci_dev.c.obj)
 .text._usb_khci_service_reset_intr
                0x00004af4       0x78 ../../../../../../../../../usb/usb_core/device/lib/bm/armgcc/MKL46Z4/debug/libusbd_bm.a(khci_dev.c.obj)
 .text._usb_khci_service_tk_dne_intr
                0x00004b6c      0x570 ../../../../../../../../../usb/usb_core/device/lib/bm/armgcc/MKL46Z4/debug/libusbd_bm.a(khci_dev.c.obj)
 .text._usb_khci_service_sof_token_intr
                0x000050dc       0x3c ../../../../../../../../../usb/usb_core/device/lib/bm/armgcc/MKL46Z4/debug/libusbd_bm.a(khci_dev.c.obj)
 .text._usb_khci_service_stall_intr
                0x00005118      0x154 ../../../../../../../../../usb/usb_core/device/lib/bm/armgcc/MKL46Z4/debug/libusbd_bm.a(khci_dev.c.obj)
 .text._usb_khci_isr
                0x0000526c       0x78 ../../../../../../../../../usb/usb_core/device/lib/bm/armgcc/MKL46Z4/debug/libusbd_bm.a(khci_dev.c.obj)
 .text.usb_dci_khci_preinit
                0x000052e4       0x48 ../../../../../../../../../usb/usb_core/device/lib/bm/armgcc/MKL46Z4/debug/libusbd_bm.a(khci_dev.c.obj)
                0x000052e4                usb_dci_khci_preinit
 .text.usb_dci_khci_init
                0x0000532c      0x108 ../../../../../../../../../usb/usb_core/device/lib/bm/armgcc/MKL46Z4/debug/libusbd_bm.a(khci_dev.c.obj)
                0x0000532c                usb_dci_khci_init
 .text.usb_dci_khci_postinit
                0x00005434       0x48 ../../../../../../../../../usb/usb_core/device/lib/bm/armgcc/MKL46Z4/debug/libusbd_bm.a(khci_dev.c.obj)
                0x00005434                usb_dci_khci_postinit
 .text.usb_dci_khci_init_endpoint
                0x0000547c      0x1c0 ../../../../../../../../../usb/usb_core/device/lib/bm/armgcc/MKL46Z4/debug/libusbd_bm.a(khci_dev.c.obj)
                0x0000547c                usb_dci_khci_init_endpoint
 .text.usb_dci_khci_deinit_endpoint
                0x0000563c       0xdc ../../../../../../../../../usb/usb_core/device/lib/bm/armgcc/MKL46Z4/debug/libusbd_bm.a(khci_dev.c.obj)
                0x0000563c                usb_dci_khci_deinit_endpoint
 .text.usb_dci_khci_send
                0x00005718       0xa0 ../../../../../../../../../usb/usb_core/device/lib/bm/armgcc/MKL46Z4/debug/libusbd_bm.a(khci_dev.c.obj)
                0x00005718                usb_dci_khci_send
 .text.usb_dci_khci_recv
                0x000057b8      0x140 ../../../../../../../../../usb/usb_core/device/lib/bm/armgcc/MKL46Z4/debug/libusbd_bm.a(khci_dev.c.obj)
                0x000057b8                usb_dci_khci_recv
 .text.usb_dci_khci_stall_endpoint
                0x000058f8      0x13c ../../../../../../../../../usb/usb_core/device/lib/bm/armgcc/MKL46Z4/debug/libusbd_bm.a(khci_dev.c.obj)
                0x000058f8                usb_dci_khci_stall_endpoint
 .text.usb_dci_khci_unstall_endpoint
                0x00005a34      0x1bc ../../../../../../../../../usb/usb_core/device/lib/bm/armgcc/MKL46Z4/debug/libusbd_bm.a(khci_dev.c.obj)
                0x00005a34                usb_dci_khci_unstall_endpoint
 .text.usb_dci_khci_cancel
                0x00005bf0       0xf0 ../../../../../../../../../usb/usb_core/device/lib/bm/armgcc/MKL46Z4/debug/libusbd_bm.a(khci_dev.c.obj)
                0x00005bf0                usb_dci_khci_cancel
 .text.usb_dci_khci_set_addr
                0x00005ce0       0x3c ../../../../../../../../../usb/usb_core/device/lib/bm/armgcc/MKL46Z4/debug/libusbd_bm.a(khci_dev.c.obj)
                0x00005ce0                usb_dci_khci_set_addr
 .text.usb_dci_khci_shutdown
                0x00005d1c       0x5c ../../../../../../../../../usb/usb_core/device/lib/bm/armgcc/MKL46Z4/debug/libusbd_bm.a(khci_dev.c.obj)
                0x00005d1c                usb_dci_khci_shutdown
 .text.usb_dci_khci_get_endpoint_status
                0x00005d78       0x44 ../../../../../../../../../usb/usb_core/device/lib/bm/armgcc/MKL46Z4/debug/libusbd_bm.a(khci_dev.c.obj)
                0x00005d78                usb_dci_khci_get_endpoint_status
 .text.usb_dci_khci_set_endpoint_status
                0x00005dbc       0xe0 ../../../../../../../../../usb/usb_core/device/lib/bm/armgcc/MKL46Z4/debug/libusbd_bm.a(khci_dev.c.obj)
                0x00005dbc                usb_dci_khci_set_endpoint_status
 .text.usb_dci_khci_set_status
                0x00005e9c       0x88 ../../../../../../../../../usb/usb_core/device/lib/bm/armgcc/MKL46Z4/debug/libusbd_bm.a(khci_dev.c.obj)
                0x00005e9c                usb_dci_khci_set_status
 .text.usb_dci_khci_get_status
                0x00005f24       0x94 ../../../../../../../../../usb/usb_core/device/lib/bm/armgcc/MKL46Z4/debug/libusbd_bm.a(khci_dev.c.obj)
                0x00005f24                usb_dci_khci_get_status
 .text.usb_dci_khci_reset
                0x00005fb8       0x78 ../../../../../../../../../usb/usb_core/device/lib/bm/armgcc/MKL46Z4/debug/libusbd_bm.a(khci_dev.c.obj)
                0x00005fb8                usb_dci_khci_reset
 .text.SIM_HAL_EnableClock
                0x00006030       0x5c ../../../../../../../../../usb/usb_core/device/lib/bm/armgcc/MKL46Z4/debug/libusbd_bm.a(usb_dev_bsp.c.obj)
 .text.CLOCK_HAL_SetUsbfsSrc
                0x0000608c       0x34 ../../../../../../../../../usb/usb_core/device/lib/bm/armgcc/MKL46Z4/debug/libusbd_bm.a(usb_dev_bsp.c.obj)
 .text.CLOCK_HAL_GetUsbfsSrc
                0x000060c0       0x2c ../../../../../../../../../usb/usb_core/device/lib/bm/armgcc/MKL46Z4/debug/libusbd_bm.a(usb_dev_bsp.c.obj)
 .text.CLOCK_HAL_SetPllfllSel
                0x000060ec       0x34 ../../../../../../../../../usb/usb_core/device/lib/bm/armgcc/MKL46Z4/debug/libusbd_bm.a(usb_dev_bsp.c.obj)
 .text.SIM_HAL_SetUsbVoltRegulatorCmd
                0x00006120       0x34 ../../../../../../../../../usb/usb_core/device/lib/bm/armgcc/MKL46Z4/debug/libusbd_bm.a(usb_dev_bsp.c.obj)
 .text.SIM_HAL_SetUsbVoltRegulatorWriteCmd
                0x00006154       0x38 ../../../../../../../../../usb/usb_core/device/lib/bm/armgcc/MKL46Z4/debug/libusbd_bm.a(usb_dev_bsp.c.obj)
 .text.CLOCK_SYS_SetPllfllSel
                0x0000618c       0x28 ../../../../../../../../../usb/usb_core/device/lib/bm/armgcc/MKL46Z4/debug/libusbd_bm.a(usb_dev_bsp.c.obj)
 .text.CLOCK_SYS_SetUsbfsSrc
                0x000061b4       0x28 ../../../../../../../../../usb/usb_core/device/lib/bm/armgcc/MKL46Z4/debug/libusbd_bm.a(usb_dev_bsp.c.obj)
 .text.CLOCK_SYS_GetUsbfsSrc
                0x000061dc       0x24 ../../../../../../../../../usb/usb_core/device/lib/bm/armgcc/MKL46Z4/debug/libusbd_bm.a(usb_dev_bsp.c.obj)
 .text.CLOCK_SYS_EnableUsbfsClock
                0x00006200       0x20 ../../../../../../../../../usb/usb_core/device/lib/bm/armgcc/MKL46Z4/debug/libusbd_bm.a(usb_dev_bsp.c.obj)
 .text.usb_dev_soc_init
                0x00006220      0x114 ../../../../../../../../../usb/usb_core/device/lib/bm/armgcc/MKL46Z4/debug/libusbd_bm.a(usb_dev_bsp.c.obj)
                0x00006220                usb_dev_soc_init
 .text.soc_get_usb_dev_int_level
                0x00006334       0x18 ../../../../../../../../../usb/usb_core/device/lib/bm/armgcc/MKL46Z4/debug/libusbd_bm.a(usb_dev_bsp.c.obj)
                0x00006334                soc_get_usb_dev_int_level
 .text.SIM_HAL_EnableClock
                0x0000634c       0x5c ../../../../../../../../../lib/ksdk_platform_lib/armgcc/KL46Z4/debug/libksdk_platform.a(fsl_os_abstraction_bm.c.obj)
 .text.CLOCK_SYS_EnableLptmrClock
                0x000063a8       0x20 ../../../../../../../../../lib/ksdk_platform_lib/armgcc/KL46Z4/debug/libksdk_platform.a(fsl_os_abstraction_bm.c.obj)
 .text.LPTMR_HAL_Enable
                0x000063c8       0x20 ../../../../../../../../../lib/ksdk_platform_lib/armgcc/KL46Z4/debug/libksdk_platform.a(fsl_os_abstraction_bm.c.obj)
 .text.LPTMR_HAL_Disable
                0x000063e8       0x20 ../../../../../../../../../lib/ksdk_platform_lib/armgcc/KL46Z4/debug/libksdk_platform.a(fsl_os_abstraction_bm.c.obj)
 .text.LPTMR_HAL_SetIntCmd
                0x00006408       0x28 ../../../../../../../../../lib/ksdk_platform_lib/armgcc/KL46Z4/debug/libksdk_platform.a(fsl_os_abstraction_bm.c.obj)
 .text.OSA_TimeInit
                0x00006430       0x64 ../../../../../../../../../lib/ksdk_platform_lib/armgcc/KL46Z4/debug/libksdk_platform.a(fsl_os_abstraction_bm.c.obj)
                0x00006430                OSA_TimeInit
 .text.OSA_TimeDiff
                0x00006494       0x30 ../../../../../../../../../lib/ksdk_platform_lib/armgcc/KL46Z4/debug/libksdk_platform.a(fsl_os_abstraction_bm.c.obj)
                0x00006494                OSA_TimeDiff
 .text.OSA_MutexCreate
                0x000064c4       0x48 ../../../../../../../../../lib/ksdk_platform_lib/armgcc/KL46Z4/debug/libksdk_platform.a(fsl_os_abstraction_bm.c.obj)
                0x000064c4                OSA_MutexCreate
 .text.OSA_MutexLock
                0x0000650c       0xc8 ../../../../../../../../../lib/ksdk_platform_lib/armgcc/KL46Z4/debug/libksdk_platform.a(fsl_os_abstraction_bm.c.obj)
                0x0000650c                OSA_MutexLock
 .text.OSA_MutexUnlock
                0x000065d4       0x44 ../../../../../../../../../lib/ksdk_platform_lib/armgcc/KL46Z4/debug/libksdk_platform.a(fsl_os_abstraction_bm.c.obj)
                0x000065d4                OSA_MutexUnlock
 .text.OSA_MutexDestroy
                0x00006618       0x34 ../../../../../../../../../lib/ksdk_platform_lib/armgcc/KL46Z4/debug/libksdk_platform.a(fsl_os_abstraction_bm.c.obj)
                0x00006618                OSA_MutexDestroy
 .text.task_init
                0x0000664c       0x60 ../../../../../../../../../lib/ksdk_platform_lib/armgcc/KL46Z4/debug/libksdk_platform.a(fsl_os_abstraction_bm.c.obj)
                0x0000664c                task_init
 .text.OSA_TaskCreate
                0x000066ac       0x70 ../../../../../../../../../lib/ksdk_platform_lib/armgcc/KL46Z4/debug/libksdk_platform.a(fsl_os_abstraction_bm.c.obj)
                0x000066ac                OSA_TaskCreate
 .text.OSA_MemAllocZero
                0x0000671c       0x1c ../../../../../../../../../lib/ksdk_platform_lib/armgcc/KL46Z4/debug/libksdk_platform.a(fsl_os_abstraction_bm.c.obj)
                0x0000671c                OSA_MemAllocZero
 .text.OSA_MemFree
                0x00006738       0x1c ../../../../../../../../../lib/ksdk_platform_lib/armgcc/KL46Z4/debug/libksdk_platform.a(fsl_os_abstraction_bm.c.obj)
                0x00006738                OSA_MemFree
 .text.OSA_TimeGetMsec
                0x00006754       0x18 ../../../../../../../../../lib/ksdk_platform_lib/armgcc/KL46Z4/debug/libksdk_platform.a(fsl_os_abstraction_bm.c.obj)
                0x00006754                OSA_TimeGetMsec
 .text.OSA_InstallIntHandler
                0x0000676c       0x24 ../../../../../../../../../lib/ksdk_platform_lib/armgcc/KL46Z4/debug/libksdk_platform.a(fsl_os_abstraction_bm.c.obj)
                0x0000676c                OSA_InstallIntHandler
 .text.OSA_EnterCritical
                0x00006790       0x24 ../../../../../../../../../lib/ksdk_platform_lib/armgcc/KL46Z4/debug/libksdk_platform.a(fsl_os_abstraction_bm.c.obj)
                0x00006790                OSA_EnterCritical
 .text.OSA_ExitCritical
                0x000067b4       0x24 ../../../../../../../../../lib/ksdk_platform_lib/armgcc/KL46Z4/debug/libksdk_platform.a(fsl_os_abstraction_bm.c.obj)
                0x000067b4                OSA_ExitCritical
 .text.OSA_Init
                0x000067d8       0x14 ../../../../../../../../../lib/ksdk_platform_lib/armgcc/KL46Z4/debug/libksdk_platform.a(fsl_os_abstraction_bm.c.obj)
                0x000067d8                OSA_Init
 .text.OSA_Start
                0x000067ec       0x38 ../../../../../../../../../lib/ksdk_platform_lib/armgcc/KL46Z4/debug/libksdk_platform.a(fsl_os_abstraction_bm.c.obj)
                0x000067ec                OSA_Start
 .text.CLOCK_HAL_SetClkOutSrc
                0x00006824       0x30 ../../../../../../../../../lib/ksdk_platform_lib/armgcc/KL46Z4/debug/libksdk_platform.a(fsl_clock_manager.c.obj)
 .text.CLOCK_HAL_SetClksFrdivIrefs
                0x00006854       0x68 ../../../../../../../../../lib/ksdk_platform_lib/armgcc/KL46Z4/debug/libksdk_platform.a(fsl_clock_manager.c.obj)
 .text.CLOCK_HAL_GetClkOutStat
                0x000068bc       0x24 ../../../../../../../../../lib/ksdk_platform_lib/armgcc/KL46Z4/debug/libksdk_platform.a(fsl_clock_manager.c.obj)
 .text.CLOCK_HAL_GetFllSrc
                0x000068e0       0x20 ../../../../../../../../../lib/ksdk_platform_lib/armgcc/KL46Z4/debug/libksdk_platform.a(fsl_clock_manager.c.obj)
 .text.CLOCK_HAL_IsOsc0Stable
                0x00006900       0x28 ../../../../../../../../../lib/ksdk_platform_lib/armgcc/KL46Z4/debug/libksdk_platform.a(fsl_clock_manager.c.obj)
 .text.OSC_HAL_SetExternalRefClkCmd
                0x00006928       0x2c ../../../../../../../../../lib/ksdk_platform_lib/armgcc/KL46Z4/debug/libksdk_platform.a(fsl_clock_manager.c.obj)
 .text.OSC_HAL_SetExternalRefClkInStopModeCmd
                0x00006954       0x2c ../../../../../../../../../lib/ksdk_platform_lib/armgcc/KL46Z4/debug/libksdk_platform.a(fsl_clock_manager.c.obj)
 .text.CLOCK_SYS_BootToPee
                0x00006980       0xd0 ../../../../../../../../../lib/ksdk_platform_lib/armgcc/KL46Z4/debug/libksdk_platform.a(fsl_clock_manager.c.obj)
                0x00006980                CLOCK_SYS_BootToPee
 .text.CLOCK_SYS_OscInit
                0x00006a50       0xf4 ../../../../../../../../../lib/ksdk_platform_lib/armgcc/KL46Z4/debug/libksdk_platform.a(fsl_clock_manager.c.obj)
                0x00006a50                CLOCK_SYS_OscInit
 .text.CLOCK_SYS_SetOscerConfigration
                0x00006b44       0x40 ../../../../../../../../../lib/ksdk_platform_lib/armgcc/KL46Z4/debug/libksdk_platform.a(fsl_clock_manager.c.obj)
                0x00006b44                CLOCK_SYS_SetOscerConfigration
 .text.SIM_HAL_EnableClock
                0x00006b84       0x5c ../../../../../../../../../lib/ksdk_platform_lib/armgcc/KL46Z4/debug/libksdk_platform.a(fsl_clock_MKL46Z4.c.obj)
 .text.CLOCK_HAL_GetUsbfsSrc
                0x00006be0       0x2c ../../../../../../../../../lib/ksdk_platform_lib/armgcc/KL46Z4/debug/libksdk_platform.a(fsl_clock_MKL46Z4.c.obj)
 .text.CLOCK_HAL_GetLpsciSrc
                0x00006c0c       0x2c ../../../../../../../../../lib/ksdk_platform_lib/armgcc/KL46Z4/debug/libksdk_platform.a(fsl_clock_MKL46Z4.c.obj)
 .text.CLOCK_HAL_SetExternalRefClock32kSrc
                0x00006c38       0x2c ../../../../../../../../../lib/ksdk_platform_lib/armgcc/KL46Z4/debug/libksdk_platform.a(fsl_clock_MKL46Z4.c.obj)
 .text.CLOCK_HAL_SetPllfllSel
                0x00006c64       0x34 ../../../../../../../../../lib/ksdk_platform_lib/armgcc/KL46Z4/debug/libksdk_platform.a(fsl_clock_MKL46Z4.c.obj)
 .text.CLOCK_HAL_GetPllfllSel
                0x00006c98       0x28 ../../../../../../../../../lib/ksdk_platform_lib/armgcc/KL46Z4/debug/libksdk_platform.a(fsl_clock_MKL46Z4.c.obj)
 .text.CLOCK_HAL_GetOutDiv1
                0x00006cc0       0x2c ../../../../../../../../../lib/ksdk_platform_lib/armgcc/KL46Z4/debug/libksdk_platform.a(fsl_clock_MKL46Z4.c.obj)
 .text.CLOCK_HAL_GetOutDiv4
                0x00006cec       0x2c ../../../../../../../../../lib/ksdk_platform_lib/armgcc/KL46Z4/debug/libksdk_platform.a(fsl_clock_MKL46Z4.c.obj)
 .text.OSC_HAL_GetExternalRefClkCmd
                0x00006d18       0x24 ../../../../../../../../../lib/ksdk_platform_lib/armgcc/KL46Z4/debug/libksdk_platform.a(fsl_clock_MKL46Z4.c.obj)
 .text.CLOCK_SYS_SetSimConfigration
                0x00006d3c       0x44 ../../../../../../../../../lib/ksdk_platform_lib/armgcc/KL46Z4/debug/libksdk_platform.a(fsl_clock_MKL46Z4.c.obj)
                0x00006d3c                CLOCK_SYS_SetSimConfigration
 .text.CLOCK_SYS_GetSystemClockFreq
                0x00006d80       0x34 ../../../../../../../../../lib/ksdk_platform_lib/armgcc/KL46Z4/debug/libksdk_platform.a(fsl_clock_MKL46Z4.c.obj)
                0x00006d80                CLOCK_SYS_GetSystemClockFreq
 .text.CLOCK_SYS_GetBusClockFreq
                0x00006db4       0x2c ../../../../../../../../../lib/ksdk_platform_lib/armgcc/KL46Z4/debug/libksdk_platform.a(fsl_clock_MKL46Z4.c.obj)
                0x00006db4                CLOCK_SYS_GetBusClockFreq
 .text.CLOCK_SYS_GetPllFllClockFreq
                0x00006de0       0x5c ../../../../../../../../../lib/ksdk_platform_lib/armgcc/KL46Z4/debug/libksdk_platform.a(fsl_clock_MKL46Z4.c.obj)
                0x00006de0                CLOCK_SYS_GetPllFllClockFreq
 .text.CLOCK_SYS_GetOsc0ExternalRefClockFreq
                0x00006e3c       0x28 ../../../../../../../../../lib/ksdk_platform_lib/armgcc/KL46Z4/debug/libksdk_platform.a(fsl_clock_MKL46Z4.c.obj)
                0x00006e3c                CLOCK_SYS_GetOsc0ExternalRefClockFreq
 .text.CLOCK_SYS_GetUsbfsFreq
                0x00006e64       0x48 ../../../../../../../../../lib/ksdk_platform_lib/armgcc/KL46Z4/debug/libksdk_platform.a(fsl_clock_MKL46Z4.c.obj)
                0x00006e64                CLOCK_SYS_GetUsbfsFreq
 .text.CLOCK_SYS_GetLpsciFreq
                0x00006eac       0x68 ../../../../../../../../../lib/ksdk_platform_lib/armgcc/KL46Z4/debug/libksdk_platform.a(fsl_clock_MKL46Z4.c.obj)
                0x00006eac                CLOCK_SYS_GetLpsciFreq
 .text.CLOCK_SYS_GetUartFreq
                0x00006f14       0x2c ../../../../../../../../../lib/ksdk_platform_lib/armgcc/KL46Z4/debug/libksdk_platform.a(fsl_clock_MKL46Z4.c.obj)
                0x00006f14                CLOCK_SYS_GetUartFreq
 .text.CLOCK_SYS_EnablePortClock
                0x00006f40       0x4c ../../../../../../../../../lib/ksdk_platform_lib/armgcc/KL46Z4/debug/libksdk_platform.a(fsl_clock_MKL46Z4.c.obj)
                0x00006f40                CLOCK_SYS_EnablePortClock
 .text.CLOCK_SYS_EnableLpsciClock
                0x00006f8c       0x44 ../../../../../../../../../lib/ksdk_platform_lib/armgcc/KL46Z4/debug/libksdk_platform.a(fsl_clock_MKL46Z4.c.obj)
                0x00006f8c                CLOCK_SYS_EnableLpsciClock
 .text.CLOCK_SYS_EnableUartClock
                0x00006fd0       0x4c ../../../../../../../../../lib/ksdk_platform_lib/armgcc/KL46Z4/debug/libksdk_platform.a(fsl_clock_MKL46Z4.c.obj)
                0x00006fd0                CLOCK_SYS_EnableUartClock
 .text.INT_SYS_InstallHandler
                0x0000701c       0x7c ../../../../../../../../../lib/ksdk_platform_lib/armgcc/KL46Z4/debug/libksdk_platform.a(fsl_interrupt_manager.c.obj)
                0x0000701c                INT_SYS_InstallHandler
 .text.INT_SYS_EnableIRQGlobal
                0x00007098       0x2c ../../../../../../../../../lib/ksdk_platform_lib/armgcc/KL46Z4/debug/libksdk_platform.a(fsl_interrupt_manager.c.obj)
                0x00007098                INT_SYS_EnableIRQGlobal
 .text.INT_SYS_DisableIRQGlobal
                0x000070c4       0x1c ../../../../../../../../../lib/ksdk_platform_lib/armgcc/KL46Z4/debug/libksdk_platform.a(fsl_interrupt_manager.c.obj)
                0x000070c4                INT_SYS_DisableIRQGlobal
 .text.LPSCI_HAL_Putchar
                0x000070e0       0x20 ../../../../../../../../../lib/ksdk_platform_lib/armgcc/KL46Z4/debug/libksdk_platform.a(fsl_lpsci_hal.c.obj)
 .text.LPSCI_HAL_Getchar
                0x00007100       0x1c ../../../../../../../../../lib/ksdk_platform_lib/armgcc/KL46Z4/debug/libksdk_platform.a(fsl_lpsci_hal.c.obj)
 .text.LPSCI_HAL_SetBaudRate
                0x0000711c      0x154 ../../../../../../../../../lib/ksdk_platform_lib/armgcc/KL46Z4/debug/libksdk_platform.a(fsl_lpsci_hal.c.obj)
                0x0000711c                LPSCI_HAL_SetBaudRate
 .text.LPSCI_HAL_SetParityMode
                0x00007270       0x4c ../../../../../../../../../lib/ksdk_platform_lib/armgcc/KL46Z4/debug/libksdk_platform.a(fsl_lpsci_hal.c.obj)
                0x00007270                LPSCI_HAL_SetParityMode
 .text.LPSCI_HAL_SendDataPolling
                0x000072bc       0x48 ../../../../../../../../../lib/ksdk_platform_lib/armgcc/KL46Z4/debug/libksdk_platform.a(fsl_lpsci_hal.c.obj)
                0x000072bc                LPSCI_HAL_SendDataPolling
 .text.LPSCI_HAL_ReceiveDataPolling
                0x00007304       0x8c ../../../../../../../../../lib/ksdk_platform_lib/armgcc/KL46Z4/debug/libksdk_platform.a(fsl_lpsci_hal.c.obj)
                0x00007304                LPSCI_HAL_ReceiveDataPolling
 .text.LPTMR_HAL_SetTimerWorkingMode
                0x00007390       0x5c ../../../../../../../../../lib/ksdk_platform_lib/armgcc/KL46Z4/debug/libksdk_platform.a(fsl_lptmr_hal.c.obj)
                0x00007390                LPTMR_HAL_SetTimerWorkingMode
 .text.LPTMR_HAL_SetPrescalerMode
                0x000073ec       0x40 ../../../../../../../../../lib/ksdk_platform_lib/armgcc/KL46Z4/debug/libksdk_platform.a(fsl_lptmr_hal.c.obj)
                0x000073ec                LPTMR_HAL_SetPrescalerMode
 .text.LPTMR_HAL_GetCounterValue
                0x0000742c       0x30 ../../../../../../../../../lib/ksdk_platform_lib/armgcc/KL46Z4/debug/libksdk_platform.a(fsl_lptmr_hal.c.obj)
                0x0000742c                LPTMR_HAL_GetCounterValue
 .text.CLOCK_HAL_GetClkOutStat
                0x0000745c       0x24 ../../../../../../../../../lib/ksdk_platform_lib/armgcc/KL46Z4/debug/libksdk_platform.a(fsl_mcg_hal.c.obj)
 .text.CLOCK_HAL_SetInternalRefClkMode
                0x00007480       0x2c ../../../../../../../../../lib/ksdk_platform_lib/armgcc/KL46Z4/debug/libksdk_platform.a(fsl_mcg_hal.c.obj)
 .text.CLOCK_HAL_GetInternalRefClkMode
                0x000074ac       0x20 ../../../../../../../../../lib/ksdk_platform_lib/armgcc/KL46Z4/debug/libksdk_platform.a(fsl_mcg_hal.c.obj)
 .text.CLOCK_HAL_IsPllSelected
                0x000074cc       0x28 ../../../../../../../../../lib/ksdk_platform_lib/armgcc/KL46Z4/debug/libksdk_platform.a(fsl_mcg_hal.c.obj)
 .text.CLOCK_HAL_IsOsc0Stable
                0x000074f4       0x28 ../../../../../../../../../lib/ksdk_platform_lib/armgcc/KL46Z4/debug/libksdk_platform.a(fsl_mcg_hal.c.obj)
 .text.CLOCK_HAL_PrepareOsc
                0x0000751c       0x44 ../../../../../../../../../lib/ksdk_platform_lib/armgcc/KL46Z4/debug/libksdk_platform.a(fsl_mcg_hal.c.obj)
                0x0000751c                CLOCK_HAL_PrepareOsc
 .text.CLOCK_HAL_GetMcgExternalClkFreq
                0x00007560       0x18 ../../../../../../../../../lib/ksdk_platform_lib/armgcc/KL46Z4/debug/libksdk_platform.a(fsl_mcg_hal.c.obj)
 .text.CLOCK_HAL_TestFllExternalRefFreq
                0x00007578       0x78 ../../../../../../../../../lib/ksdk_platform_lib/armgcc/KL46Z4/debug/libksdk_platform.a(fsl_mcg_hal.c.obj)
                0x00007578                CLOCK_HAL_TestFllExternalRefFreq
 .text.CLOCK_HAL_GetFllRefClk
                0x000075f0       0x94 ../../../../../../../../../lib/ksdk_platform_lib/armgcc/KL46Z4/debug/libksdk_platform.a(fsl_mcg_hal.c.obj)
                0x000075f0                CLOCK_HAL_GetFllRefClk
 .text.CLOCK_HAL_TestFllFreq
                0x00007684       0x6c ../../../../../../../../../lib/ksdk_platform_lib/armgcc/KL46Z4/debug/libksdk_platform.a(fsl_mcg_hal.c.obj)
                0x00007684                CLOCK_HAL_TestFllFreq
 .text.CLOCK_HAL_GetFllClk
                0x000076f0       0x80 ../../../../../../../../../lib/ksdk_platform_lib/armgcc/KL46Z4/debug/libksdk_platform.a(fsl_mcg_hal.c.obj)
                0x000076f0                CLOCK_HAL_GetFllClk
 .text.CLOCK_HAL_UpdateFastClkInternalRefDiv
                0x00007770       0xbc ../../../../../../../../../lib/ksdk_platform_lib/armgcc/KL46Z4/debug/libksdk_platform.a(fsl_mcg_hal.c.obj)
                0x00007770                CLOCK_HAL_UpdateFastClkInternalRefDiv
 .text.CLOCK_HAL_UpdateInternalRefClk
                0x0000782c       0x90 ../../../../../../../../../lib/ksdk_platform_lib/armgcc/KL46Z4/debug/libksdk_platform.a(fsl_mcg_hal.c.obj)
                0x0000782c                CLOCK_HAL_UpdateInternalRefClk
 .text.CLOCK_HAL_GetPll0RefFreq
                0x000078bc       0x1c ../../../../../../../../../lib/ksdk_platform_lib/armgcc/KL46Z4/debug/libksdk_platform.a(fsl_mcg_hal.c.obj)
                0x000078bc                CLOCK_HAL_GetPll0RefFreq
 .text.CLOCK_HAL_GetPll0Clk
                0x000078d8       0x98 ../../../../../../../../../lib/ksdk_platform_lib/armgcc/KL46Z4/debug/libksdk_platform.a(fsl_mcg_hal.c.obj)
                0x000078d8                CLOCK_HAL_GetPll0Clk
 .text.CLOCK_HAL_GetInternalRefClk
                0x00007970       0x68 ../../../../../../../../../lib/ksdk_platform_lib/armgcc/KL46Z4/debug/libksdk_platform.a(fsl_mcg_hal.c.obj)
                0x00007970                CLOCK_HAL_GetInternalRefClk
 .text.CLOCK_HAL_GetOutClk
                0x000079d8       0x7c ../../../../../../../../../lib/ksdk_platform_lib/armgcc/KL46Z4/debug/libksdk_platform.a(fsl_mcg_hal.c.obj)
                0x000079d8                CLOCK_HAL_GetOutClk
 .text.CLOCK_HAL_SetOsc0Mode
                0x00007a54       0x70 ../../../../../../../../../lib/ksdk_platform_lib/armgcc/KL46Z4/debug/libksdk_platform.a(fsl_mcg_hal.c.obj)
                0x00007a54                CLOCK_HAL_SetOsc0Mode
 .text.CLOCK_HAL_GetClkOutStat
                0x00007ac4       0x24 ../../../../../../../../../lib/ksdk_platform_lib/armgcc/KL46Z4/debug/libksdk_platform.a(fsl_mcg_hal_modes.c.obj)
 .text.CLOCK_HAL_SetPll0EnableCmd
                0x00007ae8       0x30 ../../../../../../../../../lib/ksdk_platform_lib/armgcc/KL46Z4/debug/libksdk_platform.a(fsl_mcg_hal_modes.c.obj)
 .text.CLOCK_HAL_IsPll0Locked
                0x00007b18       0x28 ../../../../../../../../../lib/ksdk_platform_lib/armgcc/KL46Z4/debug/libksdk_platform.a(fsl_mcg_hal_modes.c.obj)
 .text.CLOCK_HAL_IsPllSelected
                0x00007b40       0x28 ../../../../../../../../../lib/ksdk_platform_lib/armgcc/KL46Z4/debug/libksdk_platform.a(fsl_mcg_hal_modes.c.obj)
 .text.CLOCK_HAL_SetPbeMode
                0x00007b68      0x110 ../../../../../../../../../lib/ksdk_platform_lib/armgcc/KL46Z4/debug/libksdk_platform.a(fsl_mcg_hal_modes.c.obj)
                0x00007b68                CLOCK_HAL_SetPbeMode
 .text.OSC_HAL_SetCapacitor
                0x00007c78       0x2c ../../../../../../../../../lib/ksdk_platform_lib/armgcc/KL46Z4/debug/libksdk_platform.a(fsl_osc_hal.c.obj)
                0x00007c78                OSC_HAL_SetCapacitor
 .text.CLOCK_HAL_SetOutDiv
                0x00007ca4       0x58 ../../../../../../../../../lib/ksdk_platform_lib/armgcc/KL46Z4/debug/libksdk_platform.a(fsl_sim_hal_MKL46Z4.c.obj)
                0x00007ca4                CLOCK_HAL_SetOutDiv
 .text.UART_HAL_SetBaudRate
                0x00007cfc       0x70 ../../../../../../../../../lib/ksdk_platform_lib/armgcc/KL46Z4/debug/libksdk_platform.a(fsl_uart_hal.c.obj)
                0x00007cfc                UART_HAL_SetBaudRate
 .text.UART_HAL_SetParityMode
                0x00007d6c       0x4c ../../../../../../../../../lib/ksdk_platform_lib/armgcc/KL46Z4/debug/libksdk_platform.a(fsl_uart_hal.c.obj)
                0x00007d6c                UART_HAL_SetParityMode
 .text.UART_HAL_Putchar
                0x00007db8       0x38 ../../../../../../../../../lib/ksdk_platform_lib/armgcc/KL46Z4/debug/libksdk_platform.a(fsl_uart_hal.c.obj)
                0x00007db8                UART_HAL_Putchar
 .text.UART_HAL_Getchar
                0x00007df0       0x34 ../../../../../../../../../lib/ksdk_platform_lib/armgcc/KL46Z4/debug/libksdk_platform.a(fsl_uart_hal.c.obj)
                0x00007df0                UART_HAL_Getchar
 .text.UART_HAL_SendDataPolling
                0x00007e24       0x48 ../../../../../../../../../lib/ksdk_platform_lib/armgcc/KL46Z4/debug/libksdk_platform.a(fsl_uart_hal.c.obj)
                0x00007e24                UART_HAL_SendDataPolling
 .text.UART_HAL_ReceiveDataPolling
                0x00007e6c       0xa8 ../../../../../../../../../lib/ksdk_platform_lib/armgcc/KL46Z4/debug/libksdk_platform.a(fsl_uart_hal.c.obj)
                0x00007e6c                UART_HAL_ReceiveDataPolling
 .text.__assert_func
                0x00007f14       0x40 /home/laurie/gcc-arm/bin/../lib/gcc/arm-none-eabi/5.4.1/../../../../arm-none-eabi/lib/armv6-m/libc_nano.a(lib_a-assert.o)
                0x00007f14                __assert_func
 .text.calloc   0x00007f54       0x14 /home/laurie/gcc-arm/bin/../lib/gcc/arm-none-eabi/5.4.1/../../../../arm-none-eabi/lib/armv6-m/libc_nano.a(lib_a-calloc.o)
                0x00007f54                calloc
 .text.__errno  0x00007f68        0xc /home/laurie/gcc-arm/bin/../lib/gcc/arm-none-eabi/5.4.1/../../../../arm-none-eabi/lib/armv6-m/libc_nano.a(lib_a-errno.o)
                0x00007f68                __errno
 .text.exit     0x00007f74       0x2c /home/laurie/gcc-arm/bin/../lib/gcc/arm-none-eabi/5.4.1/../../../../arm-none-eabi/lib/armv6-m/libc_nano.a(lib_a-exit.o)
                0x00007f74                exit
 .text.fprintf  0x00007fa0       0x20 /home/laurie/gcc-arm/bin/../lib/gcc/arm-none-eabi/5.4.1/../../../../arm-none-eabi/lib/armv6-m/libc_nano.a(lib_a-fprintf.o)
                0x00007fa0                fprintf
                0x00007fa0                fiprintf
 .text.__libc_init_array
                0x00007fc0       0x4c /home/laurie/gcc-arm/bin/../lib/gcc/arm-none-eabi/5.4.1/../../../../arm-none-eabi/lib/armv6-m/libc_nano.a(lib_a-init.o)
                0x00007fc0                __libc_init_array
 .text.free     0x0000800c       0x14 /home/laurie/gcc-arm/bin/../lib/gcc/arm-none-eabi/5.4.1/../../../../arm-none-eabi/lib/armv6-m/libc_nano.a(lib_a-malloc.o)
                0x0000800c                free
 .text.memcpy   0x00008020       0x12 /home/laurie/gcc-arm/bin/../lib/gcc/arm-none-eabi/5.4.1/../../../../arm-none-eabi/lib/armv6-m/libc_nano.a(lib_a-memcpy-stub.o)
                0x00008020                memcpy
 .text.memset   0x00008032       0x10 /home/laurie/gcc-arm/bin/../lib/gcc/arm-none-eabi/5.4.1/../../../../arm-none-eabi/lib/armv6-m/libc_nano.a(lib_a-memset.o)
                0x00008032                memset
 .text._calloc_r
                0x00008042       0x1c /home/laurie/gcc-arm/bin/../lib/gcc/arm-none-eabi/5.4.1/../../../../arm-none-eabi/lib/armv6-m/libc_nano.a(lib_a-nano-callocr.o)
                0x00008042                _calloc_r
 *fill*         0x0000805e        0x2 
 .text._free_r  0x00008060       0x98 /home/laurie/gcc-arm/bin/../lib/gcc/arm-none-eabi/5.4.1/../../../../arm-none-eabi/lib/armv6-m/libc_nano.a(lib_a-nano-freer.o)
                0x00008060                _free_r
 .text._malloc_r
                0x000080f8       0xc0 /home/laurie/gcc-arm/bin/../lib/gcc/arm-none-eabi/5.4.1/../../../../arm-none-eabi/lib/armv6-m/libc_nano.a(lib_a-nano-mallocr.o)
                0x000080f8                _malloc_r
 .text.__sfputc_r
                0x000081b8       0x2a /home/laurie/gcc-arm/bin/../lib/gcc/arm-none-eabi/5.4.1/../../../../arm-none-eabi/lib/armv6-m/libc_nano.a(lib_a-nano-vfprintf.o)
 .text.__sfputs_r
                0x000081e2       0x24 /home/laurie/gcc-arm/bin/../lib/gcc/arm-none-eabi/5.4.1/../../../../arm-none-eabi/lib/armv6-m/libc_nano.a(lib_a-nano-vfprintf.o)
                0x000081e2                __sfputs_r
 *fill*         0x00008206        0x2 
 .text._vfprintf_r
                0x00008208      0x238 /home/laurie/gcc-arm/bin/../lib/gcc/arm-none-eabi/5.4.1/../../../../arm-none-eabi/lib/armv6-m/libc_nano.a(lib_a-nano-vfprintf.o)
                0x00008208                _vfiprintf_r
                0x00008208                _vfprintf_r
 .text._printf_common
                0x00008440       0xdc /home/laurie/gcc-arm/bin/../lib/gcc/arm-none-eabi/5.4.1/../../../../arm-none-eabi/lib/armv6-m/libc_nano.a(lib_a-nano-vfprintf_i.o)
                0x00008440                _printf_common
 .text._printf_i
                0x0000851c      0x244 /home/laurie/gcc-arm/bin/../lib/gcc/arm-none-eabi/5.4.1/../../../../arm-none-eabi/lib/armv6-m/libc_nano.a(lib_a-nano-vfprintf_i.o)
                0x0000851c                _printf_i
 .text._sbrk_r  0x00008760       0x24 /home/laurie/gcc-arm/bin/../lib/gcc/arm-none-eabi/5.4.1/../../../../arm-none-eabi/lib/armv6-m/libc_nano.a(lib_a-sbrkr.o)
                0x00008760                _sbrk_r
 .text.__swbuf_r
                0x00008784       0xac /home/laurie/gcc-arm/bin/../lib/gcc/arm-none-eabi/5.4.1/../../../../arm-none-eabi/lib/armv6-m/libc_nano.a(lib_a-wbuf.o)
                0x00008784                __swbuf_r
 .text.__swsetup_r
                0x00008830       0xec /home/laurie/gcc-arm/bin/../lib/gcc/arm-none-eabi/5.4.1/../../../../arm-none-eabi/lib/armv6-m/libc_nano.a(lib_a-wsetup.o)
                0x00008830                __swsetup_r
 .text.abort    0x0000891c        0xe /home/laurie/gcc-arm/bin/../lib/gcc/arm-none-eabi/5.4.1/../../../../arm-none-eabi/lib/armv6-m/libc_nano.a(lib_a-abort.o)
                0x0000891c                abort
 *fill*         0x0000892a        0x2 
 .text.__sflush_r
                0x0000892c      0x10c /home/laurie/gcc-arm/bin/../lib/gcc/arm-none-eabi/5.4.1/../../../../arm-none-eabi/lib/armv6-m/libc_nano.a(lib_a-fflush.o)
                0x0000892c                __sflush_r
 .text._fflush_r
                0x00008a38       0x58 /home/laurie/gcc-arm/bin/../lib/gcc/arm-none-eabi/5.4.1/../../../../arm-none-eabi/lib/armv6-m/libc_nano.a(lib_a-fflush.o)
                0x00008a38                _fflush_r
 .text._cleanup_r
                0x00008a90       0x10 /home/laurie/gcc-arm/bin/../lib/gcc/arm-none-eabi/5.4.1/../../../../arm-none-eabi/lib/armv6-m/libc_nano.a(lib_a-findfp.o)
                0x00008a90                _cleanup_r
 .text.std.isra.0
                0x00008aa0       0x48 /home/laurie/gcc-arm/bin/../lib/gcc/arm-none-eabi/5.4.1/../../../../arm-none-eabi/lib/armv6-m/libc_nano.a(lib_a-findfp.o)
 .text.__sfmoreglue
                0x00008ae8       0x2c /home/laurie/gcc-arm/bin/../lib/gcc/arm-none-eabi/5.4.1/../../../../arm-none-eabi/lib/armv6-m/libc_nano.a(lib_a-findfp.o)
                0x00008ae8                __sfmoreglue
 .text.__sinit  0x00008b14       0x68 /home/laurie/gcc-arm/bin/../lib/gcc/arm-none-eabi/5.4.1/../../../../arm-none-eabi/lib/armv6-m/libc_nano.a(lib_a-findfp.o)
                0x00008b14                __sinit
 .text.__sfp    0x00008b7c       0x7c /home/laurie/gcc-arm/bin/../lib/gcc/arm-none-eabi/5.4.1/../../../../arm-none-eabi/lib/armv6-m/libc_nano.a(lib_a-findfp.o)
                0x00008b7c                __sfp
 .text._fwalk_reent
                0x00008bf8       0x42 /home/laurie/gcc-arm/bin/../lib/gcc/arm-none-eabi/5.4.1/../../../../arm-none-eabi/lib/armv6-m/libc_nano.a(lib_a-fwalk.o)
                0x00008bf8                _fwalk_reent
 *fill*         0x00008c3a        0x2 
 .text.__swhatbuf_r
                0x00008c3c       0x4c /home/laurie/gcc-arm/bin/../lib/gcc/arm-none-eabi/5.4.1/../../../../arm-none-eabi/lib/armv6-m/libc_nano.a(lib_a-makebuf.o)
                0x00008c3c                __swhatbuf_r
 .text.__smakebuf_r
                0x00008c88       0x7c /home/laurie/gcc-arm/bin/../lib/gcc/arm-none-eabi/5.4.1/../../../../arm-none-eabi/lib/armv6-m/libc_nano.a(lib_a-makebuf.o)
                0x00008c88                __smakebuf_r
 .text.memchr   0x00008d04       0x16 /home/laurie/gcc-arm/bin/../lib/gcc/arm-none-eabi/5.4.1/../../../../arm-none-eabi/lib/armv6-m/libc_nano.a(lib_a-memchr-stub.o)
                0x00008d04                memchr
 .text.__malloc_lock
                0x00008d1a        0x2 /home/laurie/gcc-arm/bin/../lib/gcc/arm-none-eabi/5.4.1/../../../../arm-none-eabi/lib/armv6-m/libc_nano.a(lib_a-mlock.o)
                0x00008d1a                __malloc_lock
 .text.__malloc_unlock
                0x00008d1c        0x2 /home/laurie/gcc-arm/bin/../lib/gcc/arm-none-eabi/5.4.1/../../../../arm-none-eabi/lib/armv6-m/libc_nano.a(lib_a-mlock.o)
                0x00008d1c                __malloc_unlock
 .text._raise_r
                0x00008d1e       0x54 /home/laurie/gcc-arm/bin/../lib/gcc/arm-none-eabi/5.4.1/../../../../arm-none-eabi/lib/armv6-m/libc_nano.a(lib_a-signal.o)
                0x00008d1e                _raise_r
 *fill*         0x00008d72        0x2 
 .text.raise    0x00008d74       0x14 /home/laurie/gcc-arm/bin/../lib/gcc/arm-none-eabi/5.4.1/../../../../arm-none-eabi/lib/armv6-m/libc_nano.a(lib_a-signal.o)
                0x00008d74                raise
 .text._kill_r  0x00008d88       0x24 /home/laurie/gcc-arm/bin/../lib/gcc/arm-none-eabi/5.4.1/../../../../arm-none-eabi/lib/armv6-m/libc_nano.a(lib_a-signalr.o)
                0x00008d88                _kill_r
 .text._getpid_r
                0x00008dac        0x8 /home/laurie/gcc-arm/bin/../lib/gcc/arm-none-eabi/5.4.1/../../../../arm-none-eabi/lib/armv6-m/libc_nano.a(lib_a-signalr.o)
                0x00008dac                _getpid_r
 .text.__sread  0x00008db4       0x28 /home/laurie/gcc-arm/bin/../lib/gcc/arm-none-eabi/5.4.1/../../../../arm-none-eabi/lib/armv6-m/libc_nano.a(lib_a-stdio.o)
                0x00008db4                __sread
 .text.__swrite
                0x00008ddc       0x38 /home/laurie/gcc-arm/bin/../lib/gcc/arm-none-eabi/5.4.1/../../../../arm-none-eabi/lib/armv6-m/libc_nano.a(lib_a-stdio.o)
                0x00008ddc                __swrite
 .text.__sseek  0x00008e14       0x2c /home/laurie/gcc-arm/bin/../lib/gcc/arm-none-eabi/5.4.1/../../../../arm-none-eabi/lib/armv6-m/libc_nano.a(lib_a-stdio.o)
                0x00008e14                __sseek
 .text.__sclose
                0x00008e40        0xc /home/laurie/gcc-arm/bin/../lib/gcc/arm-none-eabi/5.4.1/../../../../arm-none-eabi/lib/armv6-m/libc_nano.a(lib_a-stdio.o)
                0x00008e40                __sclose
 .text._write_r
                0x00008e4c       0x28 /home/laurie/gcc-arm/bin/../lib/gcc/arm-none-eabi/5.4.1/../../../../arm-none-eabi/lib/armv6-m/libc_nano.a(lib_a-writer.o)
                0x00008e4c                _write_r
 .text._close_r
                0x00008e74       0x24 /home/laurie/gcc-arm/bin/../lib/gcc/arm-none-eabi/5.4.1/../../../../arm-none-eabi/lib/armv6-m/libc_nano.a(lib_a-closer.o)
                0x00008e74                _close_r
 .text._fstat_r
                0x00008e98       0x24 /home/laurie/gcc-arm/bin/../lib/gcc/arm-none-eabi/5.4.1/../../../../arm-none-eabi/lib/armv6-m/libc_nano.a(lib_a-fstatr.o)
                0x00008e98                _fstat_r
 .text._isatty_r
                0x00008ebc       0x24 /home/laurie/gcc-arm/bin/../lib/gcc/arm-none-eabi/5.4.1/../../../../arm-none-eabi/lib/armv6-m/libc_nano.a(lib_a-isattyr.o)
                0x00008ebc                _isatty_r
 .text._lseek_r
                0x00008ee0       0x28 /home/laurie/gcc-arm/bin/../lib/gcc/arm-none-eabi/5.4.1/../../../../arm-none-eabi/lib/armv6-m/libc_nano.a(lib_a-lseekr.o)
                0x00008ee0                _lseek_r
 .text._read_r  0x00008f08       0x28 /home/laurie/gcc-arm/bin/../lib/gcc/arm-none-eabi/5.4.1/../../../../arm-none-eabi/lib/armv6-m/libc_nano.a(lib_a-readr.o)
                0x00008f08                _read_r
 .text._close   0x00008f30       0x10 /home/laurie/gcc-arm/bin/../lib/gcc/arm-none-eabi/5.4.1/../../../../arm-none-eabi/lib/armv6-m/libnosys.a(close.o)
                0x00008f30                _close
 .text._fstat   0x00008f40       0x10 /home/laurie/gcc-arm/bin/../lib/gcc/arm-none-eabi/5.4.1/../../../../arm-none-eabi/lib/armv6-m/libnosys.a(fstat.o)
                0x00008f40                _fstat
 .text._getpid  0x00008f50       0x10 /home/laurie/gcc-arm/bin/../lib/gcc/arm-none-eabi/5.4.1/../../../../arm-none-eabi/lib/armv6-m/libnosys.a(getpid.o)
                0x00008f50                _getpid
 .text._isatty  0x00008f60       0x10 /home/laurie/gcc-arm/bin/../lib/gcc/arm-none-eabi/5.4.1/../../../../arm-none-eabi/lib/armv6-m/libnosys.a(isatty.o)
                0x00008f60                _isatty
 .text._kill    0x00008f70       0x10 /home/laurie/gcc-arm/bin/../lib/gcc/arm-none-eabi/5.4.1/../../../../arm-none-eabi/lib/armv6-m/libnosys.a(kill.o)
                0x00008f70                _kill
 .text._lseek   0x00008f80       0x10 /home/laurie/gcc-arm/bin/../lib/gcc/arm-none-eabi/5.4.1/../../../../arm-none-eabi/lib/armv6-m/libnosys.a(lseek.o)
                0x00008f80                _lseek
 .text._exit    0x00008f90        0x4 /home/laurie/gcc-arm/bin/../lib/gcc/arm-none-eabi/5.4.1/../../../../arm-none-eabi/lib/armv6-m/libnosys.a(_exit.o)
                0x00008f90                _exit
 *(.rodata)
 .rodata        0x00008f94       0x23 CMakeFiles/dev_hid_mouse_bm.dir/home/laurie/RTES/KSDK_1.3.0/examples/frdmkl46z/demo_apps/usb/device/hid/hid_mouse/mouse.c.obj
 *fill*         0x00008fb7        0x1 
 .rodata        0x00008fb8       0xa4 CMakeFiles/dev_hid_mouse_bm.dir/home/laurie/RTES/KSDK_1.3.0/examples/frdmkl46z/pin_mux.c.obj
 .rodata        0x0000905c       0xa4 CMakeFiles/dev_hid_mouse_bm.dir/home/laurie/RTES/KSDK_1.3.0/examples/frdmkl46z/board.c.obj
 .rodata        0x00009100        0xc CMakeFiles/dev_hid_mouse_bm.dir/home/laurie/RTES/KSDK_1.3.0/platform/utilities/src/fsl_debug_console.c.obj
 .rodata        0x0000910c       0x60 ../../../../../../../../../usb/usb_core/device/lib/bm/armgcc/MKL46Z4/debug/libusbd_bm.a(usb_hid.c.obj)
 .rodata        0x0000916c      0x4b5 ../../../../../../../../../usb/usb_core/device/lib/bm/armgcc/MKL46Z4/debug/libusbd_bm.a(usb_dev.c.obj)
 *fill*         0x00009621        0x3 
 .rodata        0x00009624       0x54 ../../../../../../../../../usb/usb_core/device/lib/bm/armgcc/MKL46Z4/debug/libusbd_bm.a(usb_framework.c.obj)
 .rodata        0x00009678       0x7a ../../../../../../../../../lib/ksdk_platform_lib/armgcc/KL46Z4/debug/libksdk_platform.a(fsl_os_abstraction_bm.c.obj)
 *fill*         0x000096f2        0x2 
 .rodata        0x000096f4       0xce ../../../../../../../../../lib/ksdk_platform_lib/armgcc/KL46Z4/debug/libksdk_platform.a(fsl_clock_manager.c.obj)
 *fill*         0x000097c2        0x2 
 .rodata        0x000097c4      0x230 ../../../../../../../../../lib/ksdk_platform_lib/armgcc/KL46Z4/debug/libksdk_platform.a(fsl_clock_MKL46Z4.c.obj)
 .rodata        0x000099f4       0xab ../../../../../../../../../lib/ksdk_platform_lib/armgcc/KL46Z4/debug/libksdk_platform.a(fsl_interrupt_manager.c.obj)
 *(.rodata*)
 *fill*         0x00009a9f        0x1 
 .rodata.USB_App_Class_Callback
                0x00009aa0       0x30 CMakeFiles/dev_hid_mouse_bm.dir/home/laurie/RTES/KSDK_1.3.0/examples/frdmkl46z/demo_apps/usb/device/hid/hid_mouse/mouse.c.obj
 .rodata.__func__.5119
                0x00009ad0       0x14 CMakeFiles/dev_hid_mouse_bm.dir/home/laurie/RTES/KSDK_1.3.0/examples/frdmkl46z/pin_mux.c.obj
 .rodata.g_defaultClockConfigRun
                0x00009ae4       0x14 CMakeFiles/dev_hid_mouse_bm.dir/home/laurie/RTES/KSDK_1.3.0/examples/frdmkl46z/board.c.obj
                0x00009ae4                g_defaultClockConfigRun
 .rodata.__func__.5143
                0x00009af8       0x14 CMakeFiles/dev_hid_mouse_bm.dir/home/laurie/RTES/KSDK_1.3.0/examples/frdmkl46z/board.c.obj
 .rodata._doprint
                0x00009b0c       0xc8 CMakeFiles/dev_hid_mouse_bm.dir/home/laurie/RTES/KSDK_1.3.0/platform/utilities/src/print_scan.c.obj
 .rodata._usb_khci_dev_function_table
                0x00009bd4       0x50 ../../../../../../../../../usb/usb_core/device/lib/bm/armgcc/MKL46Z4/debug/libusbd_bm.a(device_khci_interface.c.obj)
                0x00009bd4                _usb_khci_dev_function_table
 .rodata.usb_dci_khci_set_status
                0x00009c24       0x1c ../../../../../../../../../usb/usb_core/device/lib/bm/armgcc/MKL46Z4/debug/libusbd_bm.a(khci_dev.c.obj)
 .rodata.usb_dci_khci_get_status
                0x00009c40       0x24 ../../../../../../../../../usb/usb_core/device/lib/bm/armgcc/MKL46Z4/debug/libusbd_bm.a(khci_dev.c.obj)
 .rodata.__func__.6649
                0x00009c64       0x10 ../../../../../../../../../lib/ksdk_platform_lib/armgcc/KL46Z4/debug/libksdk_platform.a(fsl_os_abstraction_bm.c.obj)
 .rodata.__func__.6655
                0x00009c74        0xe ../../../../../../../../../lib/ksdk_platform_lib/armgcc/KL46Z4/debug/libksdk_platform.a(fsl_os_abstraction_bm.c.obj)
 *fill*         0x00009c82        0x2 
 .rodata.__func__.6659
                0x00009c84       0x10 ../../../../../../../../../lib/ksdk_platform_lib/armgcc/KL46Z4/debug/libksdk_platform.a(fsl_os_abstraction_bm.c.obj)
 .rodata.__func__.6663
                0x00009c94       0x11 ../../../../../../../../../lib/ksdk_platform_lib/armgcc/KL46Z4/debug/libksdk_platform.a(fsl_os_abstraction_bm.c.obj)
 *fill*         0x00009ca5        0x3 
 .rodata.__func__.6789
                0x00009ca8       0x12 ../../../../../../../../../lib/ksdk_platform_lib/armgcc/KL46Z4/debug/libksdk_platform.a(fsl_clock_manager.c.obj)
 *fill*         0x00009cba        0x2 
 .rodata.g_oscBase
                0x00009cbc        0x4 ../../../../../../../../../lib/ksdk_platform_lib/armgcc/KL46Z4/debug/libksdk_platform.a(fsl_clock_manager_common.c.obj)
                0x00009cbc                g_oscBase
 .rodata.portGateTable
                0x00009cc0        0x5 ../../../../../../../../../lib/ksdk_platform_lib/armgcc/KL46Z4/debug/libksdk_platform.a(fsl_clock_MKL46Z4.c.obj)
 *fill*         0x00009cc5        0x3 
 .rodata.uartGateTable
                0x00009cc8        0x3 ../../../../../../../../../lib/ksdk_platform_lib/armgcc/KL46Z4/debug/libksdk_platform.a(fsl_clock_MKL46Z4.c.obj)
 *fill*         0x00009ccb        0x1 
 .rodata.__func__.6488
                0x00009ccc       0x1a ../../../../../../../../../lib/ksdk_platform_lib/armgcc/KL46Z4/debug/libksdk_platform.a(fsl_clock_MKL46Z4.c.obj)
 *fill*         0x00009ce6        0x2 
 .rodata.__func__.6561
                0x00009ce8       0x1b ../../../../../../../../../lib/ksdk_platform_lib/armgcc/KL46Z4/debug/libksdk_platform.a(fsl_clock_MKL46Z4.c.obj)
 *fill*         0x00009d03        0x1 
 .rodata.__func__.6566
                0x00009d04       0x1a ../../../../../../../../../lib/ksdk_platform_lib/armgcc/KL46Z4/debug/libksdk_platform.a(fsl_clock_MKL46Z4.c.obj)
 *fill*         0x00009d1e        0x2 
 .rodata.__func__.5087
                0x00009d20       0x17 ../../../../../../../../../lib/ksdk_platform_lib/armgcc/KL46Z4/debug/libksdk_platform.a(fsl_interrupt_manager.c.obj)
 *fill*         0x00009d37        0x1 
 .rodata.fllFactorTable.5344
                0x00009d38       0x10 ../../../../../../../../../lib/ksdk_platform_lib/armgcc/KL46Z4/debug/libksdk_platform.a(fsl_mcg_hal.c.obj)
 .rodata.str1.1
                0x00009d48       0x3c /home/laurie/gcc-arm/bin/../lib/gcc/arm-none-eabi/5.4.1/../../../../arm-none-eabi/lib/armv6-m/libc_nano.a(lib_a-assert.o)
                                 0x3d (size before relaxing)
 .rodata._global_impure_ptr
                0x00009d84        0x4 /home/laurie/gcc-arm/bin/../lib/gcc/arm-none-eabi/5.4.1/../../../../arm-none-eabi/lib/armv6-m/libc_nano.a(lib_a-impure.o)
                0x00009d84                _global_impure_ptr
 .rodata.str1.1
                0x00009d88       0x11 /home/laurie/gcc-arm/bin/../lib/gcc/arm-none-eabi/5.4.1/../../../../arm-none-eabi/lib/armv6-m/libc_nano.a(lib_a-nano-vfprintf.o)
 .rodata.str1.1
                0x00009d99       0x22 /home/laurie/gcc-arm/bin/../lib/gcc/arm-none-eabi/5.4.1/../../../../arm-none-eabi/lib/armv6-m/libc_nano.a(lib_a-nano-vfprintf_i.o)
 *fill*         0x00009dbb        0x1 
 .rodata.__sf_fake_stdin
                0x00009dbc       0x20 /home/laurie/gcc-arm/bin/../lib/gcc/arm-none-eabi/5.4.1/../../../../arm-none-eabi/lib/armv6-m/libc_nano.a(lib_a-findfp.o)
                0x00009dbc                __sf_fake_stdin
 .rodata.__sf_fake_stdout
                0x00009ddc       0x20 /home/laurie/gcc-arm/bin/../lib/gcc/arm-none-eabi/5.4.1/../../../../arm-none-eabi/lib/armv6-m/libc_nano.a(lib_a-findfp.o)
                0x00009ddc                __sf_fake_stdout
 .rodata.__sf_fake_stderr
                0x00009dfc       0x20 /home/laurie/gcc-arm/bin/../lib/gcc/arm-none-eabi/5.4.1/../../../../arm-none-eabi/lib/armv6-m/libc_nano.a(lib_a-findfp.o)
                0x00009dfc                __sf_fake_stderr
 *(.glue_7)
 .glue_7        0x00009e1c        0x0 linker stubs
 *(.glue_7t)
 .glue_7t       0x00009e1c        0x0 linker stubs
 *(.eh_frame)
 .eh_frame      0x00009e1c        0x0 /home/laurie/gcc-arm/bin/../lib/gcc/arm-none-eabi/5.4.1/armv6-m/crtbegin.o
 *(.init)
 .init          0x00009e1c        0x4 /home/laurie/gcc-arm/bin/../lib/gcc/arm-none-eabi/5.4.1/armv6-m/crti.o
                0x00009e1c                _init
 .init          0x00009e20        0x8 /home/laurie/gcc-arm/bin/../lib/gcc/arm-none-eabi/5.4.1/armv6-m/crtn.o
 *(.fini)
 .fini          0x00009e28        0x4 /home/laurie/gcc-arm/bin/../lib/gcc/arm-none-eabi/5.4.1/armv6-m/crti.o
                0x00009e28                _fini
 .fini          0x00009e2c        0x8 /home/laurie/gcc-arm/bin/../lib/gcc/arm-none-eabi/5.4.1/armv6-m/crtn.o
                0x00009e34                . = ALIGN (0x4)

.vfp11_veneer   0x00009e34        0x0
 .vfp11_veneer  0x00009e34        0x0 linker stubs

.v4_bx          0x00009e34        0x0
 .v4_bx         0x00009e34        0x0 linker stubs

.iplt           0x00009e34        0x0
 .iplt          0x00009e34        0x0 /home/laurie/gcc-arm/bin/../lib/gcc/arm-none-eabi/5.4.1/armv6-m/crtbegin.o

.ARM.extab
 *(.ARM.extab* .gnu.linkonce.armextab.*)

.ARM            0x00009e34        0x8
                0x00009e34                __exidx_start = .
 *(.ARM.exidx*)
 .ARM.exidx     0x00009e34        0x8 /home/laurie/gcc-arm/bin/../lib/gcc/arm-none-eabi/5.4.1/../../../../arm-none-eabi/lib/armv6-m/crt0.o
                0x00009e3c                __exidx_end = .

.rel.dyn        0x00009e3c        0x0
 .rel.iplt      0x00009e3c        0x0 /home/laurie/gcc-arm/bin/../lib/gcc/arm-none-eabi/5.4.1/armv6-m/crtbegin.o

.ctors          0x00009e3c        0x0
                0x00009e3c                __CTOR_LIST__ = .
 *crtbegin.o(.ctors)
 *crtbegin?.o(.ctors)
 *(EXCLUDE_FILE(*crtend.o *crtend?.o) .ctors)
 *(SORT(.ctors.*))
 *(.ctors)
                0x00009e3c                __CTOR_END__ = .

.dtors          0x00009e3c        0x0
                0x00009e3c                __DTOR_LIST__ = .
 *crtbegin.o(.dtors)
 *crtbegin?.o(.dtors)
 *(EXCLUDE_FILE(*crtend.o *crtend?.o) .dtors)
 *(SORT(.dtors.*))
 *(.dtors)
                0x00009e3c                __DTOR_END__ = .

.preinit_array  0x00009e3c        0x0
                0x00009e3c                PROVIDE (__preinit_array_start, .)
 *(.preinit_array*)
                0x00009e3c                PROVIDE (__preinit_array_end, .)

.init_array     0x00009e3c        0x4
                0x00009e3c                PROVIDE (__init_array_start, .)
 *(SORT(.init_array.*))
 *(.init_array*)
 .init_array    0x00009e3c        0x4 /home/laurie/gcc-arm/bin/../lib/gcc/arm-none-eabi/5.4.1/armv6-m/crtbegin.o
                0x00009e40                PROVIDE (__init_array_end, .)

.fini_array     0x00009e40        0x4
                [!provide]                PROVIDE (__fini_array_start, .)
 *(SORT(.fini_array.*))
 *(.fini_array*)
 .fini_array    0x00009e40        0x4 /home/laurie/gcc-arm/bin/../lib/gcc/arm-none-eabi/5.4.1/armv6-m/crtbegin.o
                [!provide]                PROVIDE (__fini_array_end, .)
                0x00009e44                __etext = .
                0x00009e44                __DATA_ROM = .

.mtb            0x1fffe000        0x0
                0x1fffe000                . = ALIGN (0x8)
                0x1fffe000                _mtb_start = .
 *(.mtb_buf)
                0x1fffe000                . = ALIGN (0x8)
                0x1fffe000                _mtb_end = .

.interrupts_ram
                0x1fffe000      0x100
                0x1fffe000                . = ALIGN (0x4)
                0x1fffe000                __VECTOR_RAM__ = .
                0x1fffe000                __interrupts_ram_start__ = .
 *(.m_interrupts_ram)
                0x1fffe100                . = (. + M_VECTOR_RAM_SIZE)
 *fill*         0x1fffe000      0x100 
                0x1fffe100                . = ALIGN (0x4)
                0x1fffe100                __interrupts_ram_end__ = .
                0x00000000                __VECTOR_RAM = DEFINED (__ram_vector_table__)?__VECTOR_RAM__:ORIGIN (m_interrupts)
                0x00000000                __RAM_VECTOR_TABLE_SIZE_BYTES = DEFINED (__ram_vector_table__)?(__interrupts_ram_end__ - __interrupts_ram_start__):0x0

.data           0x1fffe100      0x250 load address 0x00009e44
                0x1fffe100                . = ALIGN (0x4)
                0x1fffe100                __DATA_RAM = .
                0x1fffe100                __data_start__ = .
 *(.data)
 *(.data*)
 .data.g_ep     0x1fffe100        0x8 CMakeFiles/dev_hid_mouse_bm.dir/home/laurie/RTES/KSDK_1.3.0/examples/frdmkl46z/demo_apps/usb/device/hid/hid_mouse/usb_descriptor.c.obj
                0x1fffe100                g_ep
 .data.g_usb_desc_ep
                0x1fffe108        0x8 CMakeFiles/dev_hid_mouse_bm.dir/home/laurie/RTES/KSDK_1.3.0/examples/frdmkl46z/demo_apps/usb/device/hid/hid_mouse/usb_descriptor.c.obj
                0x1fffe108                g_usb_desc_ep
 .data.g_usb_dec_class
                0x1fffe110        0xc CMakeFiles/dev_hid_mouse_bm.dir/home/laurie/RTES/KSDK_1.3.0/examples/frdmkl46z/demo_apps/usb/device/hid/hid_mouse/usb_descriptor.c.obj
                0x1fffe110                g_usb_dec_class
 .data.g_device_descriptor
                0x1fffe11c       0x12 CMakeFiles/dev_hid_mouse_bm.dir/home/laurie/RTES/KSDK_1.3.0/examples/frdmkl46z/demo_apps/usb/device/hid/hid_mouse/usb_descriptor.c.obj
                0x1fffe11c                g_device_descriptor
 *fill*         0x1fffe12e        0x2 
 .data.g_config_descriptor
                0x1fffe130       0x22 CMakeFiles/dev_hid_mouse_bm.dir/home/laurie/RTES/KSDK_1.3.0/examples/frdmkl46z/demo_apps/usb/device/hid/hid_mouse/usb_descriptor.c.obj
                0x1fffe130                g_config_descriptor
 *fill*         0x1fffe152        0x2 
 .data.g_report_descriptor
                0x1fffe154       0x34 CMakeFiles/dev_hid_mouse_bm.dir/home/laurie/RTES/KSDK_1.3.0/examples/frdmkl46z/demo_apps/usb/device/hid/hid_mouse/usb_descriptor.c.obj
                0x1fffe154                g_report_descriptor
 .data.g_usb_str_0
                0x1fffe188        0x4 CMakeFiles/dev_hid_mouse_bm.dir/home/laurie/RTES/KSDK_1.3.0/examples/frdmkl46z/demo_apps/usb/device/hid/hid_mouse/usb_descriptor.c.obj
                0x1fffe188                g_usb_str_0
 .data.g_usb_str_1
                0x1fffe18c       0x3a CMakeFiles/dev_hid_mouse_bm.dir/home/laurie/RTES/KSDK_1.3.0/examples/frdmkl46z/demo_apps/usb/device/hid/hid_mouse/usb_descriptor.c.obj
                0x1fffe18c                g_usb_str_1
 *fill*         0x1fffe1c6        0x2 
 .data.g_usb_str_2
                0x1fffe1c8       0x24 CMakeFiles/dev_hid_mouse_bm.dir/home/laurie/RTES/KSDK_1.3.0/examples/frdmkl46z/demo_apps/usb/device/hid/hid_mouse/usb_descriptor.c.obj
                0x1fffe1c8                g_usb_str_2
 .data.g_usb_str_n
                0x1fffe1ec       0x22 CMakeFiles/dev_hid_mouse_bm.dir/home/laurie/RTES/KSDK_1.3.0/examples/frdmkl46z/demo_apps/usb/device/hid/hid_mouse/usb_descriptor.c.obj
                0x1fffe1ec                g_usb_str_n
 *fill*         0x1fffe20e        0x2 
 .data.g_std_desc_size
                0x1fffe210        0x9 CMakeFiles/dev_hid_mouse_bm.dir/home/laurie/RTES/KSDK_1.3.0/examples/frdmkl46z/demo_apps/usb/device/hid/hid_mouse/usb_descriptor.c.obj
                0x1fffe210                g_std_desc_size
 *fill*         0x1fffe219        0x3 
 .data.g_std_descriptors
                0x1fffe21c       0x24 CMakeFiles/dev_hid_mouse_bm.dir/home/laurie/RTES/KSDK_1.3.0/examples/frdmkl46z/demo_apps/usb/device/hid/hid_mouse/usb_descriptor.c.obj
                0x1fffe21c                g_std_descriptors
 .data.g_string_desc_size
                0x1fffe240        0x4 CMakeFiles/dev_hid_mouse_bm.dir/home/laurie/RTES/KSDK_1.3.0/examples/frdmkl46z/demo_apps/usb/device/hid/hid_mouse/usb_descriptor.c.obj
                0x1fffe240                g_string_desc_size
 .data.g_string_descriptors
                0x1fffe244       0x10 CMakeFiles/dev_hid_mouse_bm.dir/home/laurie/RTES/KSDK_1.3.0/examples/frdmkl46z/demo_apps/usb/device/hid/hid_mouse/usb_descriptor.c.obj
                0x1fffe244                g_string_descriptors
 .data.g_usb_lang
                0x1fffe254        0xc CMakeFiles/dev_hid_mouse_bm.dir/home/laurie/RTES/KSDK_1.3.0/examples/frdmkl46z/demo_apps/usb/device/hid/hid_mouse/usb_descriptor.c.obj
                0x1fffe254                g_usb_lang
 .data.g_languages
                0x1fffe260        0xc CMakeFiles/dev_hid_mouse_bm.dir/home/laurie/RTES/KSDK_1.3.0/examples/frdmkl46z/demo_apps/usb/device/hid/hid_mouse/usb_descriptor.c.obj
                0x1fffe260                g_languages
 .data.g_desc_callback
                0x1fffe26c       0x14 CMakeFiles/dev_hid_mouse_bm.dir/home/laurie/RTES/KSDK_1.3.0/examples/frdmkl46z/demo_apps/usb/device/hid/hid_mouse/usb_descriptor.c.obj
                0x1fffe26c                g_desc_callback
 .data.SystemCoreClock
                0x1fffe280        0x4 CMakeFiles/dev_hid_mouse_bm.dir/home/laurie/RTES/KSDK_1.3.0/platform/devices/MKL46Z4/startup/system_MKL46Z4.c.obj
                0x1fffe280                SystemCoreClock
 .data.g_validate_request
                0x1fffe284       0x27 ../../../../../../../../../usb/usb_core/device/lib/bm/armgcc/MKL46Z4/debug/libusbd_bm.a(usb_framework.c.obj)
 *fill*         0x1fffe2ab        0x1 
 .data.g_standard_request
                0x1fffe2ac       0x34 ../../../../../../../../../usb/usb_core/device/lib/bm/armgcc/MKL46Z4/debug/libusbd_bm.a(usb_framework.c.obj)
 .data.g_fastInternalRefClkFreq