Archive member included to satisfy reference by file (symbol)

../../../../../../../../../usb/usb_core/device/lib/bm/armgcc/MKL46Z4/debug/libusbd_bm.a(usb_class.c.obj)
                              CMakeFiles/dev_hid_my_mouse_bm.dir/home/laurie/RTES/KSDK_1.3.0/examples/frdmkl46z/demo_apps/usb/device/hid/hid_my_mouse/mouse.c.obj (USB_Class_Periodic_Task)
../../../../../../../../../usb/usb_core/device/lib/bm/armgcc/MKL46Z4/debug/libusbd_bm.a(usb_hid.c.obj)
                              CMakeFiles/dev_hid_my_mouse_bm.dir/home/laurie/RTES/KSDK_1.3.0/examples/frdmkl46z/demo_apps/usb/device/hid/hid_my_mouse/mouse.c.obj (USB_Class_HID_Init)
../../../../../../../../../usb/usb_core/device/lib/bm/armgcc/MKL46Z4/debug/libusbd_bm.a(usb_dev.c.obj)
                              ../../../../../../../../../usb/usb_core/device/lib/bm/armgcc/MKL46Z4/debug/libusbd_bm.a(usb_class.c.obj) (usb_device_get_status)
../../../../../../../../../usb/usb_core/device/lib/bm/armgcc/MKL46Z4/debug/libusbd_bm.a(usb_framework.c.obj)
                              ../../../../../../../../../usb/usb_core/device/lib/bm/armgcc/MKL46Z4/debug/libusbd_bm.a(usb_dev.c.obj) (USB_Control_Service)
../../../../../../../../../usb/usb_core/device/lib/bm/armgcc/MKL46Z4/debug/libusbd_bm.a(device_khci_interface.c.obj)
                              ../../../../../../../../../usb/usb_core/device/lib/bm/armgcc/MKL46Z4/debug/libusbd_bm.a(usb_dev.c.obj) (_usb_khci_dev_function_table)
../../../../../../../../../usb/usb_core/device/lib/bm/armgcc/MKL46Z4/debug/libusbd_bm.a(khci_dev.c.obj)
                              ../../../../../../../../../usb/usb_core/device/lib/bm/armgcc/MKL46Z4/debug/libusbd_bm.a(device_khci_interface.c.obj) (usb_dci_khci_get_xd)
../../../../../../../../../usb/usb_core/device/lib/bm/armgcc/MKL46Z4/debug/libusbd_bm.a(usb_dev_bsp.c.obj)
                              ../../../../../../../../../usb/usb_core/device/lib/bm/armgcc/MKL46Z4/debug/libusbd_bm.a(usb_dev.c.obj) (usb_dev_soc_init)
../../../../../../../../../usb/usb_core/device/lib/bm/armgcc/MKL46Z4/debug/libusbd_bm.a(adapter_sdk.c.obj)
                              ../../../../../../../../../usb/usb_core/device/lib/bm/armgcc/MKL46Z4/debug/libusbd_bm.a(khci_dev.c.obj) (soc_get_usb_vector_number)
../../../../../../../../../lib/ksdk_platform_lib/armgcc/KL46Z4/debug/libksdk_platform.a(fsl_os_abstraction_bm.c.obj)
                              ../../../../../../../../../usb/usb_core/device/lib/bm/armgcc/MKL46Z4/debug/libusbd_bm.a(adapter_sdk.c.obj) (OSA_SemaCreate)
../../../../../../../../../lib/ksdk_platform_lib/armgcc/KL46Z4/debug/libksdk_platform.a(fsl_clock_manager.c.obj)
                              CMakeFiles/dev_hid_my_mouse_bm.dir/home/laurie/RTES/KSDK_1.3.0/examples/frdmkl46z/board.c.obj (CLOCK_SYS_BootToPee)
../../../../../../../../../lib/ksdk_platform_lib/armgcc/KL46Z4/debug/libksdk_platform.a(fsl_clock_manager_common.c.obj)
                              ../../../../../../../../../lib/ksdk_platform_lib/armgcc/KL46Z4/debug/libksdk_platform.a(fsl_clock_manager.c.obj) (g_oscBase)
../../../../../../../../../lib/ksdk_platform_lib/armgcc/KL46Z4/debug/libksdk_platform.a(fsl_clock_MKL46Z4.c.obj)
                              CMakeFiles/dev_hid_my_mouse_bm.dir/home/laurie/RTES/KSDK_1.3.0/examples/frdmkl46z/board.c.obj (CLOCK_SYS_SetSimConfigration)
../../../../../../../../../lib/ksdk_platform_lib/armgcc/KL46Z4/debug/libksdk_platform.a(fsl_interrupt_manager.c.obj)
                              ../../../../../../../../../lib/ksdk_platform_lib/armgcc/KL46Z4/debug/libksdk_platform.a(fsl_os_abstraction_bm.c.obj) (INT_SYS_InstallHandler)
../../../../../../../../../lib/ksdk_platform_lib/armgcc/KL46Z4/debug/libksdk_platform.a(fsl_lpsci_hal.c.obj)
                              CMakeFiles/dev_hid_my_mouse_bm.dir/home/laurie/RTES/KSDK_1.3.0/platform/utilities/src/fsl_debug_console.c.obj (LPSCI_HAL_SetBaudRate)
../../../../../../../../../lib/ksdk_platform_lib/armgcc/KL46Z4/debug/libksdk_platform.a(fsl_lptmr_hal.c.obj)
                              ../../../../../../../../../lib/ksdk_platform_lib/armgcc/KL46Z4/debug/libksdk_platform.a(fsl_os_abstraction_bm.c.obj) (LPTMR_HAL_SetTimerWorkingMode)
../../../../../../../../../lib/ksdk_platform_lib/armgcc/KL46Z4/debug/libksdk_platform.a(fsl_mcg_hal.c.obj)
                              ../../../../../../../../../lib/ksdk_platform_lib/armgcc/KL46Z4/debug/libksdk_platform.a(fsl_clock_manager.c.obj) (g_xtal0ClkFreq)
../../../../../../../../../lib/ksdk_platform_lib/armgcc/KL46Z4/debug/libksdk_platform.a(fsl_mcg_hal_modes.c.obj)
                              ../../../../../../../../../lib/ksdk_platform_lib/armgcc/KL46Z4/debug/libksdk_platform.a(fsl_clock_manager.c.obj) (CLOCK_HAL_GetMcgMode)
../../../../../../../../../lib/ksdk_platform_lib/armgcc/KL46Z4/debug/libksdk_platform.a(fsl_osc_hal.c.obj)
                              ../../../../../../../../../lib/ksdk_platform_lib/armgcc/KL46Z4/debug/libksdk_platform.a(fsl_clock_manager.c.obj) (OSC_HAL_SetCapacitor)
[...]
Memory Configuration

Name             Origin             Length             Attributes
m_interrupts     0x00000000         0x00000100         xr
m_flash_config   0x00000400         0x00000010         xr
m_text           0x00000410         0x0003fbf0         xr
m_data           0x1fffe000         0x00008000         rw
*default*        0x00000000         0xffffffff

Linker script and memory map

LOAD /home/laurie/gcc-arm/bin/../lib/gcc/arm-none-eabi/5.4.1/armv6-m/crti.o
LOAD /home/laurie/gcc-arm/bin/../lib/gcc/arm-none-eabi/5.4.1/armv6-m/crtbegin.o
LOAD /home/laurie/gcc-arm/bin/../lib/gcc/arm-none-eabi/5.4.1/../../../../arm-none-eabi/lib/armv6-m/crt0.o
                0x00000001                __ram_vector_table__ = 0x1
LOAD /home/laurie/gcc-arm/bin/../lib/gcc/arm-none-eabi/5.4.1/../../../../arm-none-eabi/lib/armv6-m/libm.a
                0x00000400                __stack_size__ = 0x400
                0x00000400                __heap_size__ = 0x400
LOAD CMakeFiles/dev_hid_my_mouse_bm.dir/home/laurie/RTES/KSDK_1.3.0/platform/utilities/src/fsl_misc_utilities.c.obj
LOAD CMakeFiles/dev_hid_my_mouse_bm.dir/home/laurie/RTES/KSDK_1.3.0/platform/devices/MKL46Z4/startup/gcc/startup_MKL46Z4.S.obj
LOAD CMakeFiles/dev_hid_my_mouse_bm.dir/home/laurie/RTES/KSDK_1.3.0/examples/frdmkl46z/demo_apps/usb/device/hid/hid_my_mouse/mouse.c.obj
LOAD CMakeFiles/dev_hid_my_mouse_bm.dir/home/laurie/RTES/KSDK_1.3.0/examples/frdmkl46z/demo_apps/usb/device/hid/hid_my_mouse/usb_descriptor.c.obj
LOAD CMakeFiles/dev_hid_my_mouse_bm.dir/home/laurie/RTES/KSDK_1.3.0/examples/frdmkl46z/demo_apps/usb/device/hid/hid_my_mouse/hardware_init.c.obj
LOAD CMakeFiles/dev_hid_my_mouse_bm.dir/home/laurie/RTES/KSDK_1.3.0/examples/frdmkl46z/gpio_pins.c.obj
LOAD CMakeFiles/dev_hid_my_mouse_bm.dir/home/laurie/RTES/KSDK_1.3.0/examples/frdmkl46z/pin_mux.c.obj
LOAD CMakeFiles/dev_hid_my_mouse_bm.dir/home/laurie/RTES/KSDK_1.3.0/examples/frdmkl46z/board.c.obj
LOAD CMakeFiles/dev_hid_my_mouse_bm.dir/home/laurie/RTES/KSDK_1.3.0/platform/utilities/src/fsl_debug_console.c.obj
LOAD CMakeFiles/dev_hid_my_mouse_bm.dir/home/laurie/RTES/KSDK_1.3.0/platform/utilities/src/print_scan.c.obj
LOAD CMakeFiles/dev_hid_my_mouse_bm.dir/home/laurie/RTES/KSDK_1.3.0/platform/devices/MKL46Z4/startup/system_MKL46Z4.c.obj
LOAD CMakeFiles/dev_hid_my_mouse_bm.dir/home/laurie/RTES/KSDK_1.3.0/platform/devices/startup.c.obj
START GROUP
LOAD ../../../../../../../../../usb/usb_core/device/lib/bm/armgcc/MKL46Z4/debug/libusbd_bm.a
LOAD ../../../../../../../../../lib/ksdk_platform_lib/armgcc/KL46Z4/debug/libksdk_platform.a
LOAD /home/laurie/gcc-arm/bin/../lib/gcc/arm-none-eabi/5.4.1/../../../../arm-none-eabi/lib/armv6-m/libm.a
LOAD /home/laurie/gcc-arm/bin/../lib/gcc/arm-none-eabi/5.4.1/../../../../arm-none-eabi/lib/armv6-m/libc_nano.a
LOAD /home/laurie/gcc-arm/bin/../lib/gcc/arm-none-eabi/5.4.1/armv6-m/libgcc.a
LOAD /home/laurie/gcc-arm/bin/../lib/gcc/arm-none-eabi/5.4.1/../../../../arm-none-eabi/lib/armv6-m/libnosys.a
END GROUP
START GROUP
LOAD /home/laurie/gcc-arm/bin/../lib/gcc/arm-none-eabi/5.4.1/armv6-m/libgcc.a
LOAD /home/laurie/gcc-arm/bin/../lib/gcc/arm-none-eabi/5.4.1/../../../../arm-none-eabi/lib/armv6-m/libg_nano.a
LOAD /home/laurie/gcc-arm/bin/../lib/gcc/arm-none-eabi/5.4.1/../../../../arm-none-eabi/lib/armv6-m/libc_nano.a
END GROUP
START GROUP
LOAD /home/laurie/gcc-arm/bin/../lib/gcc/arm-none-eabi/5.4.1/armv6-m/libgcc.a
LOAD /home/laurie/gcc-arm/bin/../lib/gcc/arm-none-eabi/5.4.1/../../../../arm-none-eabi/lib/armv6-m/libc_nano.a
END GROUP
LOAD /home/laurie/gcc-arm/bin/../lib/gcc/arm-none-eabi/5.4.1/armv6-m/crtend.o
LOAD /home/laurie/gcc-arm/bin/../lib/gcc/arm-none-eabi/5.4.1/armv6-m/crtn.o
                0x00000400                HEAP_SIZE = DEFINED (__heap_size__)?__heap_size__:0x400
                0x00000400                STACK_SIZE = DEFINED (__stack_size__)?__stack_size__:0x400
                0x00000000                M_VECTOR_RAM_SIZE = DEFINED (__ram_vector_table__)?0x100:0x0

.interrupts     0x00000000       0xc0
                0x00000000                __VECTOR_TABLE = .
                0x00000000                . = ALIGN (0x4)
 *(.isr_vector)
 .isr_vector    0x00000000       0xc0 CMakeFiles/dev_hid_my_mouse_bm.dir/home/laurie/RTES/KSDK_1.3.0/platform/devices/MKL46Z4/startup/gcc/startup_MKL46Z4.S.obj
                0x00000000                __isr_vector
                0x000000c0                . = ALIGN (0x4)

.flash_config   0x00000400       0x10
                0x00000400                . = ALIGN (0x4)
 *(.FlashConfig)
 .FlashConfig   0x00000400       0x10 CMakeFiles/dev_hid_my_mouse_bm.dir/home/laurie/RTES/KSDK_1.3.0/platform/devices/MKL46Z4/startup/gcc/startup_MKL46Z4.S.obj
                0x00000410                . = ALIGN (0x4)

.text           0x00000410     0x99dc
                0x00000410                . = ALIGN (0x4)
 *(.text)
 .text          0x00000410       0x60 /home/laurie/gcc-arm/bin/../lib/gcc/arm-none-eabi/5.4.1/armv6-m/crtbegin.o
 .text          0x00000470       0x78 /home/laurie/gcc-arm/bin/../lib/gcc/arm-none-eabi/5.4.1/../../../../arm-none-eabi/lib/armv6-m/crt0.o
                0x00000470                _mainCRTStartup
                0x00000470                _start
 .text          0x000004e8       0x18 CMakeFiles/dev_hid_my_mouse_bm.dir/home/laurie/RTES/KSDK_1.3.0/platform/devices/MKL46Z4/startup/gcc/startup_MKL46Z4.S.obj
                0x000004e8                Reset_Handler
                0x000004f8                I2C0_IRQHandler
                0x000004f8                HardFault_Handler
                0x000004f8                SysTick_Handler
                0x000004f8                PendSV_Handler
                0x000004f8                NMI_Handler
                0x000004f8                PORTC_PORTD_IRQHandler
                0x000004f8                I2C1_IRQHandler
                0x000004f8                UART1_IRQHandler
                0x000004f8                DMA2_IRQHandler
                0x000004f8                TPM0_IRQHandler
                0x000004f8                I2S0_IRQHandler
                0x000004f8                LLWU_IRQHandler
                0x000004f8                TSI0_IRQHandler
                0x000004f8                UART0_IRQHandler
                0x000004f8                ADC0_IRQHandler
                0x000004f8                SPI1_IRQHandler
                0x000004f8                DefaultISR
                0x000004f8                TPM2_IRQHandler
                0x000004f8                RTC_IRQHandler
                0x000004f8                LCD_IRQHandler
                0x000004f8                RTC_Seconds_IRQHandler
                0x000004f8                MCG_IRQHandler
                0x000004f8                UART2_IRQHandler
                0x000004f8                Reserved20_IRQHandler
                0x000004f8                USB0_IRQHandler
                0x000004f8                PIT_IRQHandler
                0x000004f8                SVC_Handler
                0x000004f8                DMA3_IRQHandler
                0x000004f8                DMA0_IRQHandler
                0x000004f8                DAC0_IRQHandler
                0x000004f8                TPM1_IRQHandler
                0x000004f8                LVD_LVW_IRQHandler
                0x000004f8                SPI0_IRQHandler
                0x000004f8                PORTA_IRQHandler
                0x000004f8                FTFA_IRQHandler
                0x000004f8                LPTMR0_IRQHandler
                0x000004f8                CMP0_IRQHandler
                0x000004f8                DMA1_IRQHandler
 .text          0x00000500        0xe /home/laurie/gcc-arm/bin/../lib/gcc/arm-none-eabi/5.4.1/../../../../arm-none-eabi/lib/armv6-m/libc_nano.a(lib_a-strlen.o)
                0x00000500                strlen
 *fill*         0x0000050e        0x2 
 .text          0x00000510      0x114 /home/laurie/gcc-arm/bin/../lib/gcc/arm-none-eabi/5.4.1/armv6-m/libgcc.a(_udivsi3.o)
                0x00000510                __udivsi3
                0x00000510                __aeabi_uidiv
                0x0000061c                __aeabi_uidivmod
 .text          0x00000624      0x1d4 /home/laurie/gcc-arm/bin/../lib/gcc/arm-none-eabi/5.4.1/armv6-m/libgcc.a(_divsi3.o)
                0x00000624                __aeabi_idiv
                0x00000624                __divsi3
                0x000007f0                __aeabi_idivmod
 .text          0x000007f8        0x4 /home/laurie/gcc-arm/bin/../lib/gcc/arm-none-eabi/5.4.1/armv6-m/libgcc.a(_dvmd_tls.o)
                0x000007f8                __aeabi_ldiv0
                0x000007f8                __aeabi_idiv0
 *(.text*)
 .text._sbrk    0x000007fc       0x5c CMakeFiles/dev_hid_my_mouse_bm.dir/home/laurie/RTES/KSDK_1.3.0/platform/utilities/src/fsl_misc_utilities.c.obj
                0x000007fc                _sbrk
 .text.led_init
                0x00000858       0x80 CMakeFiles/dev_hid_my_mouse_bm.dir/home/laurie/RTES/KSDK_1.3.0/examples/frdmkl46z/demo_apps/usb/device/hid/hid_my_mouse/mouse.c.obj
                0x00000858                led_init
 .text.move_mouse
                0x000008d8      0x154 CMakeFiles/dev_hid_my_mouse_bm.dir/home/laurie/RTES/KSDK_1.3.0/examples/frdmkl46z/demo_apps/usb/device/hid/hid_my_mouse/mouse.c.obj
 .text.USB_App_Device_Callback
                0x00000a2c       0x74 CMakeFiles/dev_hid_my_mouse_bm.dir/home/laurie/RTES/KSDK_1.3.0/examples/frdmkl46z/demo_apps/usb/device/hid/hid_my_mouse/mouse.c.obj
                0x00000a2c                USB_App_Device_Callback
 .text.USB_App_Class_Callback
                0x00000aa0      0x15c CMakeFiles/dev_hid_my_mouse_bm.dir/home/laurie/RTES/KSDK_1.3.0/examples/frdmkl46z/demo_apps/usb/device/hid/hid_my_mouse/mouse.c.obj
                0x00000aa0                USB_App_Class_Callback
 .text.APP_init
                0x00000bfc       0x84 CMakeFiles/dev_hid_my_mouse_bm.dir/home/laurie/RTES/KSDK_1.3.0/examples/frdmkl46z/demo_apps/usb/device/hid/hid_my_mouse/mouse.c.obj
                0x00000bfc                APP_init
 .text.main     0x00000c80       0x24 CMakeFiles/dev_hid_my_mouse_bm.dir/home/laurie/RTES/KSDK_1.3.0/examples/frdmkl46z/demo_apps/usb/device/hid/hid_my_mouse/mouse.c.obj
                0x00000c80                main
 .text.USB_Desc_Get_Descriptor
                0x00000ca4      0x18c CMakeFiles/dev_hid_my_mouse_bm.dir/home/laurie/RTES/KSDK_1.3.0/examples/frdmkl46z/demo_apps/usb/device/hid/hid_my_mouse/usb_descriptor.c.obj
                0x00000ca4                USB_Desc_Get_Descriptor
 .text.USB_Desc_Get_Interface
                0x00000e30       0x3c CMakeFiles/dev_hid_my_mouse_bm.dir/home/laurie/RTES/KSDK_1.3.0/examples/frdmkl46z/demo_apps/usb/device/hid/hid_my_mouse/usb_descriptor.c.obj
                0x00000e30                USB_Desc_Get_Interface
 .text.USB_Desc_Set_Interface
                0x00000e6c       0x40 CMakeFiles/dev_hid_my_mouse_bm.dir/home/laurie/RTES/KSDK_1.3.0/examples/frdmkl46z/demo_apps/usb/device/hid/hid_my_mouse/usb_descriptor.c.obj
                0x00000e6c                USB_Desc_Set_Interface
 .text.USB_Set_Configuration
                0x00000eac       0x18 CMakeFiles/dev_hid_my_mouse_bm.dir/home/laurie/RTES/KSDK_1.3.0/examples/frdmkl46z/demo_apps/usb/device/hid/hid_my_mouse/usb_descriptor.c.obj
                0x00000eac                USB_Set_Configuration
 .text.USB_Desc_Get_Entity
                0x00000ec4       0x4c CMakeFiles/dev_hid_my_mouse_bm.dir/home/laurie/RTES/KSDK_1.3.0/examples/frdmkl46z/demo_apps/usb/device/hid/hid_my_mouse/usb_descriptor.c.obj
                0x00000ec4                USB_Desc_Get_Entity
 .text.USB_Desc_Set_Speed
                0x00000f10       0xe8 CMakeFiles/dev_hid_my_mouse_bm.dir/home/laurie/RTES/KSDK_1.3.0/examples/frdmkl46z/demo_apps/usb/device/hid/hid_my_mouse/usb_descriptor.c.obj
                0x00000f10                USB_Desc_Set_Speed
 .text.hardware_init
                0x00000ff8       0x3c CMakeFiles/dev_hid_my_mouse_bm.dir/home/laurie/RTES/KSDK_1.3.0/examples/frdmkl46z/demo_apps/usb/device/hid/hid_my_mouse/hardware_init.c.obj
                0x00000ff8                hardware_init
 .text.PORT_HAL_SetMuxMode
                0x00001034       0x50 CMakeFiles/dev_hid_my_mouse_bm.dir/home/laurie/RTES/KSDK_1.3.0/examples/frdmkl46z/pin_mux.c.obj
 .text.configure_lpsci_pins
                0x00001084       0x38 CMakeFiles/dev_hid_my_mouse_bm.dir/home/laurie/RTES/KSDK_1.3.0/examples/frdmkl46z/pin_mux.c.obj
                0x00001084                configure_lpsci_pins
 .text.PORT_HAL_SetMuxMode
                0x000010bc       0x50 CMakeFiles/dev_hid_my_mouse_bm.dir/home/laurie/RTES/KSDK_1.3.0/examples/frdmkl46z/board.c.obj
 .text.CLOCK_HAL_SetLpsciSrc
                0x0000110c       0x34 CMakeFiles/dev_hid_my_mouse_bm.dir/home/laurie/RTES/KSDK_1.3.0/examples/frdmkl46z/board.c.obj
 .text.CLOCK_SYS_SetLpsciSrc
                0x00001140       0x28 CMakeFiles/dev_hid_my_mouse_bm.dir/home/laurie/RTES/KSDK_1.3.0/examples/frdmkl46z/board.c.obj
 .text.SMC_HAL_SetProtection
                0x00001168       0x20 CMakeFiles/dev_hid_my_mouse_bm.dir/home/laurie/RTES/KSDK_1.3.0/examples/frdmkl46z/board.c.obj
 .text.BOARD_InitOsc0
                0x00001188       0x3c CMakeFiles/dev_hid_my_mouse_bm.dir/home/laurie/RTES/KSDK_1.3.0/examples/frdmkl46z/board.c.obj
                0x00001188                BOARD_InitOsc0
 .text.CLOCK_SetBootConfig
                0x000011c4       0x3c CMakeFiles/dev_hid_my_mouse_bm.dir/home/laurie/RTES/KSDK_1.3.0/examples/frdmkl46z/board.c.obj
 .text.BOARD_ClockInit
                0x00001200       0x44 CMakeFiles/dev_hid_my_mouse_bm.dir/home/laurie/RTES/KSDK_1.3.0/examples/frdmkl46z/board.c.obj
                0x00001200                BOARD_ClockInit
 .text.dbg_uart_init
                0x00001244       0x28 CMakeFiles/dev_hid_my_mouse_bm.dir/home/laurie/RTES/KSDK_1.3.0/examples/frdmkl46z/board.c.obj
                0x00001244                dbg_uart_init
 .text.usb_device_board_init
                0x0000126c       0x34 CMakeFiles/dev_hid_my_mouse_bm.dir/home/laurie/RTES/KSDK_1.3.0/examples/frdmkl46z/board.c.obj
                0x0000126c                usb_device_board_init
 .text.UART_HAL_EnableTransmitter
                0x000012a0       0x20 CMakeFiles/dev_hid_my_mouse_bm.dir/home/laurie/RTES/KSDK_1.3.0/platform/utilities/src/fsl_debug_console.c.obj
 .text.UART_HAL_EnableReceiver
                0x000012c0       0x20 CMakeFiles/dev_hid_my_mouse_bm.dir/home/laurie/RTES/KSDK_1.3.0/platform/utilities/src/fsl_debug_console.c.obj
 .text.UART_HAL_SetBitCountPerChar
                0x000012e0       0x30 CMakeFiles/dev_hid_my_mouse_bm.dir/home/laurie/RTES/KSDK_1.3.0/platform/utilities/src/fsl_debug_console.c.obj
 .text.UART_HAL_SetStopBitCount
                0x00001310       0x2c CMakeFiles/dev_hid_my_mouse_bm.dir/home/laurie/RTES/KSDK_1.3.0/platform/utilities/src/fsl_debug_console.c.obj
 .text.LPSCI_HAL_EnableTransmitter
                0x0000133c       0x20 CMakeFiles/dev_hid_my_mouse_bm.dir/home/laurie/RTES/KSDK_1.3.0/platform/utilities/src/fsl_debug_console.c.obj
 .text.LPSCI_HAL_EnableReceiver
                0x0000135c       0x20 CMakeFiles/dev_hid_my_mouse_bm.dir/home/laurie/RTES/KSDK_1.3.0/platform/utilities/src/fsl_debug_console.c.obj
 .text.LPSCI_HAL_SetBitCountPerChar
                0x0000137c       0x30 CMakeFiles/dev_hid_my_mouse_bm.dir/home/laurie/RTES/KSDK_1.3.0/platform/utilities/src/fsl_debug_console.c.obj
 .text.LPSCI_HAL_SetStopBitCount
                0x000013ac       0x2c CMakeFiles/dev_hid_my_mouse_bm.dir/home/laurie/RTES/KSDK_1.3.0/platform/utilities/src/fsl_debug_console.c.obj
 .text.DbgConsole_Init
                0x000013d8      0x158 CMakeFiles/dev_hid_my_mouse_bm.dir/home/laurie/RTES/KSDK_1.3.0/platform/utilities/src/fsl_debug_console.c.obj
                0x000013d8                DbgConsole_Init
 .text._write   0x00001530       0x58 CMakeFiles/dev_hid_my_mouse_bm.dir/home/laurie/RTES/KSDK_1.3.0/platform/utilities/src/fsl_debug_console.c.obj
                0x00001530                _write
 .text._read    0x00001588       0x44 CMakeFiles/dev_hid_my_mouse_bm.dir/home/laurie/RTES/KSDK_1.3.0/platform/utilities/src/fsl_debug_console.c.obj
                0x00001588                _read
 .text.debug_printf
                0x000015cc       0x4c CMakeFiles/dev_hid_my_mouse_bm.dir/home/laurie/RTES/KSDK_1.3.0/platform/utilities/src/fsl_debug_console.c.obj
                0x000015cc                debug_printf
 .text.debug_putc
                0x00001618       0x44 CMakeFiles/dev_hid_my_mouse_bm.dir/home/laurie/RTES/KSDK_1.3.0/platform/utilities/src/fsl_debug_console.c.obj
 .text._doprint
                0x0000165c      0x6c8 CMakeFiles/dev_hid_my_mouse_bm.dir/home/laurie/RTES/KSDK_1.3.0/platform/utilities/src/print_scan.c.obj
                0x0000165c                _doprint
 .text.mknumstr
                0x00001d24      0x10c CMakeFiles/dev_hid_my_mouse_bm.dir/home/laurie/RTES/KSDK_1.3.0/platform/utilities/src/print_scan.c.obj
 .text.fput_pad
                0x00001e30       0x44 CMakeFiles/dev_hid_my_mouse_bm.dir/home/laurie/RTES/KSDK_1.3.0/platform/utilities/src/print_scan.c.obj
 .text.SystemInit
                0x00001e74      0x1b0 CMakeFiles/dev_hid_my_mouse_bm.dir/home/laurie/RTES/KSDK_1.3.0/platform/devices/MKL46Z4/startup/system_MKL46Z4.c.obj
                0x00001e74                SystemInit
 .text.init_data_bss
                0x00002024       0xc8 CMakeFiles/dev_hid_my_mouse_bm.dir/home/laurie/RTES/KSDK_1.3.0/platform/devices/startup.c.obj
                0x00002024                init_data_bss
 .text.USB_Class_Allocate_Handle
                0x000020ec       0x48 ../../../../../../../../../usb/usb_core/device/lib/bm/armgcc/MKL46Z4/debug/libusbd_bm.a(usb_class.c.obj)
 .text.USB_Class_Init
                0x00002134       0x6c ../../../../../../../../../usb/usb_core/device/lib/bm/armgcc/MKL46Z4/debug/libusbd_bm.a(usb_class.c.obj)
                0x00002134                USB_Class_Init
 .text.USB_Class_Send_Data
                0x000021a0       0x48 ../../../../../../../../../usb/usb_core/device/lib/bm/armgcc/MKL46Z4/debug/libusbd_bm.a(usb_class.c.obj)
                0x000021a0                USB_Class_Send_Data
 .text.USB_Class_Get_Status
                0x000021e8       0x44 ../../../../../../../../../usb/usb_core/device/lib/bm/armgcc/MKL46Z4/debug/libusbd_bm.a(usb_class.c.obj)
                0x000021e8                USB_Class_Get_Status
 .text.USB_Class_Get_Class_Handle
                0x0000222c       0x58 ../../../../../../../../../usb/usb_core/device/lib/bm/armgcc/MKL46Z4/debug/libusbd_bm.a(usb_class.c.obj)
                0x0000222c                USB_Class_Get_Class_Handle
 .text.USB_Class_Get_Ctrler_Handle
                0x00002284       0x24 ../../../../../../../../../usb/usb_core/device/lib/bm/armgcc/MKL46Z4/debug/libusbd_bm.a(usb_class.c.obj)
                0x00002284                USB_Class_Get_Ctrler_Handle
 .text.USB_Hid_Allocate_Handle
                0x000022a8       0x50 ../../../../../../../../../usb/usb_core/device/lib/bm/armgcc/MKL46Z4/debug/libusbd_bm.a(usb_hid.c.obj)
 .text.USB_Hid_Free_Handle
                0x000022f8       0x4c ../../../../../../../../../usb/usb_core/device/lib/bm/armgcc/MKL46Z4/debug/libusbd_bm.a(usb_hid.c.obj)
 .text.USB_Hid_Get_Device_Ptr
                0x00002344       0x14 ../../../../../../../../../usb/usb_core/device/lib/bm/armgcc/MKL46Z4/debug/libusbd_bm.a(usb_hid.c.obj)
 .text.USB_Service_Hid_IN
                0x00002358       0x40 ../../../../../../../../../usb/usb_core/device/lib/bm/armgcc/MKL46Z4/debug/libusbd_bm.a(usb_hid.c.obj)
                0x00002358                USB_Service_Hid_IN
 .text.USB_Service_Hid_OUT
                0x00002398       0x40 ../../../../../../../../../usb/usb_core/device/lib/bm/armgcc/MKL46Z4/debug/libusbd_bm.a(usb_hid.c.obj)
                0x00002398                USB_Service_Hid_OUT
 .text.USB_Class_Hid_Event
                0x000023d8      0x3ec ../../../../../../../../../usb/usb_core/device/lib/bm/armgcc/MKL46Z4/debug/libusbd_bm.a(usb_hid.c.obj)
                0x000023d8                USB_Class_Hid_Event
 .text.USB_HID_Requests
                0x000027c4       0x94 ../../../../../../../../../usb/usb_core/device/lib/bm/armgcc/MKL46Z4/debug/libusbd_bm.a(usb_hid.c.obj)
                0x000027c4                USB_HID_Requests
 .text.USB_Class_HID_Init
                0x00002858      0x174 ../../../../../../../../../usb/usb_core/device/lib/bm/armgcc/MKL46Z4/debug/libusbd_bm.a(usb_hid.c.obj)
                0x00002858                USB_Class_HID_Init
 .text.USB_Class_HID_Send_Data
                0x000029cc       0x5c ../../../../../../../../../usb/usb_core/device/lib/bm/armgcc/MKL46Z4/debug/libusbd_bm.a(usb_hid.c.obj)
                0x000029cc                USB_Class_HID_Send_Data
 .text.USB_Class_HID_Get_Speed
                0x00002a28       0x38 ../../../../../../../../../usb/usb_core/device/lib/bm/armgcc/MKL46Z4/debug/libusbd_bm.a(usb_hid.c.obj)
                0x00002a28                USB_Class_HID_Get_Speed
 .text._usb_device_get_handle
                0x00002a60       0x94 ../../../../../../../../../usb/usb_core/device/lib/bm/armgcc/MKL46Z4/debug/libusbd_bm.a(usb_dev.c.obj)
 .text._usb_device_release_handle
                0x00002af4       0x18 ../../../../../../../../../usb/usb_core/device/lib/bm/armgcc/MKL46Z4/debug/libusbd_bm.a(usb_dev.c.obj)
 .text._usb_device_get_DCI
                0x00002b0c       0x30 ../../../../../../../../../usb/usb_core/device/lib/bm/armgcc/MKL46Z4/debug/libusbd_bm.a(usb_dev.c.obj)
 .text._usb_device_call_service_internal
                0x00002b3c       0x8c ../../../../../../../../../usb/usb_core/device/lib/bm/armgcc/MKL46Z4/debug/libusbd_bm.a(usb_dev.c.obj)
                0x00002b3c                _usb_device_call_service_internal
 .text._usb_device_call_service
                0x00002bc8       0x68 ../../../../../../../../../usb/usb_core/device/lib/bm/armgcc/MKL46Z4/debug/libusbd_bm.a(usb_dev.c.obj)
                0x00002bc8                _usb_device_call_service
 .text.usb_device_set_address
                0x00002c30       0x4c ../../../../../../../../../usb/usb_core/device/lib/bm/armgcc/MKL46Z4/debug/libusbd_bm.a(usb_dev.c.obj)
                0x00002c30                usb_device_set_address
 .text.usb_device_get_status
                0x00002c7c       0xc0 ../../../../../../../../../usb/usb_core/device/lib/bm/armgcc/MKL46Z4/debug/libusbd_bm.a(usb_dev.c.obj)
                0x00002c7c                usb_device_get_status
 .text.usb_device_set_status
                0x00002d3c       0x88 ../../../../../../../../../usb/usb_core/device/lib/bm/armgcc/MKL46Z4/debug/libusbd_bm.a(usb_dev.c.obj)
                0x00002d3c                usb_device_set_status
 .text.usb_device_init
                0x00002dc4      0x1d8 ../../../../../../../../../usb/usb_core/device/lib/bm/armgcc/MKL46Z4/debug/libusbd_bm.a(usb_dev.c.obj)
                0x00002dc4                usb_device_init
 .text.usb_device_postinit
                0x00002f9c       0x40 ../../../../../../../../../usb/usb_core/device/lib/bm/armgcc/MKL46Z4/debug/libusbd_bm.a(usb_dev.c.obj)
                0x00002f9c                usb_device_postinit
 .text.usb_device_init_endpoint
                0x00002fdc       0xac ../../../../../../../../../usb/usb_core/device/lib/bm/armgcc/MKL46Z4/debug/libusbd_bm.a(usb_dev.c.obj)
                0x00002fdc                usb_device_init_endpoint
 .text.usb_device_register_service
                0x00003088       0xdc ../../../../../../../../../usb/usb_core/device/lib/bm/armgcc/MKL46Z4/debug/libusbd_bm.a(usb_dev.c.obj)
                0x00003088                usb_device_register_service
 .text.usb_device_recv_data
                0x00003164       0xfc ../../../../../../../../../usb/usb_core/device/lib/bm/armgcc/MKL46Z4/debug/libusbd_bm.a(usb_dev.c.obj)
                0x00003164                usb_device_recv_data
 .text.usb_device_send_data
                0x00003260      0x110 ../../../../../../../../../usb/usb_core/device/lib/bm/armgcc/MKL46Z4/debug/libusbd_bm.a(usb_dev.c.obj)
                0x00003260                usb_device_send_data
 .text.usb_device_unstall_endpoint
                0x00003370       0x8c ../../../../../../../../../usb/usb_core/device/lib/bm/armgcc/MKL46Z4/debug/libusbd_bm.a(usb_dev.c.obj)
                0x00003370                usb_device_unstall_endpoint
 .text.usb_device_stall_endpoint
                0x000033fc       0x78 ../../../../../../../../../usb/usb_core/device/lib/bm/armgcc/MKL46Z4/debug/libusbd_bm.a(usb_dev.c.obj)
                0x000033fc                usb_device_stall_endpoint
 .text.usb_device_register_application_notify
                0x00003474       0x40 ../../../../../../../../../usb/usb_core/device/lib/bm/armgcc/MKL46Z4/debug/libusbd_bm.a(usb_dev.c.obj)
                0x00003474                usb_device_register_application_notify
 .text.usb_device_register_vendor_class_request_notify
                0x000034b4       0x40 ../../../../../../../../../usb/usb_core/device/lib/bm/armgcc/MKL46Z4/debug/libusbd_bm.a(usb_dev.c.obj)
                0x000034b4                usb_device_register_vendor_class_request_notify
 .text.usb_device_register_desc_request_notify
                0x000034f4       0x40 ../../../../../../../../../usb/usb_core/device/lib/bm/armgcc/MKL46Z4/debug/libusbd_bm.a(usb_dev.c.obj)
                0x000034f4                usb_device_register_desc_request_notify
 .text.usb_device_reset
                0x00003534       0x44 ../../../../../../../../../usb/usb_core/device/lib/bm/armgcc/MKL46Z4/debug/libusbd_bm.a(usb_dev.c.obj)
                0x00003534                usb_device_reset
 .text.USB_Control_Service
                0x00003578      0x22c ../../../../../../../../../usb/usb_core/device/lib/bm/armgcc/MKL46Z4/debug/libusbd_bm.a(usb_framework.c.obj)
                0x00003578                USB_Control_Service
 .text.USB_Reset_Service
                0x000037a4       0x88 ../../../../../../../../../usb/usb_core/device/lib/bm/armgcc/MKL46Z4/debug/libusbd_bm.a(usb_framework.c.obj)
                0x000037a4                USB_Reset_Service
 .text.USB_Control_Service_Handler
                0x0000382c       0x90 ../../../../../../../../../usb/usb_core/device/lib/bm/armgcc/MKL46Z4/debug/libusbd_bm.a(usb_framework.c.obj)
                0x0000382c                USB_Control_Service_Handler
 .text.USB_Strd_Req_Get_Status
                0x000038bc       0xcc ../../../../../../../../../usb/usb_core/device/lib/bm/armgcc/MKL46Z4/debug/libusbd_bm.a(usb_framework.c.obj)
 .text.USB_Strd_Req_Feature
                0x00003988      0x188 ../../../../../../../../../usb/usb_core/device/lib/bm/armgcc/MKL46Z4/debug/libusbd_bm.a(usb_framework.c.obj)
 .text.USB_Strd_Req_Set_Address
                0x00003b10       0x34 ../../../../../../../../../usb/usb_core/device/lib/bm/armgcc/MKL46Z4/debug/libusbd_bm.a(usb_framework.c.obj)
 .text.USB_Strd_Req_Assign_Address
                0x00003b44       0x24 ../../../../../../../../../usb/usb_core/device/lib/bm/armgcc/MKL46Z4/debug/libusbd_bm.a(usb_framework.c.obj)
 .text.USB_Strd_Req_Get_Config
                0x00003b68       0x30 ../../../../../../../../../usb/usb_core/device/lib/bm/armgcc/MKL46Z4/debug/libusbd_bm.a(usb_framework.c.obj)
 .text.USB_Strd_Req_Set_Config
                0x00003b98       0xd0 ../../../../../../../../../usb/usb_core/device/lib/bm/armgcc/MKL46Z4/debug/libusbd_bm.a(usb_framework.c.obj)
 .text.USB_Strd_Req_Get_Interface
                0x00003c68       0x6c ../../../../../../../../../usb/usb_core/device/lib/bm/armgcc/MKL46Z4/debug/libusbd_bm.a(usb_framework.c.obj)
 .text.USB_Strd_Req_Set_Interface
                0x00003cd4       0xb4 ../../../../../../../../../usb/usb_core/device/lib/bm/armgcc/MKL46Z4/debug/libusbd_bm.a(usb_framework.c.obj)
 .text.USB_Strd_Req_Sync_Frame
                0x00003d88       0x48 ../../../../../../../../../usb/usb_core/device/lib/bm/armgcc/MKL46Z4/debug/libusbd_bm.a(usb_framework.c.obj)
 .text.USB_Strd_Req_Get_Descriptor
                0x00003dd0       0x9c ../../../../../../../../../usb/usb_core/device/lib/bm/armgcc/MKL46Z4/debug/libusbd_bm.a(usb_framework.c.obj)
 .text.NVIC_EnableIRQ
                0x00003e6c       0x2c ../../../../../../../../../usb/usb_core/device/lib/bm/armgcc/MKL46Z4/debug/libusbd_bm.a(khci_dev.c.obj)
 .text.NVIC_SetPriority
                0x00003e98       0xdc ../../../../../../../../../usb/usb_core/device/lib/bm/armgcc/MKL46Z4/debug/libusbd_bm.a(khci_dev.c.obj)
 .text.usb_hal_khci_set_buffer_descriptor_table_addr
                0x00003f74       0x3c ../../../../../../../../../usb/usb_core/device/lib/bm/armgcc/MKL46Z4/debug/libusbd_bm.a(khci_dev.c.obj)
 .text.usb_hal_khci_enable_interrupts
                0x00003fb0       0x28 ../../../../../../../../../usb/usb_core/device/lib/bm/armgcc/MKL46Z4/debug/libusbd_bm.a(khci_dev.c.obj)
 .text.usb_hal_khci_disable_interrupts
                0x00003fd8       0x30 ../../../../../../../../../usb/usb_core/device/lib/bm/armgcc/MKL46Z4/debug/libusbd_bm.a(khci_dev.c.obj)
 .text.usb_hal_khci_clr_interrupt
                0x00004008       0x20 ../../../../../../../../../usb/usb_core/device/lib/bm/armgcc/MKL46Z4/debug/libusbd_bm.a(khci_dev.c.obj)
 .text.usb_hal_khci_clr_all_interrupts
                0x00004028       0x1c ../../../../../../../../../usb/usb_core/device/lib/bm/armgcc/MKL46Z4/debug/libusbd_bm.a(khci_dev.c.obj)
 .text.usb_hal_khci_is_interrupt_issued
                0x00004044       0x3c ../../../../../../../../../usb/usb_core/device/lib/bm/armgcc/MKL46Z4/debug/libusbd_bm.a(khci_dev.c.obj)
 .text.usb_hal_khci_enable_all_error_interrupts
                0x00004080       0x1c ../../../../../../../../../usb/usb_core/device/lib/bm/armgcc/MKL46Z4/debug/libusbd_bm.a(khci_dev.c.obj)
 .text.usb_hal_khci_clr_all_error_interrupts
                0x0000409c       0x1c ../../../../../../../../../usb/usb_core/device/lib/bm/armgcc/MKL46Z4/debug/libusbd_bm.a(khci_dev.c.obj)
 .text.usb_hal_khci_clr_token_busy
                0x000040b8       0x24 ../../../../../../../../../usb/usb_core/device/lib/bm/armgcc/MKL46Z4/debug/libusbd_bm.a(khci_dev.c.obj)
 .text.usb_hal_khci_set_oddrst
                0x000040dc       0x24 ../../../../../../../../../usb/usb_core/device/lib/bm/armgcc/MKL46Z4/debug/libusbd_bm.a(khci_dev.c.obj)
 .text.usb_hal_khci_clr_oddrst
                0x00004100       0x24 ../../../../../../../../../usb/usb_core/device/lib/bm/armgcc/MKL46Z4/debug/libusbd_bm.a(khci_dev.c.obj)
 .text.usb_hal_khci_enable_sof
                0x00004124       0x24 ../../../../../../../../../usb/usb_core/device/lib/bm/armgcc/MKL46Z4/debug/libusbd_bm.a(khci_dev.c.obj)
 .text.usb_hal_khci_clear_control_register
                0x00004148       0x24 ../../../../../../../../../usb/usb_core/device/lib/bm/armgcc/MKL46Z4/debug/libusbd_bm.a(khci_dev.c.obj)
 .text.usb_hal_khci_get_transfer_status
                0x0000416c       0x1c ../../../../../../../../../usb/usb_core/device/lib/bm/armgcc/MKL46Z4/debug/libusbd_bm.a(khci_dev.c.obj)
 .text.usb_hal_khci_get_transfer_done_ep_number
                0x00004188       0x28 ../../../../../../../../../usb/usb_core/device/lib/bm/armgcc/MKL46Z4/debug/libusbd_bm.a(khci_dev.c.obj)
 .text.usb_hal_khci_get_transfer_done_direction
                0x000041b0       0x28 ../../../../../../../../../usb/usb_core/device/lib/bm/armgcc/MKL46Z4/debug/libusbd_bm.a(khci_dev.c.obj)
 .text.usb_hal_khci_get_transfer_done_odd
                0x000041d8       0x28 ../../../../../../../../../usb/usb_core/device/lib/bm/armgcc/MKL46Z4/debug/libusbd_bm.a(khci_dev.c.obj)
 .text.usb_hal_khci_get_frame_number
                0x00004200       0x3c ../../../../../../../../../usb/usb_core/device/lib/bm/armgcc/MKL46Z4/debug/libusbd_bm.a(khci_dev.c.obj)
 .text.usb_hal_khci_set_device_addr
                0x0000423c       0x38 ../../../../../../../../../usb/usb_core/device/lib/bm/armgcc/MKL46Z4/debug/libusbd_bm.a(khci_dev.c.obj)
 .text.usb_hal_khci_endpoint_shut_down
                0x00004274       0x24 ../../../../../../../../../usb/usb_core/device/lib/bm/armgcc/MKL46Z4/debug/libusbd_bm.a(khci_dev.c.obj)
 .text.usb_hal_khci_endpoint_enable_handshake
                0x00004298       0x3c ../../../../../../../../../usb/usb_core/device/lib/bm/armgcc/MKL46Z4/debug/libusbd_bm.a(khci_dev.c.obj)
 .text.usb_hal_khci_endpoint_set_direction
                0x000042d4       0x40 ../../../../../../../../../usb/usb_core/device/lib/bm/armgcc/MKL46Z4/debug/libusbd_bm.a(khci_dev.c.obj)
 .text.usb_hal_khci_endpoint_clr_stall
                0x00004314       0x2c ../../../../../../../../../usb/usb_core/device/lib/bm/armgcc/MKL46Z4/debug/libusbd_bm.a(khci_dev.c.obj)
 .text.usb_hal_khci_enable_pull_down
                0x00004340       0x28 ../../../../../../../../../usb/usb_core/device/lib/bm/armgcc/MKL46Z4/debug/libusbd_bm.a(khci_dev.c.obj)
 .text.usb_hal_khci_enable_dp_pull_up
                0x00004368       0x48 ../../../../../../../../../usb/usb_core/device/lib/bm/armgcc/MKL46Z4/debug/libusbd_bm.a(khci_dev.c.obj)
 .text.usb_hal_khci_disable_dp_pull_up
                0x000043b0       0x48 ../../../../../../../../../usb/usb_core/device/lib/bm/armgcc/MKL46Z4/debug/libusbd_bm.a(khci_dev.c.obj)
 .text.usb_hal_khci_set_suspend
                0x000043f8       0x28 ../../../../../../../../../usb/usb_core/device/lib/bm/armgcc/MKL46Z4/debug/libusbd_bm.a(khci_dev.c.obj)
 .text.usb_hal_khci_clr_suspend
                0x00004420       0x28 ../../../../../../../../../usb/usb_core/device/lib/bm/armgcc/MKL46Z4/debug/libusbd_bm.a(khci_dev.c.obj)
 .text.usb_hal_khci_set_weak_pulldown
                0x00004448       0x1c ../../../../../../../../../usb/usb_core/device/lib/bm/armgcc/MKL46Z4/debug/libusbd_bm.a(khci_dev.c.obj)
 .text.usb_hal_khci_reset_control_register
                0x00004464       0x1c ../../../../../../../../../usb/usb_core/device/lib/bm/armgcc/MKL46Z4/debug/libusbd_bm.a(khci_dev.c.obj)
 .text.usb_hal_khci_set_internal_pullup
                0x00004480       0x20 ../../../../../../../../../usb/usb_core/device/lib/bm/armgcc/MKL46Z4/debug/libusbd_bm.a(khci_dev.c.obj)
 .text.usb_hal_khci_set_trc0
                0x000044a0       0x28 ../../../../../../../../../usb/usb_core/device/lib/bm/armgcc/MKL46Z4/debug/libusbd_bm.a(khci_dev.c.obj)
 .text.usb_dci_khci_free_xd
                0x000044c8       0x50 ../../../../../../../../../usb/usb_core/device/lib/bm/armgcc/MKL46Z4/debug/libusbd_bm.a(khci_dev.c.obj)
                0x000044c8                usb_dci_khci_free_xd
 .text.usb_dci_khci_get_xd
                0x00004518       0x68 ../../../../../../../../../usb/usb_core/device/lib/bm/armgcc/MKL46Z4/debug/libusbd_bm.a(khci_dev.c.obj)
                0x00004518                usb_dci_khci_get_xd
 .text.usb_dci_khci_init_xd
                0x00004580       0x6c ../../../../../../../../../usb/usb_core/device/lib/bm/armgcc/MKL46Z4/debug/libusbd_bm.a(khci_dev.c.obj)
                0x00004580                usb_dci_khci_init_xd
 .text._usb_khci_next_setup_token_prep
                0x000045ec       0xc4 ../../../../../../../../../usb/usb_core/device/lib/bm/armgcc/MKL46Z4/debug/libusbd_bm.a(khci_dev.c.obj)
 .text._usb_khci_ep_read
                0x000046b0       0xe8 ../../../../../../../../../usb/usb_core/device/lib/bm/armgcc/MKL46Z4/debug/libusbd_bm.a(khci_dev.c.obj)
 .text._usb_khci_ep_write
                0x00004798      0x11c ../../../../../../../../../usb/usb_core/device/lib/bm/armgcc/MKL46Z4/debug/libusbd_bm.a(khci_dev.c.obj)
 .text._usb_khci_reset_ep_state
                0x000048b4      0x150 ../../../../../../../../../usb/usb_core/device/lib/bm/armgcc/MKL46Z4/debug/libusbd_bm.a(khci_dev.c.obj)
 .text._usb_khci_service_reset_intr
                0x00004a04       0x78 ../../../../../../../../../usb/usb_core/device/lib/bm/armgcc/MKL46Z4/debug/libusbd_bm.a(khci_dev.c.obj)
 .text._usb_khci_service_tk_dne_intr
                0x00004a7c      0x570 ../../../../../../../../../usb/usb_core/device/lib/bm/armgcc/MKL46Z4/debug/libusbd_bm.a(khci_dev.c.obj)
 .text._usb_khci_service_sof_token_intr
                0x00004fec       0x3c ../../../../../../../../../usb/usb_core/device/lib/bm/armgcc/MKL46Z4/debug/libusbd_bm.a(khci_dev.c.obj)
 .text._usb_khci_service_stall_intr
                0x00005028      0x154 ../../../../../../../../../usb/usb_core/device/lib/bm/armgcc/MKL46Z4/debug/libusbd_bm.a(khci_dev.c.obj)
 .text._usb_khci_isr
                0x0000517c       0x78 ../../../../../../../../../usb/usb_core/device/lib/bm/armgcc/MKL46Z4/debug/libusbd_bm.a(khci_dev.c.obj)
 .text.usb_dci_khci_preinit
                0x000051f4       0x48 ../../../../../../../../../usb/usb_core/device/lib/bm/armgcc/MKL46Z4/debug/libusbd_bm.a(khci_dev.c.obj)
                0x000051f4                usb_dci_khci_preinit
 .text.usb_dci_khci_init
                0x0000523c      0x108 ../../../../../../../../../usb/usb_core/device/lib/bm/armgcc/MKL46Z4/debug/libusbd_bm.a(khci_dev.c.obj)
                0x0000523c                usb_dci_khci_init
 .text.usb_dci_khci_postinit
                0x00005344       0x48 ../../../../../../../../../usb/usb_core/device/lib/bm/armgcc/MKL46Z4/debug/libusbd_bm.a(khci_dev.c.obj)
                0x00005344                usb_dci_khci_postinit
 .text.usb_dci_khci_init_endpoint
                0x0000538c      0x1c0 ../../../../../../../../../usb/usb_core/device/lib/bm/armgcc/MKL46Z4/debug/libusbd_bm.a(khci_dev.c.obj)
                0x0000538c                usb_dci_khci_init_endpoint
 .text.usb_dci_khci_deinit_endpoint
                0x0000554c       0xdc ../../../../../../../../../usb/usb_core/device/lib/bm/armgcc/MKL46Z4/debug/libusbd_bm.a(khci_dev.c.obj)
                0x0000554c                usb_dci_khci_deinit_endpoint
 .text.usb_dci_khci_send
                0x00005628       0xa0 ../../../../../../../../../usb/usb_core/device/lib/bm/armgcc/MKL46Z4/debug/libusbd_bm.a(khci_dev.c.obj)
                0x00005628                usb_dci_khci_send
 .text.usb_dci_khci_recv
                0x000056c8      0x140 ../../../../../../../../../usb/usb_core/device/lib/bm/armgcc/MKL46Z4/debug/libusbd_bm.a(khci_dev.c.obj)
                0x000056c8                usb_dci_khci_recv
 .text.usb_dci_khci_stall_endpoint
                0x00005808      0x13c ../../../../../../../../../usb/usb_core/device/lib/bm/armgcc/MKL46Z4/debug/libusbd_bm.a(khci_dev.c.obj)
                0x00005808                usb_dci_khci_stall_endpoint
 .text.usb_dci_khci_unstall_endpoint
                0x00005944      0x1bc ../../../../../../../../../usb/usb_core/device/lib/bm/armgcc/MKL46Z4/debug/libusbd_bm.a(khci_dev.c.obj)
                0x00005944                usb_dci_khci_unstall_endpoint
 .text.usb_dci_khci_cancel
                0x00005b00       0xf0 ../../../../../../../../../usb/usb_core/device/lib/bm/armgcc/MKL46Z4/debug/libusbd_bm.a(khci_dev.c.obj)
                0x00005b00                usb_dci_khci_cancel
 .text.usb_dci_khci_set_addr
                0x00005bf0       0x3c ../../../../../../../../../usb/usb_core/device/lib/bm/armgcc/MKL46Z4/debug/libusbd_bm.a(khci_dev.c.obj)
                0x00005bf0                usb_dci_khci_set_addr
 .text.usb_dci_khci_shutdown
                0x00005c2c       0x5c ../../../../../../../../../usb/usb_core/device/lib/bm/armgcc/MKL46Z4/debug/libusbd_bm.a(khci_dev.c.obj)
                0x00005c2c                usb_dci_khci_shutdown
 .text.usb_dci_khci_get_endpoint_status
                0x00005c88       0x44 ../../../../../../../../../usb/usb_core/device/lib/bm/armgcc/MKL46Z4/debug/libusbd_bm.a(khci_dev.c.obj)
                0x00005c88                usb_dci_khci_get_endpoint_status
 .text.usb_dci_khci_set_endpoint_status
                0x00005ccc       0xe0 ../../../../../../../../../usb/usb_core/device/lib/bm/armgcc/MKL46Z4/debug/libusbd_bm.a(khci_dev.c.obj)
                0x00005ccc                usb_dci_khci_set_endpoint_status
 .text.usb_dci_khci_set_status
                0x00005dac       0x88 ../../../../../../../../../usb/usb_core/device/lib/bm/armgcc/MKL46Z4/debug/libusbd_bm.a(khci_dev.c.obj)
                0x00005dac                usb_dci_khci_set_status
 .text.usb_dci_khci_get_status
                0x00005e34       0x94 ../../../../../../../../../usb/usb_core/device/lib/bm/armgcc/MKL46Z4/debug/libusbd_bm.a(khci_dev.c.obj)
                0x00005e34                usb_dci_khci_get_status
 .text.usb_dci_khci_reset
                0x00005ec8       0x78 ../../../../../../../../../usb/usb_core/device/lib/bm/armgcc/MKL46Z4/debug/libusbd_bm.a(khci_dev.c.obj)
                0x00005ec8                usb_dci_khci_reset
 .text.SIM_HAL_EnableClock
                0x00005f40       0x5c ../../../../../../../../../usb/usb_core/device/lib/bm/armgcc/MKL46Z4/debug/libusbd_bm.a(usb_dev_bsp.c.obj)
 .text.CLOCK_HAL_SetUsbfsSrc
                0x00005f9c       0x34 ../../../../../../../../../usb/usb_core/device/lib/bm/armgcc/MKL46Z4/debug/libusbd_bm.a(usb_dev_bsp.c.obj)
 .text.CLOCK_HAL_GetUsbfsSrc
                0x00005fd0       0x2c ../../../../../../../../../usb/usb_core/device/lib/bm/armgcc/MKL46Z4/debug/libusbd_bm.a(usb_dev_bsp.c.obj)
 .text.CLOCK_HAL_SetPllfllSel
                0x00005ffc       0x34 ../../../../../../../../../usb/usb_core/device/lib/bm/armgcc/MKL46Z4/debug/libusbd_bm.a(usb_dev_bsp.c.obj)
 .text.SIM_HAL_SetUsbVoltRegulatorCmd
                0x00006030       0x34 ../../../../../../../../../usb/usb_core/device/lib/bm/armgcc/MKL46Z4/debug/libusbd_bm.a(usb_dev_bsp.c.obj)
 .text.SIM_HAL_SetUsbVoltRegulatorWriteCmd
                0x00006064       0x38 ../../../../../../../../../usb/usb_core/device/lib/bm/armgcc/MKL46Z4/debug/libusbd_bm.a(usb_dev_bsp.c.obj)
 .text.CLOCK_SYS_SetPllfllSel
                0x0000609c       0x28 ../../../../../../../../../usb/usb_core/device/lib/bm/armgcc/MKL46Z4/debug/libusbd_bm.a(usb_dev_bsp.c.obj)
 .text.CLOCK_SYS_SetUsbfsSrc
                0x000060c4       0x28 ../../../../../../../../../usb/usb_core/device/lib/bm/armgcc/MKL46Z4/debug/libusbd_bm.a(usb_dev_bsp.c.obj)
 .text.CLOCK_SYS_GetUsbfsSrc
                0x000060ec       0x24 ../../../../../../../../../usb/usb_core/device/lib/bm/armgcc/MKL46Z4/debug/libusbd_bm.a(usb_dev_bsp.c.obj)
 .text.CLOCK_SYS_EnableUsbfsClock
                0x00006110       0x20 ../../../../../../../../../usb/usb_core/device/lib/bm/armgcc/MKL46Z4/debug/libusbd_bm.a(usb_dev_bsp.c.obj)
 .text.usb_dev_soc_init
                0x00006130      0x114 ../../../../../../../../../usb/usb_core/device/lib/bm/armgcc/MKL46Z4/debug/libusbd_bm.a(usb_dev_bsp.c.obj)
                0x00006130                usb_dev_soc_init
 .text.soc_get_usb_dev_int_level
                0x00006244       0x18 ../../../../../../../../../usb/usb_core/device/lib/bm/armgcc/MKL46Z4/debug/libusbd_bm.a(usb_dev_bsp.c.obj)
                0x00006244                soc_get_usb_dev_int_level
 .text.soc_get_usb_vector_number
                0x0000625c       0x24 ../../../../../../../../../usb/usb_core/device/lib/bm/armgcc/MKL46Z4/debug/libusbd_bm.a(adapter_sdk.c.obj)
                0x0000625c                soc_get_usb_vector_number
 .text.soc_get_usb_base_address
                0x00006280       0x28 ../../../../../../../../../usb/usb_core/device/lib/bm/armgcc/MKL46Z4/debug/libusbd_bm.a(adapter_sdk.c.obj)
                0x00006280                soc_get_usb_base_address
 .text.OS_Mutex_create
                0x000062a8       0x3c ../../../../../../../../../usb/usb_core/device/lib/bm/armgcc/MKL46Z4/debug/libusbd_bm.a(adapter_sdk.c.obj)
                0x000062a8                OS_Mutex_create
 .text.OS_Mutex_destroy
                0x000062e4       0x2c ../../../../../../../../../usb/usb_core/device/lib/bm/armgcc/MKL46Z4/debug/libusbd_bm.a(adapter_sdk.c.obj)
                0x000062e4                OS_Mutex_destroy
 .text.OS_Mutex_lock
                0x00006310       0x44 ../../../../../../../../../usb/usb_core/device/lib/bm/armgcc/MKL46Z4/debug/libusbd_bm.a(adapter_sdk.c.obj)
                0x00006310                OS_Mutex_lock
 .text.OS_Mutex_unlock
                0x00006354       0x24 ../../../../../../../../../usb/usb_core/device/lib/bm/armgcc/MKL46Z4/debug/libusbd_bm.a(adapter_sdk.c.obj)
                0x00006354                OS_Mutex_unlock
 .text.SIM_HAL_EnableClock
                0x00006378       0x5c ../../../../../../../../../lib/ksdk_platform_lib/armgcc/KL46Z4/debug/libksdk_platform.a(fsl_os_abstraction_bm.c.obj)
 .text.CLOCK_SYS_EnableLptmrClock
                0x000063d4       0x20 ../../../../../../../../../lib/ksdk_platform_lib/armgcc/KL46Z4/debug/libksdk_platform.a(fsl_os_abstraction_bm.c.obj)
 .text.LPTMR_HAL_Enable
                0x000063f4       0x20 ../../../../../../../../../lib/ksdk_platform_lib/armgcc/KL46Z4/debug/libksdk_platform.a(fsl_os_abstraction_bm.c.obj)
 .text.LPTMR_HAL_Disable
                0x00006414       0x20 ../../../../../../../../../lib/ksdk_platform_lib/armgcc/KL46Z4/debug/libksdk_platform.a(fsl_os_abstraction_bm.c.obj)
 .text.LPTMR_HAL_SetIntCmd
                0x00006434       0x28 ../../../../../../../../../lib/ksdk_platform_lib/armgcc/KL46Z4/debug/libksdk_platform.a(fsl_os_abstraction_bm.c.obj)
 .text.OSA_TimeInit
                0x0000645c       0x64 ../../../../../../../../../lib/ksdk_platform_lib/armgcc/KL46Z4/debug/libksdk_platform.a(fsl_os_abstraction_bm.c.obj)
                0x0000645c                OSA_TimeInit
 .text.OSA_TimeDiff
                0x000064c0       0x30 ../../../../../../../../../lib/ksdk_platform_lib/armgcc/KL46Z4/debug/libksdk_platform.a(fsl_os_abstraction_bm.c.obj)
                0x000064c0                OSA_TimeDiff
 .text.OSA_MutexCreate
                0x000064f0       0x48 ../../../../../../../../../lib/ksdk_platform_lib/armgcc/KL46Z4/debug/libksdk_platform.a(fsl_os_abstraction_bm.c.obj)
                0x000064f0                OSA_MutexCreate
 .text.OSA_MutexLock
                0x00006538       0xc8 ../../../../../../../../../lib/ksdk_platform_lib/armgcc/KL46Z4/debug/libksdk_platform.a(fsl_os_abstraction_bm.c.obj)
                0x00006538                OSA_MutexLock
 .text.OSA_MutexUnlock
                0x00006600       0x44 ../../../../../../../../../lib/ksdk_platform_lib/armgcc/KL46Z4/debug/libksdk_platform.a(fsl_os_abstraction_bm.c.obj)
                0x00006600                OSA_MutexUnlock
 .text.OSA_MutexDestroy
                0x00006644       0x34 ../../../../../../../../../lib/ksdk_platform_lib/armgcc/KL46Z4/debug/libksdk_platform.a(fsl_os_abstraction_bm.c.obj)
                0x00006644                OSA_MutexDestroy
 .text.task_init
                0x00006678       0x60 ../../../../../../../../../lib/ksdk_platform_lib/armgcc/KL46Z4/debug/libksdk_platform.a(fsl_os_abstraction_bm.c.obj)
                0x00006678                task_init
 .text.OSA_MemAllocZero
                0x000066d8       0x1c ../../../../../../../../../lib/ksdk_platform_lib/armgcc/KL46Z4/debug/libksdk_platform.a(fsl_os_abstraction_bm.c.obj)
                0x000066d8                OSA_MemAllocZero
 .text.OSA_MemFree
                0x000066f4       0x1c ../../../../../../../../../lib/ksdk_platform_lib/armgcc/KL46Z4/debug/libksdk_platform.a(fsl_os_abstraction_bm.c.obj)
                0x000066f4                OSA_MemFree
 .text.OSA_TimeGetMsec
                0x00006710       0x18 ../../../../../../../../../lib/ksdk_platform_lib/armgcc/KL46Z4/debug/libksdk_platform.a(fsl_os_abstraction_bm.c.obj)
                0x00006710                OSA_TimeGetMsec
 .text.OSA_InstallIntHandler
                0x00006728       0x24 ../../../../../../../../../lib/ksdk_platform_lib/armgcc/KL46Z4/debug/libksdk_platform.a(fsl_os_abstraction_bm.c.obj)
                0x00006728                OSA_InstallIntHandler
 .text.OSA_EnterCritical
                0x0000674c       0x24 ../../../../../../../../../lib/ksdk_platform_lib/armgcc/KL46Z4/debug/libksdk_platform.a(fsl_os_abstraction_bm.c.obj)
                0x0000674c                OSA_EnterCritical
 .text.OSA_ExitCritical
                0x00006770       0x24 ../../../../../../../../../lib/ksdk_platform_lib/armgcc/KL46Z4/debug/libksdk_platform.a(fsl_os_abstraction_bm.c.obj)
                0x00006770                OSA_ExitCritical
 .text.OSA_Init
                0x00006794       0x14 ../../../../../../../../../lib/ksdk_platform_lib/armgcc/KL46Z4/debug/libksdk_platform.a(fsl_os_abstraction_bm.c.obj)
                0x00006794                OSA_Init
 .text.OSA_Start
                0x000067a8       0x38 ../../../../../../../../../lib/ksdk_platform_lib/armgcc/KL46Z4/debug/libksdk_platform.a(fsl_os_abstraction_bm.c.obj)
                0x000067a8                OSA_Start
 .text.CLOCK_HAL_SetClkOutSrc
                0x000067e0       0x30 ../../../../../../../../../lib/ksdk_platform_lib/armgcc/KL46Z4/debug/libksdk_platform.a(fsl_clock_manager.c.obj)
 .text.CLOCK_HAL_SetClksFrdivIrefs
                0x00006810       0x68 ../../../../../../../../../lib/ksdk_platform_lib/armgcc/KL46Z4/debug/libksdk_platform.a(fsl_clock_manager.c.obj)
 .text.CLOCK_HAL_GetClkOutStat
                0x00006878       0x24 ../../../../../../../../../lib/ksdk_platform_lib/armgcc/KL46Z4/debug/libksdk_platform.a(fsl_clock_manager.c.obj)
 .text.CLOCK_HAL_GetFllSrc
                0x0000689c       0x20 ../../../../../../../../../lib/ksdk_platform_lib/armgcc/KL46Z4/debug/libksdk_platform.a(fsl_clock_manager.c.obj)
 .text.CLOCK_HAL_IsOsc0Stable
                0x000068bc       0x28 ../../../../../../../../../lib/ksdk_platform_lib/armgcc/KL46Z4/debug/libksdk_platform.a(fsl_clock_manager.c.obj)
 .text.OSC_HAL_SetExternalRefClkCmd
                0x000068e4       0x2c ../../../../../../../../../lib/ksdk_platform_lib/armgcc/KL46Z4/debug/libksdk_platform.a(fsl_clock_manager.c.obj)
 .text.OSC_HAL_SetExternalRefClkInStopModeCmd
                0x00006910       0x2c ../../../../../../../../../lib/ksdk_platform_lib/armgcc/KL46Z4/debug/libksdk_platform.a(fsl_clock_manager.c.obj)
 .text.CLOCK_SYS_BootToPee
                0x0000693c       0xd0 ../../../../../../../../../lib/ksdk_platform_lib/armgcc/KL46Z4/debug/libksdk_platform.a(fsl_clock_manager.c.obj)
                0x0000693c                CLOCK_SYS_BootToPee
 .text.CLOCK_SYS_OscInit
                0x00006a0c       0xf4 ../../../../../../../../../lib/ksdk_platform_lib/armgcc/KL46Z4/debug/libksdk_platform.a(fsl_clock_manager.c.obj)
                0x00006a0c                CLOCK_SYS_OscInit
 .text.CLOCK_SYS_SetOscerConfigration
                0x00006b00       0x40 ../../../../../../../../../lib/ksdk_platform_lib/armgcc/KL46Z4/debug/libksdk_platform.a(fsl_clock_manager.c.obj)
                0x00006b00                CLOCK_SYS_SetOscerConfigration
 .text.SIM_HAL_EnableClock
                0x00006b40       0x5c ../../../../../../../../../lib/ksdk_platform_lib/armgcc/KL46Z4/debug/libksdk_platform.a(fsl_clock_MKL46Z4.c.obj)
 .text.CLOCK_HAL_GetUsbfsSrc
                0x00006b9c       0x2c ../../../../../../../../../lib/ksdk_platform_lib/armgcc/KL46Z4/debug/libksdk_platform.a(fsl_clock_MKL46Z4.c.obj)
 .text.CLOCK_HAL_GetLpsciSrc
                0x00006bc8       0x2c ../../../../../../../../../lib/ksdk_platform_lib/armgcc/KL46Z4/debug/libksdk_platform.a(fsl_clock_MKL46Z4.c.obj)
 .text.CLOCK_HAL_SetExternalRefClock32kSrc
                0x00006bf4       0x2c ../../../../../../../../../lib/ksdk_platform_lib/armgcc/KL46Z4/debug/libksdk_platform.a(fsl_clock_MKL46Z4.c.obj)
 .text.CLOCK_HAL_SetPllfllSel
                0x00006c20       0x34 ../../../../../../../../../lib/ksdk_platform_lib/armgcc/KL46Z4/debug/libksdk_platform.a(fsl_clock_MKL46Z4.c.obj)
 .text.CLOCK_HAL_GetPllfllSel
                0x00006c54       0x28 ../../../../../../../../../lib/ksdk_platform_lib/armgcc/KL46Z4/debug/libksdk_platform.a(fsl_clock_MKL46Z4.c.obj)
 .text.CLOCK_HAL_GetOutDiv1
                0x00006c7c       0x2c ../../../../../../../../../lib/ksdk_platform_lib/armgcc/KL46Z4/debug/libksdk_platform.a(fsl_clock_MKL46Z4.c.obj)
 .text.CLOCK_HAL_GetOutDiv4
                0x00006ca8       0x2c ../../../../../../../../../lib/ksdk_platform_lib/armgcc/KL46Z4/debug/libksdk_platform.a(fsl_clock_MKL46Z4.c.obj)
 .text.OSC_HAL_GetExternalRefClkCmd
                0x00006cd4       0x24 ../../../../../../../../../lib/ksdk_platform_lib/armgcc/KL46Z4/debug/libksdk_platform.a(fsl_clock_MKL46Z4.c.obj)
 .text.CLOCK_SYS_SetSimConfigration
                0x00006cf8       0x44 ../../../../../../../../../lib/ksdk_platform_lib/armgcc/KL46Z4/debug/libksdk_platform.a(fsl_clock_MKL46Z4.c.obj)
                0x00006cf8                CLOCK_SYS_SetSimConfigration
 .text.CLOCK_SYS_GetSystemClockFreq
                0x00006d3c       0x34 ../../../../../../../../../lib/ksdk_platform_lib/armgcc/KL46Z4/debug/libksdk_platform.a(fsl_clock_MKL46Z4.c.obj)
                0x00006d3c                CLOCK_SYS_GetSystemClockFreq
 .text.CLOCK_SYS_GetBusClockFreq
                0x00006d70       0x2c ../../../../../../../../../lib/ksdk_platform_lib/armgcc/KL46Z4/debug/libksdk_platform.a(fsl_clock_MKL46Z4.c.obj)
                0x00006d70                CLOCK_SYS_GetBusClockFreq
 .text.CLOCK_SYS_GetPllFllClockFreq
                0x00006d9c       0x5c ../../../../../../../../../lib/ksdk_platform_lib/armgcc/KL46Z4/debug/libksdk_platform.a(fsl_clock_MKL46Z4.c.obj)
                0x00006d9c                CLOCK_SYS_GetPllFllClockFreq
 .text.CLOCK_SYS_GetOsc0ExternalRefClockFreq
                0x00006df8       0x28 ../../../../../../../../../lib/ksdk_platform_lib/armgcc/KL46Z4/debug/libksdk_platform.a(fsl_clock_MKL46Z4.c.obj)
                0x00006df8                CLOCK_SYS_GetOsc0ExternalRefClockFreq
 .text.CLOCK_SYS_GetUsbfsFreq
                0x00006e20       0x48 ../../../../../../../../../lib/ksdk_platform_lib/armgcc/KL46Z4/debug/libksdk_platform.a(fsl_clock_MKL46Z4.c.obj)
                0x00006e20                CLOCK_SYS_GetUsbfsFreq
 .text.CLOCK_SYS_GetLpsciFreq
                0x00006e68       0x68 ../../../../../../../../../lib/ksdk_platform_lib/armgcc/KL46Z4/debug/libksdk_platform.a(fsl_clock_MKL46Z4.c.obj)
                0x00006e68                CLOCK_SYS_GetLpsciFreq
 .text.CLOCK_SYS_GetUartFreq
                0x00006ed0       0x2c ../../../../../../../../../lib/ksdk_platform_lib/armgcc/KL46Z4/debug/libksdk_platform.a(fsl_clock_MKL46Z4.c.obj)
                0x00006ed0                CLOCK_SYS_GetUartFreq
 .text.CLOCK_SYS_EnablePortClock
                0x00006efc       0x4c ../../../../../../../../../lib/ksdk_platform_lib/armgcc/KL46Z4/debug/libksdk_platform.a(fsl_clock_MKL46Z4.c.obj)
                0x00006efc                CLOCK_SYS_EnablePortClock
 .text.CLOCK_SYS_EnableLpsciClock
                0x00006f48       0x44 ../../../../../../../../../lib/ksdk_platform_lib/armgcc/KL46Z4/debug/libksdk_platform.a(fsl_clock_MKL46Z4.c.obj)
                0x00006f48                CLOCK_SYS_EnableLpsciClock
 .text.CLOCK_SYS_EnableUartClock
                0x00006f8c       0x4c ../../../../../../../../../lib/ksdk_platform_lib/armgcc/KL46Z4/debug/libksdk_platform.a(fsl_clock_MKL46Z4.c.obj)
                0x00006f8c                CLOCK_SYS_EnableUartClock
 .text.INT_SYS_InstallHandler
                0x00006fd8       0x7c ../../../../../../../../../lib/ksdk_platform_lib/armgcc/KL46Z4/debug/libksdk_platform.a(fsl_interrupt_manager.c.obj)
                0x00006fd8                INT_SYS_InstallHandler
 .text.INT_SYS_EnableIRQGlobal
                0x00007054       0x2c ../../../../../../../../../lib/ksdk_platform_lib/armgcc/KL46Z4/debug/libksdk_platform.a(fsl_interrupt_manager.c.obj)
                0x00007054                INT_SYS_EnableIRQGlobal
 .text.INT_SYS_DisableIRQGlobal
                0x00007080       0x1c ../../../../../../../../../lib/ksdk_platform_lib/armgcc/KL46Z4/debug/libksdk_platform.a(fsl_interrupt_manager.c.obj)
                0x00007080                INT_SYS_DisableIRQGlobal
 .text.LPSCI_HAL_Putchar
                0x0000709c       0x20 ../../../../../../../../../lib/ksdk_platform_lib/armgcc/KL46Z4/debug/libksdk_platform.a(fsl_lpsci_hal.c.obj)
 .text.LPSCI_HAL_Getchar
                0x000070bc       0x1c ../../../../../../../../../lib/ksdk_platform_lib/armgcc/KL46Z4/debug/libksdk_platform.a(fsl_lpsci_hal.c.obj)
 .text.LPSCI_HAL_SetBaudRate
                0x000070d8      0x154 ../../../../../../../../../lib/ksdk_platform_lib/armgcc/KL46Z4/debug/libksdk_platform.a(fsl_lpsci_hal.c.obj)
                0x000070d8                LPSCI_HAL_SetBaudRate
 .text.LPSCI_HAL_SetParityMode
                0x0000722c       0x4c ../../../../../../../../../lib/ksdk_platform_lib/armgcc/KL46Z4/debug/libksdk_platform.a(fsl_lpsci_hal.c.obj)
                0x0000722c                LPSCI_HAL_SetParityMode
 .text.LPSCI_HAL_SendDataPolling
                0x00007278       0x48 ../../../../../../../../../lib/ksdk_platform_lib/armgcc/KL46Z4/debug/libksdk_platform.a(fsl_lpsci_hal.c.obj)
                0x00007278                LPSCI_HAL_SendDataPolling
 .text.LPSCI_HAL_ReceiveDataPolling
                0x000072c0       0x8c ../../../../../../../../../lib/ksdk_platform_lib/armgcc/KL46Z4/debug/libksdk_platform.a(fsl_lpsci_hal.c.obj)
                0x000072c0                LPSCI_HAL_ReceiveDataPolling
 .text.LPTMR_HAL_SetTimerWorkingMode
                0x0000734c       0x5c ../../../../../../../../../lib/ksdk_platform_lib/armgcc/KL46Z4/debug/libksdk_platform.a(fsl_lptmr_hal.c.obj)
                0x0000734c                LPTMR_HAL_SetTimerWorkingMode
 .text.LPTMR_HAL_SetPrescalerMode
                0x000073a8       0x40 ../../../../../../../../../lib/ksdk_platform_lib/armgcc/KL46Z4/debug/libksdk_platform.a(fsl_lptmr_hal.c.obj)
                0x000073a8                LPTMR_HAL_SetPrescalerMode
 .text.LPTMR_HAL_GetCounterValue
                0x000073e8       0x30 ../../../../../../../../../lib/ksdk_platform_lib/armgcc/KL46Z4/debug/libksdk_platform.a(fsl_lptmr_hal.c.obj)
                0x000073e8                LPTMR_HAL_GetCounterValue
 .text.CLOCK_HAL_GetClkOutStat
                0x00007418       0x24 ../../../../../../../../../lib/ksdk_platform_lib/armgcc/KL46Z4/debug/libksdk_platform.a(fsl_mcg_hal.c.obj)
 .text.CLOCK_HAL_SetInternalRefClkMode
                0x0000743c       0x2c ../../../../../../../../../lib/ksdk_platform_lib/armgcc/KL46Z4/debug/libksdk_platform.a(fsl_mcg_hal.c.obj)
 .text.CLOCK_HAL_GetInternalRefClkMode
                0x00007468       0x20 ../../../../../../../../../lib/ksdk_platform_lib/armgcc/KL46Z4/debug/libksdk_platform.a(fsl_mcg_hal.c.obj)
 .text.CLOCK_HAL_IsPllSelected
                0x00007488       0x28 ../../../../../../../../../lib/ksdk_platform_lib/armgcc/KL46Z4/debug/libksdk_platform.a(fsl_mcg_hal.c.obj)
 .text.CLOCK_HAL_IsOsc0Stable
                0x000074b0       0x28 ../../../../../../../../../lib/ksdk_platform_lib/armgcc/KL46Z4/debug/libksdk_platform.a(fsl_mcg_hal.c.obj)
 .text.CLOCK_HAL_PrepareOsc
                0x000074d8       0x44 ../../../../../../../../../lib/ksdk_platform_lib/armgcc/KL46Z4/debug/libksdk_platform.a(fsl_mcg_hal.c.obj)
                0x000074d8                CLOCK_HAL_PrepareOsc
 .text.CLOCK_HAL_GetMcgExternalClkFreq
                0x0000751c       0x18 ../../../../../../../../../lib/ksdk_platform_lib/armgcc/KL46Z4/debug/libksdk_platform.a(fsl_mcg_hal.c.obj)
 .text.CLOCK_HAL_TestFllExternalRefFreq
                0x00007534       0x78 ../../../../../../../../../lib/ksdk_platform_lib/armgcc/KL46Z4/debug/libksdk_platform.a(fsl_mcg_hal.c.obj)
                0x00007534                CLOCK_HAL_TestFllExternalRefFreq
 .text.CLOCK_HAL_GetFllRefClk
                0x000075ac       0x94 ../../../../../../../../../lib/ksdk_platform_lib/armgcc/KL46Z4/debug/libksdk_platform.a(fsl_mcg_hal.c.obj)
                0x000075ac                CLOCK_HAL_GetFllRefClk
 .text.CLOCK_HAL_TestFllFreq
                0x00007640       0x6c ../../../../../../../../../lib/ksdk_platform_lib/armgcc/KL46Z4/debug/libksdk_platform.a(fsl_mcg_hal.c.obj)
                0x00007640                CLOCK_HAL_TestFllFreq
 .text.CLOCK_HAL_GetFllClk
                0x000076ac       0x80 ../../../../../../../../../lib/ksdk_platform_lib/armgcc/KL46Z4/debug/libksdk_platform.a(fsl_mcg_hal.c.obj)
                0x000076ac                CLOCK_HAL_GetFllClk
 .text.CLOCK_HAL_UpdateFastClkInternalRefDiv
                0x0000772c       0xbc ../../../../../../../../../lib/ksdk_platform_lib/armgcc/KL46Z4/debug/libksdk_platform.a(fsl_mcg_hal.c.obj)
                0x0000772c                CLOCK_HAL_UpdateFastClkInternalRefDiv
 .text.CLOCK_HAL_UpdateInternalRefClk
                0x000077e8       0x90 ../../../../../../../../../lib/ksdk_platform_lib/armgcc/KL46Z4/debug/libksdk_platform.a(fsl_mcg_hal.c.obj)
                0x000077e8                CLOCK_HAL_UpdateInternalRefClk
 .text.CLOCK_HAL_GetPll0RefFreq
                0x00007878       0x1c ../../../../../../../../../lib/ksdk_platform_lib/armgcc/KL46Z4/debug/libksdk_platform.a(fsl_mcg_hal.c.obj)
                0x00007878                CLOCK_HAL_GetPll0RefFreq
 .text.CLOCK_HAL_GetPll0Clk
                0x00007894       0x98 ../../../../../../../../../lib/ksdk_platform_lib/armgcc/KL46Z4/debug/libksdk_platform.a(fsl_mcg_hal.c.obj)
                0x00007894                CLOCK_HAL_GetPll0Clk
 .text.CLOCK_HAL_GetInternalRefClk
                0x0000792c       0x68 ../../../../../../../../../lib/ksdk_platform_lib/armgcc/KL46Z4/debug/libksdk_platform.a(fsl_mcg_hal.c.obj)
                0x0000792c                CLOCK_HAL_GetInternalRefClk
 .text.CLOCK_HAL_GetOutClk
                0x00007994       0x7c ../../../../../../../../../lib/ksdk_platform_lib/armgcc/KL46Z4/debug/libksdk_platform.a(fsl_mcg_hal.c.obj)
                0x00007994                CLOCK_HAL_GetOutClk
 .text.CLOCK_HAL_SetOsc0Mode
                0x00007a10       0x70 ../../../../../../../../../lib/ksdk_platform_lib/armgcc/KL46Z4/debug/libksdk_platform.a(fsl_mcg_hal.c.obj)
                0x00007a10                CLOCK_HAL_SetOsc0Mode
 .text.CLOCK_HAL_GetClkOutStat
                0x00007a80       0x24 ../../../../../../../../../lib/ksdk_platform_lib/armgcc/KL46Z4/debug/libksdk_platform.a(fsl_mcg_hal_modes.c.obj)
 .text.CLOCK_HAL_SetPll0EnableCmd
                0x00007aa4       0x30 ../../../../../../../../../lib/ksdk_platform_lib/armgcc/KL46Z4/debug/libksdk_platform.a(fsl_mcg_hal_modes.c.obj)
 .text.CLOCK_HAL_IsPll0Locked
                0x00007ad4       0x28 ../../../../../../../../../lib/ksdk_platform_lib/armgcc/KL46Z4/debug/libksdk_platform.a(fsl_mcg_hal_modes.c.obj)
 .text.CLOCK_HAL_IsPllSelected
                0x00007afc       0x28 ../../../../../../../../../lib/ksdk_platform_lib/armgcc/KL46Z4/debug/libksdk_platform.a(fsl_mcg_hal_modes.c.obj)
 .text.CLOCK_HAL_SetPbeMode
                0x00007b24      0x110 ../../../../../../../../../lib/ksdk_platform_lib/armgcc/KL46Z4/debug/libksdk_platform.a(fsl_mcg_hal_modes.c.obj)
                0x00007b24                CLOCK_HAL_SetPbeMode
 .text.OSC_HAL_SetCapacitor
                0x00007c34       0x2c ../../../../../../../../../lib/ksdk_platform_lib/armgcc/KL46Z4/debug/libksdk_platform.a(fsl_osc_hal.c.obj)
                0x00007c34                OSC_HAL_SetCapacitor
 .text.CLOCK_HAL_SetOutDiv
                0x00007c60       0x58 ../../../../../../../../../lib/ksdk_platform_lib/armgcc/KL46Z4/debug/libksdk_platform.a(fsl_sim_hal_MKL46Z4.c.obj)
                0x00007c60                CLOCK_HAL_SetOutDiv
 .text.UART_HAL_SetBaudRate
                0x00007cb8       0x70 ../../../../../../../../../lib/ksdk_platform_lib/armgcc/KL46Z4/debug/libksdk_platform.a(fsl_uart_hal.c.obj)
                0x00007cb8                UART_HAL_SetBaudRate
 .text.UART_HAL_SetParityMode
                0x00007d28       0x4c ../../../../../../../../../lib/ksdk_platform_lib/armgcc/KL46Z4/debug/libksdk_platform.a(fsl_uart_hal.c.obj)
                0x00007d28                UART_HAL_SetParityMode
 .text.UART_HAL_Putchar
                0x00007d74       0x38 ../../../../../../../../../lib/ksdk_platform_lib/armgcc/KL46Z4/debug/libksdk_platform.a(fsl_uart_hal.c.obj)
                0x00007d74                UART_HAL_Putchar
 .text.UART_HAL_Getchar
                0x00007dac       0x34 ../../../../../../../../../lib/ksdk_platform_lib/armgcc/KL46Z4/debug/libksdk_platform.a(fsl_uart_hal.c.obj)
                0x00007dac                UART_HAL_Getchar
 .text.UART_HAL_SendDataPolling
                0x00007de0       0x48 ../../../../../../../../../lib/ksdk_platform_lib/armgcc/KL46Z4/debug/libksdk_platform.a(fsl_uart_hal.c.obj)
                0x00007de0                UART_HAL_SendDataPolling
 .text.UART_HAL_ReceiveDataPolling
                0x00007e28       0xa8 ../../../../../../../../../lib/ksdk_platform_lib/armgcc/KL46Z4/debug/libksdk_platform.a(fsl_uart_hal.c.obj)
                0x00007e28                UART_HAL_ReceiveDataPolling
 .text.__assert_func
                0x00007ed0       0x40 /home/laurie/gcc-arm/bin/../lib/gcc/arm-none-eabi/5.4.1/../../../../arm-none-eabi/lib/armv6-m/libc_nano.a(lib_a-assert.o)
                0x00007ed0                __assert_func
 .text.calloc   0x00007f10       0x14 /home/laurie/gcc-arm/bin/../lib/gcc/arm-none-eabi/5.4.1/../../../../arm-none-eabi/lib/armv6-m/libc_nano.a(lib_a-calloc.o)
                0x00007f10                calloc
 .text.__errno  0x00007f24        0xc /home/laurie/gcc-arm/bin/../lib/gcc/arm-none-eabi/5.4.1/../../../../arm-none-eabi/lib/armv6-m/libc_nano.a(lib_a-errno.o)
                0x00007f24                __errno
 .text.exit     0x00007f30       0x2c /home/laurie/gcc-arm/bin/../lib/gcc/arm-none-eabi/5.4.1/../../../../arm-none-eabi/lib/armv6-m/libc_nano.a(lib_a-exit.o)
                0x00007f30                exit
 .text.fprintf  0x00007f5c       0x20 /home/laurie/gcc-arm/bin/../lib/gcc/arm-none-eabi/5.4.1/../../../../arm-none-eabi/lib/armv6-m/libc_nano.a(lib_a-fprintf.o)
                0x00007f5c                fprintf
                0x00007f5c                fiprintf
 .text.__libc_init_array
                0x00007f7c       0x4c /home/laurie/gcc-arm/bin/../lib/gcc/arm-none-eabi/5.4.1/../../../../arm-none-eabi/lib/armv6-m/libc_nano.a(lib_a-init.o)
                0x00007f7c                __libc_init_array
 .text.free     0x00007fc8       0x14 /home/laurie/gcc-arm/bin/../lib/gcc/arm-none-eabi/5.4.1/../../../../arm-none-eabi/lib/armv6-m/libc_nano.a(lib_a-malloc.o)
                0x00007fc8                free
 .text.memcpy   0x00007fdc       0x12 /home/laurie/gcc-arm/bin/../lib/gcc/arm-none-eabi/5.4.1/../../../../arm-none-eabi/lib/armv6-m/libc_nano.a(lib_a-memcpy-stub.o)
                0x00007fdc                memcpy
 .text.memset   0x00007fee       0x10 /home/laurie/gcc-arm/bin/../lib/gcc/arm-none-eabi/5.4.1/../../../../arm-none-eabi/lib/armv6-m/libc_nano.a(lib_a-memset.o)
                0x00007fee                memset
 .text._calloc_r
                0x00007ffe       0x1c /home/laurie/gcc-arm/bin/../lib/gcc/arm-none-eabi/5.4.1/../../../../arm-none-eabi/lib/armv6-m/libc_nano.a(lib_a-nano-callocr.o)
                0x00007ffe                _calloc_r
 *fill*         0x0000801a        0x2 
 .text._free_r  0x0000801c       0x98 /home/laurie/gcc-arm/bin/../lib/gcc/arm-none-eabi/5.4.1/../../../../arm-none-eabi/lib/armv6-m/libc_nano.a(lib_a-nano-freer.o)
                0x0000801c                _free_r
 .text._malloc_r
                0x000080b4       0xc0 /home/laurie/gcc-arm/bin/../lib/gcc/arm-none-eabi/5.4.1/../../../../arm-none-eabi/lib/armv6-m/libc_nano.a(lib_a-nano-mallocr.o)
                0x000080b4                _malloc_r
 .text.__sfputc_r
                0x00008174       0x2a /home/laurie/gcc-arm/bin/../lib/gcc/arm-none-eabi/5.4.1/../../../../arm-none-eabi/lib/armv6-m/libc_nano.a(lib_a-nano-vfprintf.o)
 .text.__sfputs_r
                0x0000819e       0x24 /home/laurie/gcc-arm/bin/../lib/gcc/arm-none-eabi/5.4.1/../../../../arm-none-eabi/lib/armv6-m/libc_nano.a(lib_a-nano-vfprintf.o)
                0x0000819e                __sfputs_r
 *fill*         0x000081c2        0x2 
 .text._vfprintf_r
                0x000081c4      0x238 /home/laurie/gcc-arm/bin/../lib/gcc/arm-none-eabi/5.4.1/../../../../arm-none-eabi/lib/armv6-m/libc_nano.a(lib_a-nano-vfprintf.o)
                0x000081c4                _vfiprintf_r
                0x000081c4                _vfprintf_r
 .text._printf_common
                0x000083fc       0xdc /home/laurie/gcc-arm/bin/../lib/gcc/arm-none-eabi/5.4.1/../../../../arm-none-eabi/lib/armv6-m/libc_nano.a(lib_a-nano-vfprintf_i.o)
                0x000083fc                _printf_common
 .text._printf_i
                0x000084d8      0x244 /home/laurie/gcc-arm/bin/../lib/gcc/arm-none-eabi/5.4.1/../../../../arm-none-eabi/lib/armv6-m/libc_nano.a(lib_a-nano-vfprintf_i.o)
                0x000084d8                _printf_i
 .text._sbrk_r  0x0000871c       0x24 /home/laurie/gcc-arm/bin/../lib/gcc/arm-none-eabi/5.4.1/../../../../arm-none-eabi/lib/armv6-m/libc_nano.a(lib_a-sbrkr.o)
                0x0000871c                _sbrk_r
 .text.__swbuf_r
                0x00008740       0xac /home/laurie/gcc-arm/bin/../lib/gcc/arm-none-eabi/5.4.1/../../../../arm-none-eabi/lib/armv6-m/libc_nano.a(lib_a-wbuf.o)
                0x00008740                __swbuf_r
 .text.__swsetup_r
                0x000087ec       0xec /home/laurie/gcc-arm/bin/../lib/gcc/arm-none-eabi/5.4.1/../../../../arm-none-eabi/lib/armv6-m/libc_nano.a(lib_a-wsetup.o)
                0x000087ec                __swsetup_r
 .text.abort    0x000088d8        0xe /home/laurie/gcc-arm/bin/../lib/gcc/arm-none-eabi/5.4.1/../../../../arm-none-eabi/lib/armv6-m/libc_nano.a(lib_a-abort.o)
                0x000088d8                abort
 *fill*         0x000088e6        0x2 
 .text.__sflush_r
                0x000088e8      0x10c /home/laurie/gcc-arm/bin/../lib/gcc/arm-none-eabi/5.4.1/../../../../arm-none-eabi/lib/armv6-m/libc_nano.a(lib_a-fflush.o)
                0x000088e8                __sflush_r
 .text._fflush_r
                0x000089f4       0x58 /home/laurie/gcc-arm/bin/../lib/gcc/arm-none-eabi/5.4.1/../../../../arm-none-eabi/lib/armv6-m/libc_nano.a(lib_a-fflush.o)
                0x000089f4                _fflush_r
 .text._cleanup_r
                0x00008a4c       0x10 /home/laurie/gcc-arm/bin/../lib/gcc/arm-none-eabi/5.4.1/../../../../arm-none-eabi/lib/armv6-m/libc_nano.a(lib_a-findfp.o)
                0x00008a4c                _cleanup_r
 .text.std.isra.0
                0x00008a5c       0x48 /home/laurie/gcc-arm/bin/../lib/gcc/arm-none-eabi/5.4.1/../../../../arm-none-eabi/lib/armv6-m/libc_nano.a(lib_a-findfp.o)
 .text.__sfmoreglue
                0x00008aa4       0x2c /home/laurie/gcc-arm/bin/../lib/gcc/arm-none-eabi/5.4.1/../../../../arm-none-eabi/lib/armv6-m/libc_nano.a(lib_a-findfp.o)
                0x00008aa4                __sfmoreglue
 .text.__sinit  0x00008ad0       0x68 /home/laurie/gcc-arm/bin/../lib/gcc/arm-none-eabi/5.4.1/../../../../arm-none-eabi/lib/armv6-m/libc_nano.a(lib_a-findfp.o)
                0x00008ad0                __sinit
 .text.__sfp    0x00008b38       0x7c /home/laurie/gcc-arm/bin/../lib/gcc/arm-none-eabi/5.4.1/../../../../arm-none-eabi/lib/armv6-m/libc_nano.a(lib_a-findfp.o)
                0x00008b38                __sfp
 .text._fwalk_reent
                0x00008bb4       0x42 /home/laurie/gcc-arm/bin/../lib/gcc/arm-none-eabi/5.4.1/../../../../arm-none-eabi/lib/armv6-m/libc_nano.a(lib_a-fwalk.o)
                0x00008bb4                _fwalk_reent
 *fill*         0x00008bf6        0x2 
 .text.__swhatbuf_r
                0x00008bf8       0x4c /home/laurie/gcc-arm/bin/../lib/gcc/arm-none-eabi/5.4.1/../../../../arm-none-eabi/lib/armv6-m/libc_nano.a(lib_a-makebuf.o)
                0x00008bf8                __swhatbuf_r
 .text.__smakebuf_r
                0x00008c44       0x7c /home/laurie/gcc-arm/bin/../lib/gcc/arm-none-eabi/5.4.1/../../../../arm-none-eabi/lib/armv6-m/libc_nano.a(lib_a-makebuf.o)
                0x00008c44                __smakebuf_r
 .text.memchr   0x00008cc0       0x16 /home/laurie/gcc-arm/bin/../lib/gcc/arm-none-eabi/5.4.1/../../../../arm-none-eabi/lib/armv6-m/libc_nano.a(lib_a-memchr-stub.o)
                0x00008cc0                memchr
 .text.__malloc_lock
                0x00008cd6        0x2 /home/laurie/gcc-arm/bin/../lib/gcc/arm-none-eabi/5.4.1/../../../../arm-none-eabi/lib/armv6-m/libc_nano.a(lib_a-mlock.o)
                0x00008cd6                __malloc_lock
 .text.__malloc_unlock
                0x00008cd8        0x2 /home/laurie/gcc-arm/bin/../lib/gcc/arm-none-eabi/5.4.1/../../../../arm-none-eabi/lib/armv6-m/libc_nano.a(lib_a-mlock.o)
                0x00008cd8                __malloc_unlock
 .text._raise_r
                0x00008cda       0x54 /home/laurie/gcc-arm/bin/../lib/gcc/arm-none-eabi/5.4.1/../../../../arm-none-eabi/lib/armv6-m/libc_nano.a(lib_a-signal.o)
                0x00008cda                _raise_r
 *fill*         0x00008d2e        0x2 
 .text.raise    0x00008d30       0x14 /home/laurie/gcc-arm/bin/../lib/gcc/arm-none-eabi/5.4.1/../../../../arm-none-eabi/lib/armv6-m/libc_nano.a(lib_a-signal.o)
                0x00008d30                raise
 .text._kill_r  0x00008d44       0x24 /home/laurie/gcc-arm/bin/../lib/gcc/arm-none-eabi/5.4.1/../../../../arm-none-eabi/lib/armv6-m/libc_nano.a(lib_a-signalr.o)
                0x00008d44                _kill_r
 .text._getpid_r
                0x00008d68        0x8 /home/laurie/gcc-arm/bin/../lib/gcc/arm-none-eabi/5.4.1/../../../../arm-none-eabi/lib/armv6-m/libc_nano.a(lib_a-signalr.o)
                0x00008d68                _getpid_r
 .text.__sread  0x00008d70       0x28 /home/laurie/gcc-arm/bin/../lib/gcc/arm-none-eabi/5.4.1/../../../../arm-none-eabi/lib/armv6-m/libc_nano.a(lib_a-stdio.o)
                0x00008d70                __sread
 .text.__swrite
                0x00008d98       0x38 /home/laurie/gcc-arm/bin/../lib/gcc/arm-none-eabi/5.4.1/../../../../arm-none-eabi/lib/armv6-m/libc_nano.a(lib_a-stdio.o)
                0x00008d98                __swrite
 .text.__sseek  0x00008dd0       0x2c /home/laurie/gcc-arm/bin/../lib/gcc/arm-none-eabi/5.4.1/../../../../arm-none-eabi/lib/armv6-m/libc_nano.a(lib_a-stdio.o)
                0x00008dd0                __sseek
 .text.__sclose
                0x00008dfc        0xc /home/laurie/gcc-arm/bin/../lib/gcc/arm-none-eabi/5.4.1/../../../../arm-none-eabi/lib/armv6-m/libc_nano.a(lib_a-stdio.o)
                0x00008dfc                __sclose
 .text._write_r
                0x00008e08       0x28 /home/laurie/gcc-arm/bin/../lib/gcc/arm-none-eabi/5.4.1/../../../../arm-none-eabi/lib/armv6-m/libc_nano.a(lib_a-writer.o)
                0x00008e08                _write_r
 .text._close_r
                0x00008e30       0x24 /home/laurie/gcc-arm/bin/../lib/gcc/arm-none-eabi/5.4.1/../../../../arm-none-eabi/lib/armv6-m/libc_nano.a(lib_a-closer.o)
                0x00008e30                _close_r
 .text._fstat_r
                0x00008e54       0x24 /home/laurie/gcc-arm/bin/../lib/gcc/arm-none-eabi/5.4.1/../../../../arm-none-eabi/lib/armv6-m/libc_nano.a(lib_a-fstatr.o)
                0x00008e54                _fstat_r
 .text._isatty_r
                0x00008e78       0x24 /home/laurie/gcc-arm/bin/../lib/gcc/arm-none-eabi/5.4.1/../../../../arm-none-eabi/lib/armv6-m/libc_nano.a(lib_a-isattyr.o)
                0x00008e78                _isatty_r
 .text._lseek_r
                0x00008e9c       0x28 /home/laurie/gcc-arm/bin/../lib/gcc/arm-none-eabi/5.4.1/../../../../arm-none-eabi/lib/armv6-m/libc_nano.a(lib_a-lseekr.o)
                0x00008e9c                _lseek_r
 .text._read_r  0x00008ec4       0x28 /home/laurie/gcc-arm/bin/../lib/gcc/arm-none-eabi/5.4.1/../../../../arm-none-eabi/lib/armv6-m/libc_nano.a(lib_a-readr.o)
                0x00008ec4                _read_r
 .text._close   0x00008eec       0x10 /home/laurie/gcc-arm/bin/../lib/gcc/arm-none-eabi/5.4.1/../../../../arm-none-eabi/lib/armv6-m/libnosys.a(close.o)
                0x00008eec                _close
 .text._fstat   0x00008efc       0x10 /home/laurie/gcc-arm/bin/../lib/gcc/arm-none-eabi/5.4.1/../../../../arm-none-eabi/lib/armv6-m/libnosys.a(fstat.o)
                0x00008efc                _fstat
 .text._getpid  0x00008f0c       0x10 /home/laurie/gcc-arm/bin/../lib/gcc/arm-none-eabi/5.4.1/../../../../arm-none-eabi/lib/armv6-m/libnosys.a(getpid.o)
                0x00008f0c                _getpid
 .text._isatty  0x00008f1c       0x10 /home/laurie/gcc-arm/bin/../lib/gcc/arm-none-eabi/5.4.1/../../../../arm-none-eabi/lib/armv6-m/libnosys.a(isatty.o)
                0x00008f1c                _isatty
 .text._kill    0x00008f2c       0x10 /home/laurie/gcc-arm/bin/../lib/gcc/arm-none-eabi/5.4.1/../../../../arm-none-eabi/lib/armv6-m/libnosys.a(kill.o)
                0x00008f2c                _kill
 .text._lseek   0x00008f3c       0x10 /home/laurie/gcc-arm/bin/../lib/gcc/arm-none-eabi/5.4.1/../../../../arm-none-eabi/lib/armv6-m/libnosys.a(lseek.o)
                0x00008f3c                _lseek
 .text._exit    0x00008f4c        0x4 /home/laurie/gcc-arm/bin/../lib/gcc/arm-none-eabi/5.4.1/../../../../arm-none-eabi/lib/armv6-m/libnosys.a(_exit.o)
                0x00008f4c                _exit
 *(.rodata)
 .rodata        0x00008f50       0x16 CMakeFiles/dev_hid_my_mouse_bm.dir/home/laurie/RTES/KSDK_1.3.0/examples/frdmkl46z/demo_apps/usb/device/hid/hid_my_mouse/mouse.c.obj
 *fill*         0x00008f66        0x2 
 .rodata        0x00008f68       0xa7 CMakeFiles/dev_hid_my_mouse_bm.dir/home/laurie/RTES/KSDK_1.3.0/examples/frdmkl46z/pin_mux.c.obj
 *fill*         0x0000900f        0x1 
 .rodata        0x00009010       0xa7 CMakeFiles/dev_hid_my_mouse_bm.dir/home/laurie/RTES/KSDK_1.3.0/examples/frdmkl46z/board.c.obj
 *fill*         0x000090b7        0x1 
 .rodata        0x000090b8        0xc CMakeFiles/dev_hid_my_mouse_bm.dir/home/laurie/RTES/KSDK_1.3.0/platform/utilities/src/fsl_debug_console.c.obj
 .rodata        0x000090c4       0x60 ../../../../../../../../../usb/usb_core/device/lib/bm/armgcc/MKL46Z4/debug/libusbd_bm.a(usb_hid.c.obj)
 .rodata        0x00009124      0x4b5 ../../../../../../../../../usb/usb_core/device/lib/bm/armgcc/MKL46Z4/debug/libusbd_bm.a(usb_dev.c.obj)
 *fill*         0x000095d9        0x3 
 .rodata        0x000095dc       0x54 ../../../../../../../../../usb/usb_core/device/lib/bm/armgcc/MKL46Z4/debug/libusbd_bm.a(usb_framework.c.obj)
 .rodata        0x00009630       0x7a ../../../../../../../../../lib/ksdk_platform_lib/armgcc/KL46Z4/debug/libksdk_platform.a(fsl_os_abstraction_bm.c.obj)
 *fill*         0x000096aa        0x2 
 .rodata        0x000096ac       0xce ../../../../../../../../../lib/ksdk_platform_lib/armgcc/KL46Z4/debug/libksdk_platform.a(fsl_clock_manager.c.obj)
 *fill*         0x0000977a        0x2 
 .rodata        0x0000977c      0x230 ../../../../../../../../../lib/ksdk_platform_lib/armgcc/KL46Z4/debug/libksdk_platform.a(fsl_clock_MKL46Z4.c.obj)
 .rodata        0x000099ac       0xab ../../../../../../../../../lib/ksdk_platform_lib/armgcc/KL46Z4/debug/libksdk_platform.a(fsl_interrupt_manager.c.obj)
 *(.rodata*)
 *fill*         0x00009a57        0x1 
 .rodata.USB_App_Class_Callback
                0x00009a58       0x30 CMakeFiles/dev_hid_my_mouse_bm.dir/home/laurie/RTES/KSDK_1.3.0/examples/frdmkl46z/demo_apps/usb/device/hid/hid_my_mouse/mouse.c.obj
 .rodata.__func__.5119
                0x00009a88       0x14 CMakeFiles/dev_hid_my_mouse_bm.dir/home/laurie/RTES/KSDK_1.3.0/examples/frdmkl46z/pin_mux.c.obj
 .rodata.g_defaultClockConfigRun
                0x00009a9c       0x14 CMakeFiles/dev_hid_my_mouse_bm.dir/home/laurie/RTES/KSDK_1.3.0/examples/frdmkl46z/board.c.obj
                0x00009a9c                g_defaultClockConfigRun
 .rodata.__func__.5143
                0x00009ab0       0x14 CMakeFiles/dev_hid_my_mouse_bm.dir/home/laurie/RTES/KSDK_1.3.0/examples/frdmkl46z/board.c.obj
 .rodata._doprint
                0x00009ac4       0xc8 CMakeFiles/dev_hid_my_mouse_bm.dir/home/laurie/RTES/KSDK_1.3.0/platform/utilities/src/print_scan.c.obj
 .rodata._usb_khci_dev_function_table
                0x00009b8c       0x50 ../../../../../../../../../usb/usb_core/device/lib/bm/armgcc/MKL46Z4/debug/libusbd_bm.a(device_khci_interface.c.obj)
                0x00009b8c                _usb_khci_dev_function_table
 .rodata.usb_dci_khci_set_status
                0x00009bdc       0x1c ../../../../../../../../../usb/usb_core/device/lib/bm/armgcc/MKL46Z4/debug/libusbd_bm.a(khci_dev.c.obj)
 .rodata.usb_dci_khci_get_status
                0x00009bf8       0x24 ../../../../../../../../../usb/usb_core/device/lib/bm/armgcc/MKL46Z4/debug/libusbd_bm.a(khci_dev.c.obj)
 .rodata.__func__.6649
                0x00009c1c       0x10 ../../../../../../../../../lib/ksdk_platform_lib/armgcc/KL46Z4/debug/libksdk_platform.a(fsl_os_abstraction_bm.c.obj)
 .rodata.__func__.6655
                0x00009c2c        0xe ../../../../../../../../../lib/ksdk_platform_lib/armgcc/KL46Z4/debug/libksdk_platform.a(fsl_os_abstraction_bm.c.obj)
 *fill*         0x00009c3a        0x2 
 .rodata.__func__.6659
                0x00009c3c       0x10 ../../../../../../../../../lib/ksdk_platform_lib/armgcc/KL46Z4/debug/libksdk_platform.a(fsl_os_abstraction_bm.c.obj)
 .rodata.__func__.6663
                0x00009c4c       0x11 ../../../../../../../../../lib/ksdk_platform_lib/armgcc/KL46Z4/debug/libksdk_platform.a(fsl_os_abstraction_bm.c.obj)
 *fill*         0x00009c5d        0x3 
 .rodata.__func__.6789
                0x00009c60       0x12 ../../../../../../../../../lib/ksdk_platform_lib/armgcc/KL46Z4/debug/libksdk_platform.a(fsl_clock_manager.c.obj)
 *fill*         0x00009c72        0x2 
 .rodata.g_oscBase
                0x00009c74        0x4 ../../../../../../../../../lib/ksdk_platform_lib/armgcc/KL46Z4/debug/libksdk_platform.a(fsl_clock_manager_common.c.obj)
                0x00009c74                g_oscBase
 .rodata.portGateTable
                0x00009c78        0x5 ../../../../../../../../../lib/ksdk_platform_lib/armgcc/KL46Z4/debug/libksdk_platform.a(fsl_clock_MKL46Z4.c.obj)
 *fill*         0x00009c7d        0x3 
 .rodata.uartGateTable
                0x00009c80        0x3 ../../../../../../../../../lib/ksdk_platform_lib/armgcc/KL46Z4/debug/libksdk_platform.a(fsl_clock_MKL46Z4.c.obj)
 *fill*         0x00009c83        0x1 
 .rodata.__func__.6488
                0x00009c84       0x1a ../../../../../../../../../lib/ksdk_platform_lib/armgcc/KL46Z4/debug/libksdk_platform.a(fsl_clock_MKL46Z4.c.obj)
 *fill*         0x00009c9e        0x2 
 .rodata.__func__.6561
                0x00009ca0       0x1b ../../../../../../../../../lib/ksdk_platform_lib/armgcc/KL46Z4/debug/libksdk_platform.a(fsl_clock_MKL46Z4.c.obj)
 *fill*         0x00009cbb        0x1 
 .rodata.__func__.6566
                0x00009cbc       0x1a ../../../../../../../../../lib/ksdk_platform_lib/armgcc/KL46Z4/debug/libksdk_platform.a(fsl_clock_MKL46Z4.c.obj)
 *fill*         0x00009cd6        0x2 
 .rodata.__func__.5087
                0x00009cd8       0x17 ../../../../../../../../../lib/ksdk_platform_lib/armgcc/KL46Z4/debug/libksdk_platform.a(fsl_interrupt_manager.c.obj)
 *fill*         0x00009cef        0x1 
 .rodata.fllFactorTable.5344
                0x00009cf0       0x10 ../../../../../../../../../lib/ksdk_platform_lib/armgcc/KL46Z4/debug/libksdk_platform.a(fsl_mcg_hal.c.obj)
 .rodata.str1.1
                0x00009d00       0x3c /home/laurie/gcc-arm/bin/../lib/gcc/arm-none-eabi/5.4.1/../../../../arm-none-eabi/lib/armv6-m/libc_nano.a(lib_a-assert.o)
                                 0x3d (size before relaxing)
 .rodata._global_impure_ptr
                0x00009d3c        0x4 /home/laurie/gcc-arm/bin/../lib/gcc/arm-none-eabi/5.4.1/../../../../arm-none-eabi/lib/armv6-m/libc_nano.a(lib_a-impure.o)
                0x00009d3c                _global_impure_ptr
 .rodata.str1.1
                0x00009d40       0x11 /home/laurie/gcc-arm/bin/../lib/gcc/arm-none-eabi/5.4.1/../../../../arm-none-eabi/lib/armv6-m/libc_nano.a(lib_a-nano-vfprintf.o)
 .rodata.str1.1
                0x00009d51       0x22 /home/laurie/gcc-arm/bin/../lib/gcc/arm-none-eabi/5.4.1/../../../../arm-none-eabi/lib/armv6-m/libc_nano.a(lib_a-nano-vfprintf_i.o)
 *fill*         0x00009d73        0x1 
 .rodata.__sf_fake_stdin
                0x00009d74       0x20 /home/laurie/gcc-arm/bin/../lib/gcc/arm-none-eabi/5.4.1/../../../../arm-none-eabi/lib/armv6-m/libc_nano.a(lib_a-findfp.o)
                0x00009d74                __sf_fake_stdin
 .rodata.__sf_fake_stdout
                0x00009d94       0x20 /home/laurie/gcc-arm/bin/../lib/gcc/arm-none-eabi/5.4.1/../../../../arm-none-eabi/lib/armv6-m/libc_nano.a(lib_a-findfp.o)
                0x00009d94                __sf_fake_stdout
 .rodata.__sf_fake_stderr
                0x00009db4       0x20 /home/laurie/gcc-arm/bin/../lib/gcc/arm-none-eabi/5.4.1/../../../../arm-none-eabi/lib/armv6-m/libc_nano.a(lib_a-findfp.o)
                0x00009db4                __sf_fake_stderr
 *(.glue_7)
 .glue_7        0x00009dd4        0x0 linker stubs
 *(.glue_7t)
 .glue_7t       0x00009dd4        0x0 linker stubs
 *(.eh_frame)
 .eh_frame      0x00009dd4        0x0 /home/laurie/gcc-arm/bin/../lib/gcc/arm-none-eabi/5.4.1/armv6-m/crtbegin.o
 *(.init)
 .init          0x00009dd4        0x4 /home/laurie/gcc-arm/bin/../lib/gcc/arm-none-eabi/5.4.1/armv6-m/crti.o
                0x00009dd4                _init
 .init          0x00009dd8        0x8 /home/laurie/gcc-arm/bin/../lib/gcc/arm-none-eabi/5.4.1/armv6-m/crtn.o
 *(.fini)
 .fini          0x00009de0        0x4 /home/laurie/gcc-arm/bin/../lib/gcc/arm-none-eabi/5.4.1/armv6-m/crti.o
                0x00009de0                _fini
 .fini          0x00009de4        0x8 /home/laurie/gcc-arm/bin/../lib/gcc/arm-none-eabi/5.4.1/armv6-m/crtn.o
                0x00009dec                . = ALIGN (0x4)

.vfp11_veneer   0x00009dec        0x0
 .vfp11_veneer  0x00009dec        0x0 linker stubs

.v4_bx          0x00009dec        0x0
 .v4_bx         0x00009dec        0x0 linker stubs

.iplt           0x00009dec        0x0
 .iplt          0x00009dec        0x0 /home/laurie/gcc-arm/bin/../lib/gcc/arm-none-eabi/5.4.1/armv6-m/crtbegin.o

.ARM.extab
 *(.ARM.extab* .gnu.linkonce.armextab.*)

.ARM            0x00009dec        0x8
                0x00009dec                __exidx_start = .
 *(.ARM.exidx*)
 .ARM.exidx     0x00009dec        0x8 /home/laurie/gcc-arm/bin/../lib/gcc/arm-none-eabi/5.4.1/../../../../arm-none-eabi/lib/armv6-m/crt0.o
                0x00009df4                __exidx_end = .

.rel.dyn        0x00009df4        0x0
 .rel.iplt      0x00009df4        0x0 /home/laurie/gcc-arm/bin/../lib/gcc/arm-none-eabi/5.4.1/armv6-m/crtbegin.o

.ctors          0x00009df4        0x0
                0x00009df4                __CTOR_LIST__ = .
 *crtbegin.o(.ctors)
 *crtbegin?.o(.ctors)
 *(EXCLUDE_FILE(*crtend.o *crtend?.o) .ctors)
 *(SORT(.ctors.*))
 *(.ctors)
                0x00009df4                __CTOR_END__ = .

.dtors          0x00009df4        0x0
                0x00009df4                __DTOR_LIST__ = .
 *crtbegin.o(.dtors)
 *crtbegin?.o(.dtors)
 *(EXCLUDE_FILE(*crtend.o *crtend?.o) .dtors)
 *(SORT(.dtors.*))
 *(.dtors)
                0x00009df4                __DTOR_END__ = .

.preinit_array  0x00009df4        0x0
                0x00009df4                PROVIDE (__preinit_array_start, .)
 *(.preinit_array*)
                0x00009df4                PROVIDE (__preinit_array_end, .)

.init_array     0x00009df4        0x4
                0x00009df4                PROVIDE (__init_array_start, .)
 *(SORT(.init_array.*))
 *(.init_array*)
 .init_array    0x00009df4        0x4 /home/laurie/gcc-arm/bin/../lib/gcc/arm-none-eabi/5.4.1/armv6-m/crtbegin.o
                0x00009df8                PROVIDE (__init_array_end, .)

.fini_array     0x00009df8        0x4
                [!provide]                PROVIDE (__fini_array_start, .)
 *(SORT(.fini_array.*))
 *(.fini_array*)
 .fini_array    0x00009df8        0x4 /home/laurie/gcc-arm/bin/../lib/gcc/arm-none-eabi/5.4.1/armv6-m/crtbegin.o
                [!provide]                PROVIDE (__fini_array_end, .)
                0x00009dfc                __etext = .
                0x00009dfc                __DATA_ROM = .

.mtb            0x1fffe000        0x0
                0x1fffe000                . = ALIGN (0x8)
                0x1fffe000                _mtb_start = .
 *(.mtb_buf)
                0x1fffe000                . = ALIGN (0x8)
                0x1fffe000                _mtb_end = .

.interrupts_ram
                0x1fffe000      0x100
                0x1fffe000                . = ALIGN (0x4)
                0x1fffe000                __VECTOR_RAM__ = .
                0x1fffe000                __interrupts_ram_start__ = .
 *(.m_interrupts_ram)
                0x1fffe100                . = (. + M_VECTOR_RAM_SIZE)
 *fill*         0x1fffe000      0x100 
                0x1fffe100                . = ALIGN (0x4)
                0x1fffe100                __interrupts_ram_end__ = .
                0x00000000                __VECTOR_RAM = DEFINED (__ram_vector_table__)?__VECTOR_RAM__:ORIGIN (m_interrupts)
                0x00000000                __RAM_VECTOR_TABLE_SIZE_BYTES = DEFINED (__ram_vector_table__)?(__interrupts_ram_end__ - __interrupts_ram_start__):0x0

.data           0x1fffe100      0x250 load address 0x00009dfc
                0x1fffe100                . = ALIGN (0x4)
                0x1fffe100                __DATA_RAM = .
                0x1fffe100                __data_start__ = .
 *(.data)
 *(.data*)
 .data.g_ep     0x1fffe100        0x8 CMakeFiles/dev_hid_my_mouse_bm.dir/home/laurie/RTES/KSDK_1.3.0/examples/frdmkl46z/demo_apps/usb/device/hid/hid_my_mouse/usb_descriptor.c.obj
                0x1fffe100                g_ep
 .data.g_usb_desc_ep
                0x1fffe108        0x8 CMakeFiles/dev_hid_my_mouse_bm.dir/home/laurie/RTES/KSDK_1.3.0/examples/frdmkl46z/demo_apps/usb/device/hid/hid_my_mouse/usb_descriptor.c.obj
                0x1fffe108                g_usb_desc_ep
 .data.g_usb_dec_class
                0x1fffe110        0xc CMakeFiles/dev_hid_my_mouse_bm.dir/home/laurie/RTES/KSDK_1.3.0/examples/frdmkl46z/demo_apps/usb/device/hid/hid_my_mouse/usb_descriptor.c.obj
                0x1fffe110                g_usb_dec_class
 .data.g_device_descriptor
                0x1fffe11c       0x12 CMakeFiles/dev_hid_my_mouse_bm.dir/home/laurie/RTES/KSDK_1.3.0/examples/frdmkl46z/demo_apps/usb/device/hid/hid_my_mouse/usb_descriptor.c.obj
                0x1fffe11c                g_device_descriptor
 *fill*         0x1fffe12e        0x2 
 .data.g_config_descriptor
                0x1fffe130       0x22 CMakeFiles/dev_hid_my_mouse_bm.dir/home/laurie/RTES/KSDK_1.3.0/examples/frdmkl46z/demo_apps/usb/device/hid/hid_my_mouse/usb_descriptor.c.obj
                0x1fffe130                g_config_descriptor
 *fill*         0x1fffe152        0x2 
 .data.g_report_descriptor
                0x1fffe154       0x34 CMakeFiles/dev_hid_my_mouse_bm.dir/home/laurie/RTES/KSDK_1.3.0/examples/frdmkl46z/demo_apps/usb/device/hid/hid_my_mouse/usb_descriptor.c.obj
                0x1fffe154                g_report_descriptor
 .data.g_usb_str_0
                0x1fffe188        0x4 CMakeFiles/dev_hid_my_mouse_bm.dir/home/laurie/RTES/KSDK_1.3.0/examples/frdmkl46z/demo_apps/usb/device/hid/hid_my_mouse/usb_descriptor.c.obj
                0x1fffe188                g_usb_str_0
 .data.g_usb_str_1
                0x1fffe18c       0x3a CMakeFiles/dev_hid_my_mouse_bm.dir/home/laurie/RTES/KSDK_1.3.0/examples/frdmkl46z/demo_apps/usb/device/hid/hid_my_mouse/usb_descriptor.c.obj
                0x1fffe18c                g_usb_str_1
 *fill*         0x1fffe1c6        0x2 
 .data.g_usb_str_2
                0x1fffe1c8       0x24 CMakeFiles/dev_hid_my_mouse_bm.dir/home/laurie/RTES/KSDK_1.3.0/examples/frdmkl46z/demo_apps/usb/device/hid/hid_my_mouse/usb_descriptor.c.obj
                0x1fffe1c8                g_usb_str_2
 .data.g_usb_str_n
                0x1fffe1ec       0x22 CMakeFiles/dev_hid_my_mouse_bm.dir/home/laurie/RTES/KSDK_1.3.0/examples/frdmkl46z/demo_apps/usb/device/hid/hid_my_mouse/usb_descriptor.c.obj
                0x1fffe1ec                g_usb_str_n
 *fill*         0x1fffe20e        0x2 
 .data.g_std_desc_size
                0x1fffe210        0x9 CMakeFiles/dev_hid_my_mouse_bm.dir/home/laurie/RTES/KSDK_1.3.0/examples/frdmkl46z/demo_apps/usb/device/hid/hid_my_mouse/usb_descriptor.c.obj
                0x1fffe210                g_std_desc_size
 *fill*         0x1fffe219        0x3 
 .data.g_std_descriptors
                0x1fffe21c       0x24 CMakeFiles/dev_hid_my_mouse_bm.dir/home/laurie/RTES/KSDK_1.3.0/examples/frdmkl46z/demo_apps/usb/device/hid/hid_my_mouse/usb_descriptor.c.obj
                0x1fffe21c                g_std_descriptors
 .data.g_string_desc_size
                0x1fffe240        0x4 CMakeFiles/dev_hid_my_mouse_bm.dir/home/laurie/RTES/KSDK_1.3.0/examples/frdmkl46z/demo_apps/usb/device/hid/hid_my_mouse/usb_descriptor.c.obj
                0x1fffe240                g_string_desc_size
 .data.g_string_descriptors
                0x1fffe244       0x10 CMakeFiles/dev_hid_my_mouse_bm.dir/home/laurie/RTES/KSDK_1.3.0/examples/frdmkl46z/demo_apps/usb/device/hid/hid_my_mouse/usb_descriptor.c.obj
                0x1fffe244                g_string_descriptors
 .data.g_usb_lang
                0x1fffe254        0xc CMakeFiles/dev_hid_my_mouse_bm.dir/home/laurie/RTES/KSDK_1.3.0/examples/frdmkl46z/demo_apps/usb/device/hid/hid_my_mouse/usb_descriptor.c.obj
                0x1fffe254                g_usb_lang
 .data.g_languages
                0x1fffe260        0xc CMakeFiles/dev_hid_my_mouse_bm.dir/home/laurie/RTES/KSDK_1.3.0/examples/frdmkl46z/demo_apps/usb/device/hid/hid_my_mouse/usb_descriptor.c.obj
                0x1fffe260                g_languages
 .data.g_desc_callback
                0x1fffe26c       0x14 CMakeFiles/dev_hid_my_mouse_bm.dir/home/laurie/RTES/KSDK_1.3.0/examples/frdmkl46z/demo_apps/usb/device/hid/hid_my_mouse/usb_descriptor.c.obj
                0x1fffe26c                g_desc_callback
 .data.SystemCoreClock
                0x1fffe280        0x4 CMakeFiles/dev_hid_my_mouse_bm.dir/home/laurie/RTES/KSDK_1.3.0/platform/devices/MKL46Z4/startup/system_MKL46Z4.c.obj
                0x1fffe280                SystemCoreClock
 .data.g_validate_request
                0x1fffe284       0x27 ../../../../../../../../../usb/usb_core/device/lib/bm/armgcc/MKL46Z4/debug/libusbd_bm.a(usb_framework.c.obj)
 *fill*         0x1fffe2ab        0x1 
 .data.g_standard_request
                0x1fffe2ac       0x34 ../../../../../../../../../usb/usb_core/device/lib/bm/armgcc/MKL46Z4/debug/libusbd_bm.a(usb_framework.c.obj)
 .data.g_fastInternalRefClkFreq